******************************************************************************
                  TI ARM Linker PC v16.9.1                     
******************************************************************************
>> Linked Thu Oct 05 01:01:45 2017

OUTPUT FILE NAME:   <TM4C123G LaunchPad PWM using GP Timer.out>
ENTRY POINT SYMBOL: "_c_int00"  address: 00000acd


MEMORY CONFIGURATION

         name            origin    length      used     unused   attr    fill
----------------------  --------  ---------  --------  --------  ----  --------
  FLASH                 00000000   00040000  00000e38  0003f1c8  R  X
  SRAM                  20000000   00008000  0000022c  00007dd4  RW X


SEGMENT ALLOCATION MAP

run origin  load origin   length   init length attrs members
----------  ----------- ---------- ----------- ----- -------
00000000    00000000    00000e38   00000e38    r-x
  00000000    00000000    0000026c   0000026c    r-- .intvecs
  0000026c    0000026c    00000ab8   00000ab8    r-x .text
  00000d24    00000d24    000000dc   000000dc    r-- .const
  00000e00    00000e00    00000038   00000038    r-- .cinit
20000000    20000000    0000022c   00000000    rw-
  20000000    20000000    00000200   00000000    rw- .stack
  20000200    20000200    0000001c   00000000    rw- .data
  2000021c    2000021c    00000010   00000000    rw- .bss


SECTION ALLOCATION MAP

 output                                  attributes/
section   page    origin      length       input sections
--------  ----  ----------  ----------   ----------------
.intvecs   0    00000000    0000026c     
                  00000000    0000026c     tm4c123gh6pm_startup_ccs.obj (.intvecs)

.text      0    0000026c    00000ab8     
                  0000026c    00000218     main.obj (.text)
                  00000484    00000132     driverlib.lib : gpio.obj (.text:GPIOPadConfigSet)
                  000005b6    00000002     rtsv7M4_T_le_v4SPD16_eabi.lib : mpu_init.obj (.text)
                  000005b8    00000110     driverlib.lib : sysctl.obj (.text:SysCtlClockGet)
                  000006c8    000000f4                   : sysctl.obj (.text:SysCtlClockSet)
                  000007bc    0000009c     rtsv7M4_T_le_v4SPD16_eabi.lib : memcpy_t2.obj (.text)
                  00000858    0000007a                                   : memset_t2.obj (.text)
                  000008d2    00000002                                   : startup.obj (.text)
                  000008d4    00000070                                   : autoinit.obj (.text)
                  00000944    00000068     driverlib.lib : interrupt.obj (.text:IntEnable)
                  000009ac    00000068     rtsv7M4_T_le_v4SPD16_eabi.lib : copy_decompress_lzss.obj (.text:decompress:lzss)
                  00000a14    00000060     driverlib.lib : timer.obj (.text:TimerConfigure)
                  00000a74    00000056                   : gpio.obj (.text:GPIOIntTypeSet)
                  00000aca    00000002     --HOLE-- [fill = 0]
                  00000acc    00000054     rtsv7M4_T_le_v4SPD16_eabi.lib : boot.obj (.text)
                  00000b20    00000054                                   : exit.obj (.text)
                  00000b74    0000004c                                   : cpy_tbl.obj (.text)
                  00000bc0    00000034     driverlib.lib : sysctl.obj (.text:SysCtlPeripheralEnable)
                  00000bf4    0000002a                   : gpio.obj (.text:GPIODirModeSet)
                  00000c1e    00000018                   : gpio.obj (.text:GPIOPinTypeGPIOOutput)
                  00000c36    00000002     --HOLE-- [fill = 0]
                  00000c38    00000018                   : timer.obj (.text:TimerDisable)
                  00000c50    00000018     rtsv7M4_T_le_v4SPD16_eabi.lib : args_main.obj (.text)
                  00000c68    00000014                                   : _lock.obj (.text)
                  00000c7c    00000012     driverlib.lib : gpio.obj (.text:GPIOPinTypeGPIOInput)
                  00000c8e    00000012                   : timer.obj (.text:TimerLoadSet)
                  00000ca0    00000010                   : interrupt.obj (.text:IntMasterEnable)
                  00000cb0    0000000e                   : timer.obj (.text:TimerEnable)
                  00000cbe    0000000e     rtsv7M4_T_le_v4SPD16_eabi.lib : copy_decompress_none.obj (.text:decompress:none)
                  00000ccc    0000000c     driverlib.lib : cpu.obj (.text:CPUcpsie)
                  00000cd8    0000000c                   : gpio.obj (.text:GPIOIntEnable)
                  00000ce4    0000000c     rtsv7M4_T_le_v4SPD16_eabi.lib : copy_zero_init.obj (.text:decompress:ZI)
                  00000cf0    0000000c     tm4c123gh6pm_startup_ccs.obj (.text)
                  00000cfc    00000008     driverlib.lib : timer.obj (.text:TimerIntEnable)
                  00000d04    00000006                   : gpio.obj (.text:GPIOIntClear)
                  00000d0a    00000006                   : gpio.obj (.text:GPIOPinRead)
                  00000d10    00000006                   : gpio.obj (.text:GPIOPinWrite)
                  00000d16    00000006                   : sysctl.obj (.text:SysCtlDelay)
                  00000d1c    00000004                   : timer.obj (.text:TimerIntClear)
                  00000d20    00000004     rtsv7M4_T_le_v4SPD16_eabi.lib : pre_init.obj (.text)

.const     0    00000d24    000000dc     
                  00000d24    00000070     driverlib.lib : interrupt.obj (.const)
                  00000d94    0000006c                   : sysctl.obj (.const:g_pui32Xtals)

.cinit     0    00000e00    00000038     
                  00000e00    00000012     (.cinit..data.load) [load image, compression = lzss]
                  00000e12    00000002     --HOLE-- [fill = 0]
                  00000e14    0000000c     (__TI_handler_table)
                  00000e20    00000008     (.cinit..bss.load) [load image, compression = zero_init]
                  00000e28    00000010     (__TI_cinit_table)

.init_array 
*          0    00000000    00000000     UNINITIALIZED

.stack     0    20000000    00000200     UNINITIALIZED
                  20000000    00000200     --HOLE--

.data      0    20000200    0000001c     UNINITIALIZED
                  20000200    0000000c     rtsv7M4_T_le_v4SPD16_eabi.lib : exit.obj (.data:$O1$$)
                  2000020c    00000008                                   : _lock.obj (.data:$O1$$)
                  20000214    00000004     main.obj (.data)
                  20000218    00000004     rtsv7M4_T_le_v4SPD16_eabi.lib : stkdepth_vars.obj (.data)

.bss       0    2000021c    00000010     UNINITIALIZED
                  2000021c    00000004     (.common:ui32OffPeriod)
                  20000220    00000004     (.common:ui32OnPeriod)
                  20000224    00000004     (.common:ui32Period)
                  20000228    00000004     (.common:ui32PinStatus)

MODULE SUMMARY

       Module                         code   ro data   rw data
       ------                         ----   -------   -------
    .\
       tm4c123gh6pm_startup_ccs.obj   12     620       0      
       main.obj                       536    0         20     
    +--+------------------------------+------+---------+---------+
       Total:                         548    620       20     
                                                              
    C:/ti/TivaWare_C_Series-2.1.4.178/driverlib/ccs/Debug/driverlib.lib
       sysctl.obj                     574    108       0      
       gpio.obj                       506    0         0      
       interrupt.obj                  120    112       0      
       timer.obj                      164    0         0      
       cpu.obj                        12     0         0      
    +--+------------------------------+------+---------+---------+
       Total:                         1376   220       0      
                                                              
    C:\ti\ccsv7\tools\compiler\ti-cgt-arm_16.9.1.LTS\lib\rtsv7M4_T_le_v4SPD16_eabi.lib
       memcpy_t2.obj                  156    0         0      
       memset_t2.obj                  122    0         0      
       autoinit.obj                   112    0         0      
       copy_decompress_lzss.obj       104    0         0      
       exit.obj                       84     0         12     
       boot.obj                       84     0         0      
       cpy_tbl.obj                    76     0         0      
       _lock.obj                      20     0         8      
       args_main.obj                  24     0         0      
       copy_decompress_none.obj       14     0         0      
       copy_zero_init.obj             12     0         0      
       pre_init.obj                   4      0         0      
       stkdepth_vars.obj              0      0         4      
       mpu_init.obj                   2      0         0      
       startup.obj                    2      0         0      
    +--+------------------------------+------+---------+---------+
       Total:                         816    0         24     
                                                              
       Stack:                         0      0         512    
       Linker Generated:              0      54        0      
    +--+------------------------------+------+---------+---------+
       Grand Total:                   2740   894       556    


LINKER GENERATED COPY TABLES

__TI_cinit_table @ 00000e28 records: 2, size/record: 8, table size: 16
	.data: load addr=00000e00, load size=00000012 bytes, run addr=20000200, run size=0000001c bytes, compression=lzss
	.bss: load addr=00000e20, load size=00000008 bytes, run addr=2000021c, run size=00000010 bytes, compression=zero_init


LINKER GENERATED HANDLER TABLE

__TI_handler_table @ 00000e14 records: 3, size/record: 4, table size: 12
	index: 0, handler: __TI_decompress_lzss
	index: 1, handler: __TI_decompress_none
	index: 2, handler: __TI_zero_init


GLOBAL SYMBOLS: SORTED ALPHABETICALLY BY Name 

address   name                           
-------   ----                           
00000b21  C$$EXIT                        
00000ccd  CPUcpsie                       
00000bf5  GPIODirModeSet                 
00000d05  GPIOIntClear                   
00000cd9  GPIOIntEnable                  
00000a75  GPIOIntTypeSet                 
00000485  GPIOPadConfigSet               
00000d0b  GPIOPinRead                    
00000c7d  GPIOPinTypeGPIOInput           
00000c1f  GPIOPinTypeGPIOOutput          
00000d11  GPIOPinWrite                   
00000945  IntEnable                      
00000ca1  IntMasterEnable                
0000039b  PortFIntHandler                
00000cf1  ResetISR                       
UNDEFED   SHT$$INIT_ARRAY$$Base          
UNDEFED   SHT$$INIT_ARRAY$$Limit         
000005b9  SysCtlClockGet                 
000006c9  SysCtlClockSet                 
00000d17  SysCtlDelay                    
00000bc1  SysCtlPeripheralEnable         
00000359  Timer0IntHandler               
00000a15  TimerConfigure                 
00000c39  TimerDisable                   
00000cb1  TimerEnable                    
00000d1d  TimerIntClear                  
00000cfd  TimerIntEnable                 
00000c8f  TimerLoadSet                   
20000200  __STACK_END                    
00000200  __STACK_SIZE                   
20000200  __STACK_TOP                    
00000e28  __TI_CINIT_Base                
00000e38  __TI_CINIT_Limit               
00000e14  __TI_Handler_Table_Base        
00000e20  __TI_Handler_Table_Limit       
000008d5  __TI_auto_init                 
20000200  __TI_cleanup_ptr               
000009ad  __TI_decompress_lzss           
00000cbf  __TI_decompress_none           
20000204  __TI_dtors_ptr                 
20000208  __TI_enable_exit_profile_output
ffffffff  __TI_pprof_out_hndl            
ffffffff  __TI_prof_data_size            
ffffffff  __TI_prof_data_start           
00000000  __TI_static_base__             
00000ce5  __TI_zero_init                 
00000859  __aeabi_memclr                 
00000859  __aeabi_memclr4                
00000859  __aeabi_memclr8                
000007bd  __aeabi_memcpy                 
000007bd  __aeabi_memcpy4                
000007bd  __aeabi_memcpy8                
0000085b  __aeabi_memset                 
0000085b  __aeabi_memset4                
0000085b  __aeabi_memset8                
ffffffff  __binit__                      
ffffffff  __c_args__                     
000005b7  __mpu_init                     
20000000  __stack                        
00000c51  _args_main                     
00000acd  _c_int00                       
2000020c  _lock                          
00000c77  _nop                           
00000c6f  _register_lock                 
00000c69  _register_unlock               
000008d3  _system_post_cinit             
00000d21  _system_pre_init               
20000210  _unlock                        
00000b25  abort                          
ffffffff  binit                          
00000b75  copy_in                        
00000b2d  exit                           
00000000  g_pfnVectors                   
0000026d  main                           
20000218  main_func_sp                   
000007bd  memcpy                         
00000861  memset                         
20000216  ui16DutyCycle                  
20000214  ui16IntFrequency               
2000021c  ui32OffPeriod                  
20000220  ui32OnPeriod                   
20000224  ui32Period                     
20000228  ui32PinStatus                  


GLOBAL SYMBOLS: SORTED BY Symbol Address 

address   name                           
-------   ----                           
00000000  __TI_static_base__             
00000000  g_pfnVectors                   
00000200  __STACK_SIZE                   
0000026d  main                           
00000359  Timer0IntHandler               
0000039b  PortFIntHandler                
00000485  GPIOPadConfigSet               
000005b7  __mpu_init                     
000005b9  SysCtlClockGet                 
000006c9  SysCtlClockSet                 
000007bd  __aeabi_memcpy                 
000007bd  __aeabi_memcpy4                
000007bd  __aeabi_memcpy8                
000007bd  memcpy                         
00000859  __aeabi_memclr                 
00000859  __aeabi_memclr4                
00000859  __aeabi_memclr8                
0000085b  __aeabi_memset                 
0000085b  __aeabi_memset4                
0000085b  __aeabi_memset8                
00000861  memset                         
000008d3  _system_post_cinit             
000008d5  __TI_auto_init                 
00000945  IntEnable                      
000009ad  __TI_decompress_lzss           
00000a15  TimerConfigure                 
00000a75  GPIOIntTypeSet                 
00000acd  _c_int00                       
00000b21  C$$EXIT                        
00000b25  abort                          
00000b2d  exit                           
00000b75  copy_in                        
00000bc1  SysCtlPeripheralEnable         
00000bf5  GPIODirModeSet                 
00000c1f  GPIOPinTypeGPIOOutput          
00000c39  TimerDisable                   
00000c51  _args_main                     
00000c69  _register_unlock               
00000c6f  _register_lock                 
00000c77  _nop                           
00000c7d  GPIOPinTypeGPIOInput           
00000c8f  TimerLoadSet                   
00000ca1  IntMasterEnable                
00000cb1  TimerEnable                    
00000cbf  __TI_decompress_none           
00000ccd  CPUcpsie                       
00000cd9  GPIOIntEnable                  
00000ce5  __TI_zero_init                 
00000cf1  ResetISR                       
00000cfd  TimerIntEnable                 
00000d05  GPIOIntClear                   
00000d0b  GPIOPinRead                    
00000d11  GPIOPinWrite                   
00000d17  SysCtlDelay                    
00000d1d  TimerIntClear                  
00000d21  _system_pre_init               
00000e14  __TI_Handler_Table_Base        
00000e20  __TI_Handler_Table_Limit       
00000e28  __TI_CINIT_Base                
00000e38  __TI_CINIT_Limit               
20000000  __stack                        
20000200  __STACK_END                    
20000200  __STACK_TOP                    
20000200  __TI_cleanup_ptr               
20000204  __TI_dtors_ptr                 
20000208  __TI_enable_exit_profile_output
2000020c  _lock                          
20000210  _unlock                        
20000214  ui16IntFrequency               
20000216  ui16DutyCycle                  
20000218  main_func_sp                   
2000021c  ui32OffPeriod                  
20000220  ui32OnPeriod                   
20000224  ui32Period                     
20000228  ui32PinStatus                  
ffffffff  __TI_pprof_out_hndl            
ffffffff  __TI_prof_data_size            
ffffffff  __TI_prof_data_start           
ffffffff  __binit__                      
ffffffff  __c_args__                     
ffffffff  binit                          
UNDEFED   SHT$$INIT_ARRAY$$Base          
UNDEFED   SHT$$INIT_ARRAY$$Limit         

[83 symbols]
