******************************************************************************
                  TI ARM Linker PC v16.9.1                     
******************************************************************************
>> Linked Mon Nov 13 01:09:37 2017

OUTPUT FILE NAME:   <TM4C123G LaunchPad Humper Robot Rev2.out>
ENTRY POINT SYMBOL: "_c_int00"  address: 00001049


MEMORY CONFIGURATION

         name            origin    length      used     unused   attr    fill
----------------------  --------  ---------  --------  --------  ----  --------
  FLASH                 00000000   00040000  000011ee  0003ee12  R  X
  SRAM                  20000000   00008000  00000238  00007dc8  RW X


SEGMENT ALLOCATION MAP

run origin  load origin   length   init length attrs members
----------  ----------- ---------- ----------- ----- -------
00000000    00000000    000011f0   000011f0    r-x
  00000000    00000000    0000026c   0000026c    r-- .intvecs
  0000026c    0000026c    00000f3a   00000f3a    r-x .text
  000011a8    000011a8    00000048   00000048    r-- .cinit
20000000    20000000    00000238   00000000    rw-
  20000000    20000000    00000200   00000000    rw- .stack
  20000200    20000200    00000034   00000000    rw- .data
  20000234    20000234    00000004   00000000    rw- .bss


SECTION ALLOCATION MAP

 output                                  attributes/
section   page    origin      length       input sections
--------  ----  ----------  ----------   ----------------
.intvecs   0    00000000    0000026c     
                  00000000    0000026c     tm4c123gh6pm_startup_ccs.obj (.intvecs)

.text      0    0000026c    00000f3a     
                  0000026c    00000500     main.obj (.text)
                  0000076c    00000434     PWM_config.obj (.text)
                  00000ba0    000000e4     ULTRASONIC_config.obj (.text)
                  00000c84    000000ac     GPIO_config.obj (.text)
                  00000d30    000000a8     UART_config.obj (.text)
                  00000dd8    0000009c     rtsv7M4_T_le_v4SPD16_eabi.lib : memcpy_t2.obj (.text)
                  00000e74    00000080     TIMER_config.obj (.text)
                  00000ef4    0000007a     rtsv7M4_T_le_v4SPD16_eabi.lib : memset_t2.obj (.text)
                  00000f6e    00000002                                   : mpu_init.obj (.text)
                  00000f70    00000070                                   : autoinit.obj (.text)
                  00000fe0    00000068                                   : copy_decompress_lzss.obj (.text:decompress:lzss)
                  00001048    00000054                                   : boot.obj (.text)
                  0000109c    00000054                                   : exit.obj (.text)
                  000010f0    0000004c                                   : cpy_tbl.obj (.text)
                  0000113c    00000018                                   : args_main.obj (.text)
                  00001154    00000014                                   : _lock.obj (.text)
                  00001168    0000000e                                   : copy_decompress_none.obj (.text:decompress:none)
                  00001176    0000000c     driverlib.lib : gpio.obj (.text:GPIOIntEnable)
                  00001182    0000000c     rtsv7M4_T_le_v4SPD16_eabi.lib : copy_zero_init.obj (.text:decompress:ZI)
                  0000118e    0000000c     tm4c123gh6pm_startup_ccs.obj (.text)
                  0000119a    00000006     driverlib.lib : gpio.obj (.text:GPIOIntClear)
                  000011a0    00000004     rtsv7M4_T_le_v4SPD16_eabi.lib : pre_init.obj (.text)
                  000011a4    00000002                                   : startup.obj (.text)

.cinit     0    000011a8    00000048     
                  000011a8    00000021     (.cinit..data.load) [load image, compression = lzss]
                  000011c9    00000003     --HOLE-- [fill = 0]
                  000011cc    0000000c     (__TI_handler_table)
                  000011d8    00000008     (.cinit..bss.load) [load image, compression = zero_init]
                  000011e0    00000010     (__TI_cinit_table)

.init_array 
*          0    00000000    00000000     UNINITIALIZED

.stack     0    20000000    00000200     UNINITIALIZED
                  20000000    00000200     --HOLE--

.data      0    20000200    00000034     UNINITIALIZED
                  20000200    0000000c     rtsv7M4_T_le_v4SPD16_eabi.lib : exit.obj (.data:$O1$$)
                  2000020c    00000008                                   : _lock.obj (.data:$O1$$)
                  20000214    00000008     main.obj (.data:ui32EchoDuration)
                  2000021c    00000004     PWM_config.obj (.data:i16Adjust_PWM0_1)
                  20000220    00000004     PWM_config.obj (.data:i16Adjust_PWM0_3)
                  20000224    00000004     PWM_config.obj (.data:i16Adjust_PWM0_5)
                  20000228    00000004     PWM_config.obj (.data:i16Adjust_PWM1_2)
                  2000022c    00000004     rtsv7M4_T_le_v4SPD16_eabi.lib : stkdepth_vars.obj (.data)
                  20000230    00000002     main.obj (.data)
                  20000232    00000002     main.obj (.data:ui8ServoStatus)

.bss       0    20000234    00000004     UNINITIALIZED
                  20000234    00000004     PWM_config.obj (.bss)

MODULE SUMMARY

       Module                         code   ro data   rw data
       ------                         ----   -------   -------
    .\
       main.obj                       1280   0         12     
       PWM_config.obj                 1076   0         20     
       tm4c123gh6pm_startup_ccs.obj   12     620       0      
       ULTRASONIC_config.obj          228    0         0      
       GPIO_config.obj                172    0         0      
       UART_config.obj                168    0         0      
       TIMER_config.obj               128    0         0      
    +--+------------------------------+------+---------+---------+
       Total:                         3064   620       32     
                                                              
    C:/ti/TivaWare_C_Series-2.1.4.178/driverlib/ccs/Debug/driverlib.lib
       gpio.obj                       18     0         0      
    +--+------------------------------+------+---------+---------+
       Total:                         18     0         0      
                                                              
    C:\ti\ccsv7\tools\compiler\ti-cgt-arm_16.9.1.LTS\lib\rtsv7M4_T_le_v4SPD16_eabi.lib
       memcpy_t2.obj                  156    0         0      
       memset_t2.obj                  122    0         0      
       autoinit.obj                   112    0         0      
       copy_decompress_lzss.obj       104    0         0      
       exit.obj                       84     0         12     
       boot.obj                       84     0         0      
       cpy_tbl.obj                    76     0         0      
       _lock.obj                      20     0         8      
       args_main.obj                  24     0         0      
       copy_decompress_none.obj       14     0         0      
       copy_zero_init.obj             12     0         0      
       pre_init.obj                   4      0         0      
       stkdepth_vars.obj              0      0         4      
       mpu_init.obj                   2      0         0      
       startup.obj                    2      0         0      
    +--+------------------------------+------+---------+---------+
       Total:                         816    0         24     
                                                              
       Stack:                         0      0         512    
       Linker Generated:              0      69        0      
    +--+------------------------------+------+---------+---------+
       Grand Total:                   3898   689       568    


LINKER GENERATED COPY TABLES

__TI_cinit_table @ 000011e0 records: 2, size/record: 8, table size: 16
	.data: load addr=000011a8, load size=00000021 bytes, run addr=20000200, run size=00000034 bytes, compression=lzss
	.bss: load addr=000011d8, load size=00000008 bytes, run addr=20000234, run size=00000004 bytes, compression=zero_init


LINKER GENERATED HANDLER TABLE

__TI_handler_table @ 000011cc records: 3, size/record: 4, table size: 12
	index: 0, handler: __TI_decompress_lzss
	index: 1, handler: __TI_decompress_none
	index: 2, handler: __TI_zero_init


GLOBAL SYMBOLS: SORTED ALPHABETICALLY BY Name 

address   name                           
-------   ----                           
00000ce9  BUTTON_enable                  
00000c85  BUTTON_init                    
0000109d  C$$EXIT                        
0000119b  GPIOIntClear                   
00001177  GPIOIntEnable                  
00000af5  PWM0_1_enable                  
00000a43  PWM0_1_init                    
00000b21  PWM0_1_update                  
00000a03  PWM0_3_enable                  
00000951  PWM0_3_init                    
00000a15  PWM0_3_update                  
0000081f  PWM0_5_enable                  
0000076d  PWM0_5_init                    
00000831  PWM0_5_update                  
00000911  PWM1_2_enable                  
0000085f  PWM1_2_init                    
00000923  PWM1_2_update                  
00000631  PortAIntHandler                
00000433  PortFIntHandler                
0000118f  ResetISR                       
UNDEFED   SHT$$INIT_ARRAY$$Base          
UNDEFED   SHT$$INIT_ARRAY$$Limit         
00000eb3  TIMER0_enable                  
00000e75  TIMER0_init                    
000002c5  Timer0IntHandler               
00000315  Timer1IntHandler               
00000347  UART0IntHandler                
00000d93  UART0_enable                   
00000d31  UART0_init                     
00000c19  ULTRASONIC_enable              
00000ba1  ULTRASONIC_init                
20000200  __STACK_END                    
00000200  __STACK_SIZE                   
20000200  __STACK_TOP                    
000011e0  __TI_CINIT_Base                
000011f0  __TI_CINIT_Limit               
000011cc  __TI_Handler_Table_Base        
000011d8  __TI_Handler_Table_Limit       
00000f71  __TI_auto_init                 
20000200  __TI_cleanup_ptr               
00000fe1  __TI_decompress_lzss           
00001169  __TI_decompress_none           
20000204  __TI_dtors_ptr                 
20000208  __TI_enable_exit_profile_output
ffffffff  __TI_pprof_out_hndl            
ffffffff  __TI_prof_data_size            
ffffffff  __TI_prof_data_start           
00000000  __TI_static_base__             
00001183  __TI_zero_init                 
00000ef5  __aeabi_memclr                 
00000ef5  __aeabi_memclr4                
00000ef5  __aeabi_memclr8                
00000dd9  __aeabi_memcpy                 
00000dd9  __aeabi_memcpy4                
00000dd9  __aeabi_memcpy8                
00000ef7  __aeabi_memset                 
00000ef7  __aeabi_memset4                
00000ef7  __aeabi_memset8                
ffffffff  __binit__                      
ffffffff  __c_args__                     
00000f6f  __mpu_init                     
20000000  __stack                        
0000113d  _args_main                     
00001049  _c_int00                       
2000020c  _lock                          
00001163  _nop                           
0000115b  _register_lock                 
00001155  _register_unlock               
000011a5  _system_post_cinit             
000011a1  _system_pre_init               
20000210  _unlock                        
000010a1  abort                          
ffffffff  binit                          
000010f1  copy_in                        
000010a9  exit                           
00000000  g_pfnVectors                   
0000026d  main                           
2000022c  main_func_sp                   
00000dd9  memcpy                         
00000efd  memset                         


GLOBAL SYMBOLS: SORTED BY Symbol Address 

address   name                           
-------   ----                           
00000000  __TI_static_base__             
00000000  g_pfnVectors                   
00000200  __STACK_SIZE                   
0000026d  main                           
000002c5  Timer0IntHandler               
00000315  Timer1IntHandler               
00000347  UART0IntHandler                
00000433  PortFIntHandler                
00000631  PortAIntHandler                
0000076d  PWM0_5_init                    
0000081f  PWM0_5_enable                  
00000831  PWM0_5_update                  
0000085f  PWM1_2_init                    
00000911  PWM1_2_enable                  
00000923  PWM1_2_update                  
00000951  PWM0_3_init                    
00000a03  PWM0_3_enable                  
00000a15  PWM0_3_update                  
00000a43  PWM0_1_init                    
00000af5  PWM0_1_enable                  
00000b21  PWM0_1_update                  
00000ba1  ULTRASONIC_init                
00000c19  ULTRASONIC_enable              
00000c85  BUTTON_init                    
00000ce9  BUTTON_enable                  
00000d31  UART0_init                     
00000d93  UART0_enable                   
00000dd9  __aeabi_memcpy                 
00000dd9  __aeabi_memcpy4                
00000dd9  __aeabi_memcpy8                
00000dd9  memcpy                         
00000e75  TIMER0_init                    
00000eb3  TIMER0_enable                  
00000ef5  __aeabi_memclr                 
00000ef5  __aeabi_memclr4                
00000ef5  __aeabi_memclr8                
00000ef7  __aeabi_memset                 
00000ef7  __aeabi_memset4                
00000ef7  __aeabi_memset8                
00000efd  memset                         
00000f6f  __mpu_init                     
00000f71  __TI_auto_init                 
00000fe1  __TI_decompress_lzss           
00001049  _c_int00                       
0000109d  C$$EXIT                        
000010a1  abort                          
000010a9  exit                           
000010f1  copy_in                        
0000113d  _args_main                     
00001155  _register_unlock               
0000115b  _register_lock                 
00001163  _nop                           
00001169  __TI_decompress_none           
00001177  GPIOIntEnable                  
00001183  __TI_zero_init                 
0000118f  ResetISR                       
0000119b  GPIOIntClear                   
000011a1  _system_pre_init               
000011a5  _system_post_cinit             
000011cc  __TI_Handler_Table_Base        
000011d8  __TI_Handler_Table_Limit       
000011e0  __TI_CINIT_Base                
000011f0  __TI_CINIT_Limit               
20000000  __stack                        
20000200  __STACK_END                    
20000200  __STACK_TOP                    
20000200  __TI_cleanup_ptr               
20000204  __TI_dtors_ptr                 
20000208  __TI_enable_exit_profile_output
2000020c  _lock                          
20000210  _unlock                        
2000022c  main_func_sp                   
ffffffff  __TI_pprof_out_hndl            
ffffffff  __TI_prof_data_size            
ffffffff  __TI_prof_data_start           
ffffffff  __binit__                      
ffffffff  __c_args__                     
ffffffff  binit                          
UNDEFED   SHT$$INIT_ARRAY$$Base          
UNDEFED   SHT$$INIT_ARRAY$$Limit         

[80 symbols]
