******************************************************************************
                  TI ARM Linker PC v16.9.1                     
******************************************************************************
>> Linked Sun Sep 17 20:42:09 2017

OUTPUT FILE NAME:   <TM4C123G LaunchPad LED Button Control.out>
ENTRY POINT SYMBOL: "_c_int00"  address: 00000691


MEMORY CONFIGURATION

         name            origin    length      used     unused   attr    fill
----------------------  --------  ---------  --------  --------  ----  --------
  FLASH                 00000000   00040000  0000088e  0003f772  R  X
  SRAM                  20000000   00008000  0000021c  00007de4  RW X


SEGMENT ALLOCATION MAP

run origin  load origin   length   init length attrs members
----------  ----------- ---------- ----------- ----- -------
00000000    00000000    00000894   00000894    r-x
  00000000    00000000    0000026c   0000026c    r-- .intvecs
  0000026c    0000026c    000005fe   000005fe    r-x .text
  00000870    00000870    00000024   00000024    r-- .cinit
20000000    20000000    0000021c   00000000    rw-
  20000000    20000000    00000200   00000000    rw- .stack
  20000200    20000200    0000001c   00000000    rw- .data


SECTION ALLOCATION MAP

 output                                  attributes/
section   page    origin      length       input sections
--------  ----  ----------  ----------   ----------------
.intvecs   0    00000000    0000026c     
                  00000000    0000026c     tm4c123gh6pm_startup_ccs.obj (.intvecs)

.text      0    0000026c    000005fe     
                  0000026c    00000132     driverlib.lib : gpio.obj (.text:GPIOPadConfigSet)
                  0000039e    00000002     rtsv7M4_T_le_v4SPD16_eabi.lib : mpu_init.obj (.text)
                  000003a0    000000f4     driverlib.lib : sysctl.obj (.text:SysCtlClockSet)
                  00000494    0000009c     rtsv7M4_T_le_v4SPD16_eabi.lib : memcpy_t2.obj (.text)
                  00000530    00000088     main.obj (.text)
                  000005b8    00000070     rtsv7M4_T_le_v4SPD16_eabi.lib : autoinit.obj (.text)
                  00000628    00000068                                   : copy_decompress_lzss.obj (.text:decompress:lzss)
                  00000690    00000054                                   : boot.obj (.text)
                  000006e4    00000054                                   : exit.obj (.text)
                  00000738    0000004c                                   : cpy_tbl.obj (.text)
                  00000784    00000034     driverlib.lib : sysctl.obj (.text:SysCtlPeripheralEnable)
                  000007b8    0000002a                   : gpio.obj (.text:GPIODirModeSet)
                  000007e2    00000018                   : gpio.obj (.text:GPIOPinTypeGPIOOutput)
                  000007fa    00000002     rtsv7M4_T_le_v4SPD16_eabi.lib : startup.obj (.text)
                  000007fc    00000018                                   : args_main.obj (.text)
                  00000814    00000014                                   : _lock.obj (.text)
                  00000828    00000012     driverlib.lib : gpio.obj (.text:GPIOPinTypeGPIOInput)
                  0000083a    0000000e     rtsv7M4_T_le_v4SPD16_eabi.lib : copy_decompress_none.obj (.text:decompress:none)
                  00000848    0000000c     tm4c123gh6pm_startup_ccs.obj (.text)
                  00000854    00000006     driverlib.lib : gpio.obj (.text:GPIOPinRead)
                  0000085a    00000006                   : gpio.obj (.text:GPIOPinWrite)
                  00000860    00000006                   : sysctl.obj (.text:SysCtlDelay)
                  00000866    00000004     rtsv7M4_T_le_v4SPD16_eabi.lib : pre_init.obj (.text)

.cinit     0    00000870    00000024     
                  00000870    00000011     (.cinit..data.load) [load image, compression = lzss]
                  00000881    00000003     --HOLE-- [fill = 0]
                  00000884    00000008     (__TI_handler_table)
                  0000088c    00000008     (__TI_cinit_table)

.init_array 
*          0    00000000    00000000     UNINITIALIZED

.stack     0    20000000    00000200     UNINITIALIZED
                  20000000    00000200     --HOLE--

.data      0    20000200    0000001c     UNINITIALIZED
                  20000200    0000000c     rtsv7M4_T_le_v4SPD16_eabi.lib : exit.obj (.data:$O1$$)
                  2000020c    00000008                                   : _lock.obj (.data:$O1$$)
                  20000214    00000004     main.obj (.data)
                  20000218    00000004     rtsv7M4_T_le_v4SPD16_eabi.lib : stkdepth_vars.obj (.data)

MODULE SUMMARY

       Module                         code   ro data   rw data
       ------                         ----   -------   -------
    .\
       tm4c123gh6pm_startup_ccs.obj   12     620       0      
       main.obj                       136    0         4      
    +--+------------------------------+------+---------+---------+
       Total:                         148    620       4      
                                                              
    C:/ti/TivaWare_C_Series-2.1.4.178/driverlib/ccs/Debug/driverlib.lib
       gpio.obj                       402    0         0      
       sysctl.obj                     302    0         0      
    +--+------------------------------+------+---------+---------+
       Total:                         704    0         0      
                                                              
    C:\ti\ccsv7\tools\compiler\ti-cgt-arm_16.9.1.LTS\lib\rtsv7M4_T_le_v4SPD16_eabi.lib
       memcpy_t2.obj                  156    0         0      
       autoinit.obj                   112    0         0      
       copy_decompress_lzss.obj       104    0         0      
       exit.obj                       84     0         12     
       boot.obj                       84     0         0      
       cpy_tbl.obj                    76     0         0      
       _lock.obj                      20     0         8      
       args_main.obj                  24     0         0      
       copy_decompress_none.obj       14     0         0      
       pre_init.obj                   4      0         0      
       stkdepth_vars.obj              0      0         4      
       mpu_init.obj                   2      0         0      
       startup.obj                    2      0         0      
    +--+------------------------------+------+---------+---------+
       Total:                         682    0         24     
                                                              
       Stack:                         0      0         512    
       Linker Generated:              0      33        0      
    +--+------------------------------+------+---------+---------+
       Grand Total:                   1534   653       540    


LINKER GENERATED COPY TABLES

__TI_cinit_table @ 0000088c records: 1, size/record: 8, table size: 8
	.data: load addr=00000870, load size=00000011 bytes, run addr=20000200, run size=0000001c bytes, compression=lzss


LINKER GENERATED HANDLER TABLE

__TI_handler_table @ 00000884 records: 2, size/record: 4, table size: 8
	index: 0, handler: __TI_decompress_lzss
	index: 1, handler: __TI_decompress_none


GLOBAL SYMBOLS: SORTED ALPHABETICALLY BY Name 

address   name                           
-------   ----                           
000006e5  C$$EXIT                        
000007b9  GPIODirModeSet                 
0000026d  GPIOPadConfigSet               
00000855  GPIOPinRead                    
00000829  GPIOPinTypeGPIOInput           
000007e3  GPIOPinTypeGPIOOutput          
0000085b  GPIOPinWrite                   
00000849  ResetISR                       
UNDEFED   SHT$$INIT_ARRAY$$Base          
UNDEFED   SHT$$INIT_ARRAY$$Limit         
000003a1  SysCtlClockSet                 
00000861  SysCtlDelay                    
00000785  SysCtlPeripheralEnable         
20000200  __STACK_END                    
00000200  __STACK_SIZE                   
20000200  __STACK_TOP                    
0000088c  __TI_CINIT_Base                
00000894  __TI_CINIT_Limit               
00000884  __TI_Handler_Table_Base        
0000088c  __TI_Handler_Table_Limit       
000005b9  __TI_auto_init                 
20000200  __TI_cleanup_ptr               
00000629  __TI_decompress_lzss           
0000083b  __TI_decompress_none           
20000204  __TI_dtors_ptr                 
20000208  __TI_enable_exit_profile_output
ffffffff  __TI_pprof_out_hndl            
ffffffff  __TI_prof_data_size            
ffffffff  __TI_prof_data_start           
00000000  __TI_static_base__             
00000495  __aeabi_memcpy                 
00000495  __aeabi_memcpy4                
00000495  __aeabi_memcpy8                
ffffffff  __binit__                      
ffffffff  __c_args__                     
0000039f  __mpu_init                     
20000000  __stack                        
000007fd  _args_main                     
00000691  _c_int00                       
2000020c  _lock                          
00000823  _nop                           
0000081b  _register_lock                 
00000815  _register_unlock               
000007fb  _system_post_cinit             
00000867  _system_pre_init               
20000210  _unlock                        
000006e9  abort                          
ffffffff  binit                          
00000739  copy_in                        
000006f1  exit                           
00000000  g_pfnVectors                   
00000531  main                           
20000218  main_func_sp                   
00000495  memcpy                         
20000214  ui32PinStatus                  


GLOBAL SYMBOLS: SORTED BY Symbol Address 

address   name                           
-------   ----                           
00000000  __TI_static_base__             
00000000  g_pfnVectors                   
00000200  __STACK_SIZE                   
0000026d  GPIOPadConfigSet               
0000039f  __mpu_init                     
000003a1  SysCtlClockSet                 
00000495  __aeabi_memcpy                 
00000495  __aeabi_memcpy4                
00000495  __aeabi_memcpy8                
00000495  memcpy                         
00000531  main                           
000005b9  __TI_auto_init                 
00000629  __TI_decompress_lzss           
00000691  _c_int00                       
000006e5  C$$EXIT                        
000006e9  abort                          
000006f1  exit                           
00000739  copy_in                        
00000785  SysCtlPeripheralEnable         
000007b9  GPIODirModeSet                 
000007e3  GPIOPinTypeGPIOOutput          
000007fb  _system_post_cinit             
000007fd  _args_main                     
00000815  _register_unlock               
0000081b  _register_lock                 
00000823  _nop                           
00000829  GPIOPinTypeGPIOInput           
0000083b  __TI_decompress_none           
00000849  ResetISR                       
00000855  GPIOPinRead                    
0000085b  GPIOPinWrite                   
00000861  SysCtlDelay                    
00000867  _system_pre_init               
00000884  __TI_Handler_Table_Base        
0000088c  __TI_CINIT_Base                
0000088c  __TI_Handler_Table_Limit       
00000894  __TI_CINIT_Limit               
20000000  __stack                        
20000200  __STACK_END                    
20000200  __STACK_TOP                    
20000200  __TI_cleanup_ptr               
20000204  __TI_dtors_ptr                 
20000208  __TI_enable_exit_profile_output
2000020c  _lock                          
20000210  _unlock                        
20000214  ui32PinStatus                  
20000218  main_func_sp                   
ffffffff  __TI_pprof_out_hndl            
ffffffff  __TI_prof_data_size            
ffffffff  __TI_prof_data_start           
ffffffff  __binit__                      
ffffffff  __c_args__                     
ffffffff  binit                          
UNDEFED   SHT$$INIT_ARRAY$$Base          
UNDEFED   SHT$$INIT_ARRAY$$Limit         

[55 symbols]
