******************************************************************************
                  TI ARM Linker PC v16.9.1                     
******************************************************************************
>> Linked Sun Nov 12 17:05:07 2017

OUTPUT FILE NAME:   <TM4C123G LaunchPad UART.out>
ENTRY POINT SYMBOL: "_c_int00"  address: 00000629


MEMORY CONFIGURATION

         name            origin    length      used     unused   attr    fill
----------------------  --------  ---------  --------  --------  ----  --------
  FLASH                 00000000   00040000  000007bc  0003f844  R  X
  SRAM                  20000000   00008000  0000021c  00007de4  RW X


SEGMENT ALLOCATION MAP

run origin  load origin   length   init length attrs members
----------  ----------- ---------- ----------- ----- -------
00000000    00000000    000007c0   000007c0    r-x
  00000000    00000000    0000026c   0000026c    r-- .intvecs
  0000026c    0000026c    00000508   00000508    r-x .text
  00000774    00000774    00000010   00000010    r-- .const
  00000788    00000788    00000038   00000038    r-- .cinit
20000000    20000000    0000021c   00000000    rw-
  20000000    20000000    00000200   00000000    rw- .stack
  20000200    20000200    00000018   00000000    rw- .data
  20000218    20000218    00000004   00000000    rw- .bss


SECTION ALLOCATION MAP

 output                                  attributes/
section   page    origin      length       input sections
--------  ----  ----------  ----------   ----------------
.intvecs   0    00000000    0000026c     
                  00000000    0000026c     tm4c123gh6pm_startup_ccs.obj (.intvecs)

.text      0    0000026c    00000508     
                  0000026c    000001cc     main.obj (.text)
                  00000438    0000009c     rtsv7M4_T_le_v4SPD16_eabi.lib : memcpy_t2.obj (.text)
                  000004d4    0000007a                                   : memset_t2.obj (.text)
                  0000054e    00000002                                   : mpu_init.obj (.text)
                  00000550    00000070                                   : autoinit.obj (.text)
                  000005c0    00000068                                   : copy_decompress_lzss.obj (.text:decompress:lzss)
                  00000628    00000054                                   : boot.obj (.text)
                  0000067c    00000054                                   : exit.obj (.text)
                  000006d0    0000004c                                   : cpy_tbl.obj (.text)
                  0000071c    00000018                                   : args_main.obj (.text)
                  00000734    00000014                                   : _lock.obj (.text)
                  00000748    0000000e                                   : copy_decompress_none.obj (.text:decompress:none)
                  00000756    0000000c                                   : copy_zero_init.obj (.text:decompress:ZI)
                  00000762    0000000c     tm4c123gh6pm_startup_ccs.obj (.text)
                  0000076e    00000004     rtsv7M4_T_le_v4SPD16_eabi.lib : pre_init.obj (.text)
                  00000772    00000002                                   : startup.obj (.text)

.const     0    00000774    00000010     
                  00000774    00000010     main.obj (.const:.string:$P$T0$1)

.cinit     0    00000788    00000038     
                  00000788    00000011     (.cinit..data.load) [load image, compression = lzss]
                  00000799    00000003     --HOLE-- [fill = 0]
                  0000079c    0000000c     (__TI_handler_table)
                  000007a8    00000008     (.cinit..bss.load) [load image, compression = zero_init]
                  000007b0    00000010     (__TI_cinit_table)

.init_array 
*          0    00000000    00000000     UNINITIALIZED

.stack     0    20000000    00000200     UNINITIALIZED
                  20000000    00000200     --HOLE--

.data      0    20000200    00000018     UNINITIALIZED
                  20000200    0000000c     rtsv7M4_T_le_v4SPD16_eabi.lib : exit.obj (.data:$O1$$)
                  2000020c    00000008                                   : _lock.obj (.data:$O1$$)
                  20000214    00000004                                   : stkdepth_vars.obj (.data)

.bss       0    20000218    00000004     UNINITIALIZED
                  20000218    00000004     (.common:ui32Period)

MODULE SUMMARY

       Module                         code   ro data   rw data
       ------                         ----   -------   -------
    .\
       tm4c123gh6pm_startup_ccs.obj   12     620       0      
       main.obj                       460    16        4      
    +--+------------------------------+------+---------+---------+
       Total:                         472    636       4      
                                                              
    C:\ti\ccsv7\tools\compiler\ti-cgt-arm_16.9.1.LTS\lib\rtsv7M4_T_le_v4SPD16_eabi.lib
       memcpy_t2.obj                  156    0         0      
       memset_t2.obj                  122    0         0      
       autoinit.obj                   112    0         0      
       copy_decompress_lzss.obj       104    0         0      
       exit.obj                       84     0         12     
       boot.obj                       84     0         0      
       cpy_tbl.obj                    76     0         0      
       _lock.obj                      20     0         8      
       args_main.obj                  24     0         0      
       copy_decompress_none.obj       14     0         0      
       copy_zero_init.obj             12     0         0      
       pre_init.obj                   4      0         0      
       stkdepth_vars.obj              0      0         4      
       mpu_init.obj                   2      0         0      
       startup.obj                    2      0         0      
    +--+------------------------------+------+---------+---------+
       Total:                         816    0         24     
                                                              
       Stack:                         0      0         512    
       Linker Generated:              0      53        0      
    +--+------------------------------+------+---------+---------+
       Grand Total:                   1288   689       540    


LINKER GENERATED COPY TABLES

__TI_cinit_table @ 000007b0 records: 2, size/record: 8, table size: 16
	.data: load addr=00000788, load size=00000011 bytes, run addr=20000200, run size=00000018 bytes, compression=lzss
	.bss: load addr=000007a8, load size=00000008 bytes, run addr=20000218, run size=00000004 bytes, compression=zero_init


LINKER GENERATED HANDLER TABLE

__TI_handler_table @ 0000079c records: 3, size/record: 4, table size: 12
	index: 0, handler: __TI_decompress_lzss
	index: 1, handler: __TI_decompress_none
	index: 2, handler: __TI_zero_init


GLOBAL SYMBOLS: SORTED ALPHABETICALLY BY Name 

address   name                           
-------   ----                           
0000067d  C$$EXIT                        
00000763  ResetISR                       
UNDEFED   SHT$$INIT_ARRAY$$Base          
UNDEFED   SHT$$INIT_ARRAY$$Limit         
000003e1  Timer0IntHandler               
0000037d  UARTIntHandler                 
20000200  __STACK_END                    
00000200  __STACK_SIZE                   
20000200  __STACK_TOP                    
000007b0  __TI_CINIT_Base                
000007c0  __TI_CINIT_Limit               
0000079c  __TI_Handler_Table_Base        
000007a8  __TI_Handler_Table_Limit       
00000551  __TI_auto_init                 
20000200  __TI_cleanup_ptr               
000005c1  __TI_decompress_lzss           
00000749  __TI_decompress_none           
20000204  __TI_dtors_ptr                 
20000208  __TI_enable_exit_profile_output
ffffffff  __TI_pprof_out_hndl            
ffffffff  __TI_prof_data_size            
ffffffff  __TI_prof_data_start           
00000000  __TI_static_base__             
00000757  __TI_zero_init                 
000004d5  __aeabi_memclr                 
000004d5  __aeabi_memclr4                
000004d5  __aeabi_memclr8                
00000439  __aeabi_memcpy                 
00000439  __aeabi_memcpy4                
00000439  __aeabi_memcpy8                
000004d7  __aeabi_memset                 
000004d7  __aeabi_memset4                
000004d7  __aeabi_memset8                
ffffffff  __binit__                      
ffffffff  __c_args__                     
0000054f  __mpu_init                     
20000000  __stack                        
0000071d  _args_main                     
00000629  _c_int00                       
2000020c  _lock                          
00000743  _nop                           
0000073b  _register_lock                 
00000735  _register_unlock               
00000773  _system_post_cinit             
0000076f  _system_pre_init               
20000210  _unlock                        
00000681  abort                          
ffffffff  binit                          
000006d1  copy_in                        
00000689  exit                           
00000000  g_pfnVectors                   
0000026d  main                           
20000214  main_func_sp                   
00000439  memcpy                         
000004dd  memset                         
20000218  ui32Period                     


GLOBAL SYMBOLS: SORTED BY Symbol Address 

address   name                           
-------   ----                           
00000000  __TI_static_base__             
00000000  g_pfnVectors                   
00000200  __STACK_SIZE                   
0000026d  main                           
0000037d  UARTIntHandler                 
000003e1  Timer0IntHandler               
00000439  __aeabi_memcpy                 
00000439  __aeabi_memcpy4                
00000439  __aeabi_memcpy8                
00000439  memcpy                         
000004d5  __aeabi_memclr                 
000004d5  __aeabi_memclr4                
000004d5  __aeabi_memclr8                
000004d7  __aeabi_memset                 
000004d7  __aeabi_memset4                
000004d7  __aeabi_memset8                
000004dd  memset                         
0000054f  __mpu_init                     
00000551  __TI_auto_init                 
000005c1  __TI_decompress_lzss           
00000629  _c_int00                       
0000067d  C$$EXIT                        
00000681  abort                          
00000689  exit                           
000006d1  copy_in                        
0000071d  _args_main                     
00000735  _register_unlock               
0000073b  _register_lock                 
00000743  _nop                           
00000749  __TI_decompress_none           
00000757  __TI_zero_init                 
00000763  ResetISR                       
0000076f  _system_pre_init               
00000773  _system_post_cinit             
0000079c  __TI_Handler_Table_Base        
000007a8  __TI_Handler_Table_Limit       
000007b0  __TI_CINIT_Base                
000007c0  __TI_CINIT_Limit               
20000000  __stack                        
20000200  __STACK_END                    
20000200  __STACK_TOP                    
20000200  __TI_cleanup_ptr               
20000204  __TI_dtors_ptr                 
20000208  __TI_enable_exit_profile_output
2000020c  _lock                          
20000210  _unlock                        
20000214  main_func_sp                   
20000218  ui32Period                     
ffffffff  __TI_pprof_out_hndl            
ffffffff  __TI_prof_data_size            
ffffffff  __TI_prof_data_start           
ffffffff  __binit__                      
ffffffff  __c_args__                     
ffffffff  binit                          
UNDEFED   SHT$$INIT_ARRAY$$Base          
UNDEFED   SHT$$INIT_ARRAY$$Limit         

[56 symbols]
