******************************************************************************
                  TI ARM Linker PC v16.9.1                     
******************************************************************************
>> Linked Wed Sep 20 00:25:36 2017

OUTPUT FILE NAME:   <TM4C123G LaunchPad UART.out>
ENTRY POINT SYMBOL: "_c_int00"  address: 00000625


MEMORY CONFIGURATION

         name            origin    length      used     unused   attr    fill
----------------------  --------  ---------  --------  --------  ----  --------
  FLASH                 00000000   00040000  000007b4  0003f84c  R  X
  SRAM                  20000000   00008000  0000021c  00007de4  RW X


SEGMENT ALLOCATION MAP

run origin  load origin   length   init length attrs members
----------  ----------- ---------- ----------- ----- -------
00000000    00000000    000007b8   000007b8    r-x
  00000000    00000000    0000026c   0000026c    r-- .intvecs
  0000026c    0000026c    00000504   00000504    r-x .text
  00000770    00000770    0000000c   0000000c    r-- .const
  00000780    00000780    00000038   00000038    r-- .cinit
20000000    20000000    0000021c   00000000    rw-
  20000000    20000000    00000200   00000000    rw- .stack
  20000200    20000200    00000018   00000000    rw- .data
  20000218    20000218    00000004   00000000    rw- .bss


SECTION ALLOCATION MAP

 output                                  attributes/
section   page    origin      length       input sections
--------  ----  ----------  ----------   ----------------
.intvecs   0    00000000    0000026c     
                  00000000    0000026c     tm4c123gh6pm_startup_ccs.obj (.intvecs)

.text      0    0000026c    00000504     
                  0000026c    000001c8     main.obj (.text)
                  00000434    0000009c     rtsv7M4_T_le_v4SPD16_eabi.lib : memcpy_t2.obj (.text)
                  000004d0    0000007a                                   : memset_t2.obj (.text)
                  0000054a    00000002                                   : mpu_init.obj (.text)
                  0000054c    00000070                                   : autoinit.obj (.text)
                  000005bc    00000068                                   : copy_decompress_lzss.obj (.text:decompress:lzss)
                  00000624    00000054                                   : boot.obj (.text)
                  00000678    00000054                                   : exit.obj (.text)
                  000006cc    0000004c                                   : cpy_tbl.obj (.text)
                  00000718    00000018                                   : args_main.obj (.text)
                  00000730    00000014                                   : _lock.obj (.text)
                  00000744    0000000e                                   : copy_decompress_none.obj (.text:decompress:none)
                  00000752    0000000c                                   : copy_zero_init.obj (.text:decompress:ZI)
                  0000075e    0000000c     tm4c123gh6pm_startup_ccs.obj (.text)
                  0000076a    00000004     rtsv7M4_T_le_v4SPD16_eabi.lib : pre_init.obj (.text)
                  0000076e    00000002                                   : startup.obj (.text)

.const     0    00000770    0000000c     
                  00000770    0000000c     main.obj (.const:.string:$P$T0$1)

.cinit     0    00000780    00000038     
                  00000780    00000011     (.cinit..data.load) [load image, compression = lzss]
                  00000791    00000003     --HOLE-- [fill = 0]
                  00000794    0000000c     (__TI_handler_table)
                  000007a0    00000008     (.cinit..bss.load) [load image, compression = zero_init]
                  000007a8    00000010     (__TI_cinit_table)

.init_array 
*          0    00000000    00000000     UNINITIALIZED

.stack     0    20000000    00000200     UNINITIALIZED
                  20000000    00000200     --HOLE--

.data      0    20000200    00000018     UNINITIALIZED
                  20000200    0000000c     rtsv7M4_T_le_v4SPD16_eabi.lib : exit.obj (.data:$O1$$)
                  2000020c    00000008                                   : _lock.obj (.data:$O1$$)
                  20000214    00000004                                   : stkdepth_vars.obj (.data)

.bss       0    20000218    00000004     UNINITIALIZED
                  20000218    00000004     (.common:ui32Period)

MODULE SUMMARY

       Module                         code   ro data   rw data
       ------                         ----   -------   -------
    .\
       tm4c123gh6pm_startup_ccs.obj   12     620       0      
       main.obj                       456    12        4      
    +--+------------------------------+------+---------+---------+
       Total:                         468    632       4      
                                                              
    C:\ti\ccsv7\tools\compiler\ti-cgt-arm_16.9.1.LTS\lib\rtsv7M4_T_le_v4SPD16_eabi.lib
       memcpy_t2.obj                  156    0         0      
       memset_t2.obj                  122    0         0      
       autoinit.obj                   112    0         0      
       copy_decompress_lzss.obj       104    0         0      
       exit.obj                       84     0         12     
       boot.obj                       84     0         0      
       cpy_tbl.obj                    76     0         0      
       _lock.obj                      20     0         8      
       args_main.obj                  24     0         0      
       copy_decompress_none.obj       14     0         0      
       copy_zero_init.obj             12     0         0      
       pre_init.obj                   4      0         0      
       stkdepth_vars.obj              0      0         4      
       mpu_init.obj                   2      0         0      
       startup.obj                    2      0         0      
    +--+------------------------------+------+---------+---------+
       Total:                         816    0         24     
                                                              
       Stack:                         0      0         512    
       Linker Generated:              0      53        0      
    +--+------------------------------+------+---------+---------+
       Grand Total:                   1284   685       540    


LINKER GENERATED COPY TABLES

__TI_cinit_table @ 000007a8 records: 2, size/record: 8, table size: 16
	.data: load addr=00000780, load size=00000011 bytes, run addr=20000200, run size=00000018 bytes, compression=lzss
	.bss: load addr=000007a0, load size=00000008 bytes, run addr=20000218, run size=00000004 bytes, compression=zero_init


LINKER GENERATED HANDLER TABLE

__TI_handler_table @ 00000794 records: 3, size/record: 4, table size: 12
	index: 0, handler: __TI_decompress_lzss
	index: 1, handler: __TI_decompress_none
	index: 2, handler: __TI_zero_init


GLOBAL SYMBOLS: SORTED ALPHABETICALLY BY Name 

address   name                           
-------   ----                           
00000679  C$$EXIT                        
0000075f  ResetISR                       
UNDEFED   SHT$$INIT_ARRAY$$Base          
UNDEFED   SHT$$INIT_ARRAY$$Limit         
000003dd  Timer0IntHandler               
00000379  UARTIntHandler                 
20000200  __STACK_END                    
00000200  __STACK_SIZE                   
20000200  __STACK_TOP                    
000007a8  __TI_CINIT_Base                
000007b8  __TI_CINIT_Limit               
00000794  __TI_Handler_Table_Base        
000007a0  __TI_Handler_Table_Limit       
0000054d  __TI_auto_init                 
20000200  __TI_cleanup_ptr               
000005bd  __TI_decompress_lzss           
00000745  __TI_decompress_none           
20000204  __TI_dtors_ptr                 
20000208  __TI_enable_exit_profile_output
ffffffff  __TI_pprof_out_hndl            
ffffffff  __TI_prof_data_size            
ffffffff  __TI_prof_data_start           
00000000  __TI_static_base__             
00000753  __TI_zero_init                 
000004d1  __aeabi_memclr                 
000004d1  __aeabi_memclr4                
000004d1  __aeabi_memclr8                
00000435  __aeabi_memcpy                 
00000435  __aeabi_memcpy4                
00000435  __aeabi_memcpy8                
000004d3  __aeabi_memset                 
000004d3  __aeabi_memset4                
000004d3  __aeabi_memset8                
ffffffff  __binit__                      
ffffffff  __c_args__                     
0000054b  __mpu_init                     
20000000  __stack                        
00000719  _args_main                     
00000625  _c_int00                       
2000020c  _lock                          
0000073f  _nop                           
00000737  _register_lock                 
00000731  _register_unlock               
0000076f  _system_post_cinit             
0000076b  _system_pre_init               
20000210  _unlock                        
0000067d  abort                          
ffffffff  binit                          
000006cd  copy_in                        
00000685  exit                           
00000000  g_pfnVectors                   
0000026d  main                           
20000214  main_func_sp                   
00000435  memcpy                         
000004d9  memset                         
20000218  ui32Period                     


GLOBAL SYMBOLS: SORTED BY Symbol Address 

address   name                           
-------   ----                           
00000000  __TI_static_base__             
00000000  g_pfnVectors                   
00000200  __STACK_SIZE                   
0000026d  main                           
00000379  UARTIntHandler                 
000003dd  Timer0IntHandler               
00000435  __aeabi_memcpy                 
00000435  __aeabi_memcpy4                
00000435  __aeabi_memcpy8                
00000435  memcpy                         
000004d1  __aeabi_memclr                 
000004d1  __aeabi_memclr4                
000004d1  __aeabi_memclr8                
000004d3  __aeabi_memset                 
000004d3  __aeabi_memset4                
000004d3  __aeabi_memset8                
000004d9  memset                         
0000054b  __mpu_init                     
0000054d  __TI_auto_init                 
000005bd  __TI_decompress_lzss           
00000625  _c_int00                       
00000679  C$$EXIT                        
0000067d  abort                          
00000685  exit                           
000006cd  copy_in                        
00000719  _args_main                     
00000731  _register_unlock               
00000737  _register_lock                 
0000073f  _nop                           
00000745  __TI_decompress_none           
00000753  __TI_zero_init                 
0000075f  ResetISR                       
0000076b  _system_pre_init               
0000076f  _system_post_cinit             
00000794  __TI_Handler_Table_Base        
000007a0  __TI_Handler_Table_Limit       
000007a8  __TI_CINIT_Base                
000007b8  __TI_CINIT_Limit               
20000000  __stack                        
20000200  __STACK_END                    
20000200  __STACK_TOP                    
20000200  __TI_cleanup_ptr               
20000204  __TI_dtors_ptr                 
20000208  __TI_enable_exit_profile_output
2000020c  _lock                          
20000210  _unlock                        
20000214  main_func_sp                   
20000218  ui32Period                     
ffffffff  __TI_pprof_out_hndl            
ffffffff  __TI_prof_data_size            
ffffffff  __TI_prof_data_start           
ffffffff  __binit__                      
ffffffff  __c_args__                     
ffffffff  binit                          
UNDEFED   SHT$$INIT_ARRAY$$Base          
UNDEFED   SHT$$INIT_ARRAY$$Limit         

[56 symbols]
