******************************************************************************
                  TI ARM Linker PC v5.0.4                      
******************************************************************************
>> Linked Fri May 10 10:59:11 2013

OUTPUT FILE NAME:   <lab11.out>
ENTRY POINT SYMBOL: "_c_int00"  address: 000007c1


MEMORY CONFIGURATION

         name            origin    length      used     unused   attr    fill
----------------------  --------  ---------  --------  --------  ----  --------
  FLASH                 00000000   00040000  00000abc  0003f544  R  X
  SRAM                  20000000   00008000  00000214  00007dec  RW X


SEGMENT ALLOCATION MAP

run origin  load origin   length   init length attrs members
----------  ----------- ---------- ----------- ----- -------
00000000    00000000    00000ac0   00000ac0    r-x
  00000000    00000000    0000026c   0000026c    r-- .intvecs
  0000026c    0000026c    00000744   00000744    r-x .text
  000009b0    000009b0    000000ec   000000ec    r-- .const
  00000aa0    00000aa0    00000020   00000020    r-- .cinit
20000000    20000000    00000200   00000000    rw-
  20000000    20000000    00000200   00000000    rw- .stack
20000200    20000200    00000014   00000014    rw-
  20000200    20000200    00000014   00000014    rw- .data


SECTION ALLOCATION MAP

 output                                  attributes/
section   page    origin      length       input sections
--------  ----  ----------  ----------   ----------------
.intvecs   0    00000000    0000026c     
                  00000000    0000026c     startup_ccs.obj (.intvecs)

.init_array 
*          0    00000000    00000000     UNINITIALIZED

.text      0    0000026c    00000744     
                  0000026c    0000010c     main.obj (.text)
                  00000378    00000104     driverlib.lib : sysctl.obj (.text:SysCtlClockSet)
                  0000047c    000000b8                   : gpio.obj (.text:GPIOPadConfigSet)
                  00000534    000000b4                   : sysctl.obj (.text:SysCtlClockGet)
                  000005e8    0000009c     rtsv7M4_T_le_v4SPD16_eabi.lib : memcpy_t2.obj (.text)
                  00000684    00000094                                   : auto_init.obj (.text)
                  00000718    0000005e                                   : copy_decompress_rle.obj (.text)
                  00000776    00000002     --HOLE-- [fill = 0]
                  00000778    00000048     driverlib.lib : gpio.obj (.text:GPIOPinConfigure)
                  000007c0    00000048     rtsv7M4_T_le_v4SPD16_eabi.lib : boot.obj (.text)
                  00000808    00000044                                   : cpy_tbl.obj (.text)
                  0000084c    00000042     driverlib.lib : ssi.obj (.text:SSIConfigSetExpClk)
                  0000088e    00000002     --HOLE-- [fill = 0]
                  00000890    00000040     rtsv7M4_T_le_v4SPD16_eabi.lib : exit.obj (.text)
                  000008d0    00000034     driverlib.lib : sysctl.obj (.text:SysCtlPeripheralEnable)
                  00000904    0000002a                   : gpio.obj (.text:GPIODirModeSet)
                  0000092e    00000002     --HOLE-- [fill = 0]
                  00000930    00000018     rtsv7M4_T_le_v4SPD16_eabi.lib : args_main.obj (.text)
                  00000948    00000014                                   : _lock.obj (.text)
                  0000095c    00000012     driverlib.lib : gpio.obj (.text:GPIOPinTypeSSI)
                  0000096e    0000000e     rtsv7M4_T_le_v4SPD16_eabi.lib : copy_decompress_none.obj (.text:decompress:none)
                  0000097c    0000000c     startup_ccs.obj (.text)
                  00000988    0000000a     driverlib.lib : ssi.obj (.text:SSIDataPut)
                  00000992    0000000a                   : ssi.obj (.text:SSIEnable)
                  0000099c    00000008                   : ssi.obj (.text:SSIBusy)
                  000009a4    00000006                   : sysctl.obj (.text:SysCtlDelay)
                  000009aa    00000006     rtsv7M4_T_le_v4SPD16_eabi.lib : copy_decompress_rle.obj (.text:decompress:rle24)

.const     0    000009b0    000000ec     
                  000009b0    00000078     driverlib.lib : gpio.obj (.const:g_pui32GPIOBaseAddrs)
                  00000a28    0000006c                   : sysctl.obj (.const:g_pui32Xtals)
                  00000a94    00000008     main.obj (.const:.string)

.cinit     0    00000aa0    00000020     
                  00000aa0    0000000f     (.cinit..data.load) [load image, compression = rle]
                  00000aaf    00000001     --HOLE-- [fill = 0]
                  00000ab0    00000008     (__TI_handler_table)
                  00000ab8    00000008     (__TI_cinit_table)

.stack     0    20000000    00000200     UNINITIALIZED
                  20000000    00000200     --HOLE--

.data      0    20000200    00000014     
                  20000200    00000008     rtsv7M4_T_le_v4SPD16_eabi.lib : _lock.obj (.data)
                  20000208    00000008                                   : exit.obj (.data)
                  20000210    00000004                                   : stkdepth_vars.obj (.data)


LINKER GENERATED COPY TABLES

__TI_cinit_table @ 00000ab8 records: 1, size/record: 8, table size: 8
	.data: load addr=00000aa0, load size=0000000f bytes, run addr=20000200, run size=00000014 bytes, compression=rle


LINKER GENERATED HANDLER TABLE

__TI_handler_table @ 00000ab0 records: 2, size/record: 4, table size: 8
	index: 0, handler: __TI_decompress_rle24
	index: 1, handler: __TI_decompress_none


GLOBAL SYMBOLS: SORTED ALPHABETICALLY BY Name 

address    name
--------   ----
00000891   C$$EXIT
00000905   GPIODirModeSet
0000047d   GPIOPadConfigSet
00000779   GPIOPinConfigure
0000095d   GPIOPinTypeSSI
0000097d   ResetISR
0000026d   Reverse
UNDEFED    SHT$$INIT_ARRAY$$Base
UNDEFED    SHT$$INIT_ARRAY$$Limit
0000099d   SSIBusy
0000084d   SSIConfigSetExpClk
00000989   SSIDataPut
00000993   SSIEnable
00000535   SysCtlClockGet
00000379   SysCtlClockSet
000009a5   SysCtlDelay
000008d1   SysCtlPeripheralEnable
20000200   __STACK_END
00000200   __STACK_SIZE
20000200   __STACK_TOP
00000ab8   __TI_CINIT_Base
00000ac0   __TI_CINIT_Limit
00000ab0   __TI_Handler_Table_Base
00000ab8   __TI_Handler_Table_Limit
00000001   __TI_args_main
00000685   __TI_auto_init
0000096f   __TI_decompress_none
000009ab   __TI_decompress_rle24
00000000   __TI_static_base__
000005e9   __aeabi_memcpy
000005e9   __aeabi_memcpy4
000005e9   __aeabi_memcpy8
ffffffff   __binit__
ffffffff   __c_args__
20000000   __stack
00000931   _args_main
000007c1   _c_int00
20000208   _cleanup_ptr
2000020c   _dtors_ptr
20000200   _lock
00000957   _nop
0000094f   _register_lock
00000949   _register_unlock
20000204   _unlock
00000895   abort
ffffffff   binit
00000809   copy_in
0000089d   exit
00000000   g_pfnVectors
000002cb   main
20000210   main_func_sp
000005e9   memcpy
00000a94   pui8DataTx


GLOBAL SYMBOLS: SORTED BY Symbol Address 

address    name
--------   ----
00000000   __TI_static_base__
00000000   g_pfnVectors
00000001   __TI_args_main
00000200   __STACK_SIZE
0000026d   Reverse
000002cb   main
00000379   SysCtlClockSet
0000047d   GPIOPadConfigSet
00000535   SysCtlClockGet
000005e9   __aeabi_memcpy
000005e9   __aeabi_memcpy4
000005e9   __aeabi_memcpy8
000005e9   memcpy
00000685   __TI_auto_init
00000779   GPIOPinConfigure
000007c1   _c_int00
00000809   copy_in
0000084d   SSIConfigSetExpClk
00000891   C$$EXIT
00000895   abort
0000089d   exit
000008d1   SysCtlPeripheralEnable
00000905   GPIODirModeSet
00000931   _args_main
00000949   _register_unlock
0000094f   _register_lock
00000957   _nop
0000095d   GPIOPinTypeSSI
0000096f   __TI_decompress_none
0000097d   ResetISR
00000989   SSIDataPut
00000993   SSIEnable
0000099d   SSIBusy
000009a5   SysCtlDelay
000009ab   __TI_decompress_rle24
00000a94   pui8DataTx
00000ab0   __TI_Handler_Table_Base
00000ab8   __TI_CINIT_Base
00000ab8   __TI_Handler_Table_Limit
00000ac0   __TI_CINIT_Limit
20000000   __stack
20000200   __STACK_END
20000200   __STACK_TOP
20000200   _lock
20000204   _unlock
20000208   _cleanup_ptr
2000020c   _dtors_ptr
20000210   main_func_sp
ffffffff   __binit__
ffffffff   __c_args__
ffffffff   binit
UNDEFED    SHT$$INIT_ARRAY$$Base
UNDEFED    SHT$$INIT_ARRAY$$Limit

[53 symbols]
