******************************************************************************
                  TI ARM Linker PC v16.9.1                     
******************************************************************************
>> Linked Wed Sep 20 01:11:07 2017

OUTPUT FILE NAME:   <TM4C123G LaunchPad UART Stdio.out>
ENTRY POINT SYMBOL: "_c_int00"  address: 00000971


MEMORY CONFIGURATION

         name            origin    length      used     unused   attr    fill
----------------------  --------  ---------  --------  --------  ----  --------
  FLASH                 00000000   00040000  00000b4e  0003f4b2  R  X
  SRAM                  20000000   00008000  00000224  00007ddc  RW X


SEGMENT ALLOCATION MAP

run origin  load origin   length   init length attrs members
----------  ----------- ---------- ----------- ----- -------
00000000    00000000    00000b50   00000b50    r-x
  00000000    00000000    0000026c   0000026c    r-- .intvecs
  0000026c    0000026c    00000892   00000892    r-x .text
  00000b00    00000b00    00000018   00000018    r-- .const
  00000b18    00000b18    00000038   00000038    r-- .cinit
20000000    20000000    00000224   00000000    rw-
  20000000    20000000    00000200   00000000    rw- .stack
  20000200    20000200    00000020   00000000    rw- .data
  20000220    20000220    00000004   00000000    rw- .bss


SECTION ALLOCATION MAP

 output                                  attributes/
section   page    origin      length       input sections
--------  ----  ----------  ----------   ----------------
.intvecs   0    00000000    0000026c     
                  00000000    0000026c     tm4c123gh6pm_startup_ccs.obj (.intvecs)

.text      0    0000026c    00000892     
                  0000026c    0000034c     uartstdio.obj (.text)
                  000005b8    000001c8     main.obj (.text)
                  00000780    0000009c     rtsv7M4_T_le_v4SPD16_eabi.lib : memcpy_t2.obj (.text)
                  0000081c    0000007a                                   : memset_t2.obj (.text)
                  00000896    00000002                                   : i_div0.obj (.text)
                  00000898    00000070                                   : autoinit.obj (.text)
                  00000908    00000068                                   : copy_decompress_lzss.obj (.text:decompress:lzss)
                  00000970    00000054                                   : boot.obj (.text)
                  000009c4    00000054                                   : exit.obj (.text)
                  00000a18    0000004c                                   : cpy_tbl.obj (.text)
                  00000a64    00000040                                   : u_divt2.obj (.text)
                  00000aa4    00000018                                   : args_main.obj (.text)
                  00000abc    00000014                                   : _lock.obj (.text)
                  00000ad0    0000000e                                   : copy_decompress_none.obj (.text:decompress:none)
                  00000ade    0000000c                                   : copy_zero_init.obj (.text:decompress:ZI)
                  00000aea    0000000c     tm4c123gh6pm_startup_ccs.obj (.text)
                  00000af6    00000004     rtsv7M4_T_le_v4SPD16_eabi.lib : pre_init.obj (.text)
                  00000afa    00000002                                   : mpu_init.obj (.text)
                  00000afc    00000002                                   : startup.obj (.text)

.const     0    00000b00    00000018     
                  00000b00    0000000c     uartstdio.obj (.const:g_ui32UARTBase)
                  00000b0c    0000000c     uartstdio.obj (.const:g_ui32UARTPeriph)

.cinit     0    00000b18    00000038     
                  00000b18    00000011     (.cinit..data.load) [load image, compression = lzss]
                  00000b29    00000003     --HOLE-- [fill = 0]
                  00000b2c    0000000c     (__TI_handler_table)
                  00000b38    00000008     (.cinit..bss.load) [load image, compression = zero_init]
                  00000b40    00000010     (__TI_cinit_table)

.init_array 
*          0    00000000    00000000     UNINITIALIZED

.stack     0    20000000    00000200     UNINITIALIZED
                  20000000    00000200     --HOLE--

.data      0    20000200    00000020     UNINITIALIZED
                  20000200    0000000c     rtsv7M4_T_le_v4SPD16_eabi.lib : exit.obj (.data:$O1$$)
                  2000020c    00000008                                   : _lock.obj (.data:$O1$$)
                  20000214    00000005     uartstdio.obj (.data)
                  20000219    00000003     --HOLE--
                  2000021c    00000004     rtsv7M4_T_le_v4SPD16_eabi.lib : stkdepth_vars.obj (.data)

.bss       0    20000220    00000004     UNINITIALIZED
                  20000220    00000004     (.common:ui32Period)

MODULE SUMMARY

       Module                         code   ro data   rw data
       ------                         ----   -------   -------
    .\
       tm4c123gh6pm_startup_ccs.obj   12     620       0      
       main.obj                       456    0         4      
    +--+------------------------------+------+---------+---------+
       Total:                         468    620       4      
                                                              
    .\uartStdio\
       uartstdio.obj                  844    24        5      
    +--+------------------------------+------+---------+---------+
       Total:                         844    24        5      
                                                              
    C:\ti\ccsv7\tools\compiler\ti-cgt-arm_16.9.1.LTS\lib\rtsv7M4_T_le_v4SPD16_eabi.lib
       memcpy_t2.obj                  156    0         0      
       memset_t2.obj                  122    0         0      
       autoinit.obj                   112    0         0      
       copy_decompress_lzss.obj       104    0         0      
       exit.obj                       84     0         12     
       boot.obj                       84     0         0      
       cpy_tbl.obj                    76     0         0      
       u_divt2.obj                    64     0         0      
       _lock.obj                      20     0         8      
       args_main.obj                  24     0         0      
       copy_decompress_none.obj       14     0         0      
       copy_zero_init.obj             12     0         0      
       pre_init.obj                   4      0         0      
       stkdepth_vars.obj              0      0         4      
       i_div0.obj                     2      0         0      
       mpu_init.obj                   2      0         0      
       startup.obj                    2      0         0      
    +--+------------------------------+------+---------+---------+
       Total:                         882    0         24     
                                                              
       Stack:                         0      0         512    
       Linker Generated:              0      53        0      
    +--+------------------------------+------+---------+---------+
       Grand Total:                   2194   697       545    


LINKER GENERATED COPY TABLES

__TI_cinit_table @ 00000b40 records: 2, size/record: 8, table size: 16
	.data: load addr=00000b18, load size=00000011 bytes, run addr=20000200, run size=00000020 bytes, compression=lzss
	.bss: load addr=00000b38, load size=00000008 bytes, run addr=20000220, run size=00000004 bytes, compression=zero_init


LINKER GENERATED HANDLER TABLE

__TI_handler_table @ 00000b2c records: 3, size/record: 4, table size: 12
	index: 0, handler: __TI_decompress_lzss
	index: 1, handler: __TI_decompress_none
	index: 2, handler: __TI_zero_init


GLOBAL SYMBOLS: SORTED ALPHABETICALLY BY Name 

address   name                           
-------   ----                           
000009c5  C$$EXIT                        
00000aeb  ResetISR                       
UNDEFED   SHT$$INIT_ARRAY$$Base          
UNDEFED   SHT$$INIT_ARRAY$$Limit         
0000071d  Timer0IntHandler               
000006b9  UARTIntHandler                 
0000052d  UARTStdioConfig                
00000515  UARTgetc                       
00000491  UARTgets                       
00000477  UARTprintf                     
000002ad  UARTvprintf                    
0000026d  UARTwrite                      
20000200  __STACK_END                    
00000200  __STACK_SIZE                   
20000200  __STACK_TOP                    
00000b40  __TI_CINIT_Base                
00000b50  __TI_CINIT_Limit               
00000b2c  __TI_Handler_Table_Base        
00000b38  __TI_Handler_Table_Limit       
00000899  __TI_auto_init                 
20000200  __TI_cleanup_ptr               
00000909  __TI_decompress_lzss           
00000ad1  __TI_decompress_none           
20000204  __TI_dtors_ptr                 
20000208  __TI_enable_exit_profile_output
ffffffff  __TI_pprof_out_hndl            
ffffffff  __TI_prof_data_size            
ffffffff  __TI_prof_data_start           
00000000  __TI_static_base__             
00000adf  __TI_zero_init                 
00000897  __aeabi_idiv0                  
0000081d  __aeabi_memclr                 
0000081d  __aeabi_memclr4                
0000081d  __aeabi_memclr8                
00000781  __aeabi_memcpy                 
00000781  __aeabi_memcpy4                
00000781  __aeabi_memcpy8                
0000081f  __aeabi_memset                 
0000081f  __aeabi_memset4                
0000081f  __aeabi_memset8                
00000a65  __aeabi_uidiv                  
00000a65  __aeabi_uidivmod               
ffffffff  __binit__                      
ffffffff  __c_args__                     
00000afb  __mpu_init                     
20000000  __stack                        
00000aa5  _args_main                     
00000971  _c_int00                       
2000020c  _lock                          
00000acb  _nop                           
00000ac3  _register_lock                 
00000abd  _register_unlock               
00000afd  _system_post_cinit             
00000af7  _system_pre_init               
20000210  _unlock                        
000009c9  abort                          
ffffffff  binit                          
00000a19  copy_in                        
000009d1  exit                           
00000000  g_pfnVectors                   
000005b9  main                           
2000021c  main_func_sp                   
00000781  memcpy                         
00000825  memset                         
20000220  ui32Period                     


GLOBAL SYMBOLS: SORTED BY Symbol Address 

address   name                           
-------   ----                           
00000000  __TI_static_base__             
00000000  g_pfnVectors                   
00000200  __STACK_SIZE                   
0000026d  UARTwrite                      
000002ad  UARTvprintf                    
00000477  UARTprintf                     
00000491  UARTgets                       
00000515  UARTgetc                       
0000052d  UARTStdioConfig                
000005b9  main                           
000006b9  UARTIntHandler                 
0000071d  Timer0IntHandler               
00000781  __aeabi_memcpy                 
00000781  __aeabi_memcpy4                
00000781  __aeabi_memcpy8                
00000781  memcpy                         
0000081d  __aeabi_memclr                 
0000081d  __aeabi_memclr4                
0000081d  __aeabi_memclr8                
0000081f  __aeabi_memset                 
0000081f  __aeabi_memset4                
0000081f  __aeabi_memset8                
00000825  memset                         
00000897  __aeabi_idiv0                  
00000899  __TI_auto_init                 
00000909  __TI_decompress_lzss           
00000971  _c_int00                       
000009c5  C$$EXIT                        
000009c9  abort                          
000009d1  exit                           
00000a19  copy_in                        
00000a65  __aeabi_uidiv                  
00000a65  __aeabi_uidivmod               
00000aa5  _args_main                     
00000abd  _register_unlock               
00000ac3  _register_lock                 
00000acb  _nop                           
00000ad1  __TI_decompress_none           
00000adf  __TI_zero_init                 
00000aeb  ResetISR                       
00000af7  _system_pre_init               
00000afb  __mpu_init                     
00000afd  _system_post_cinit             
00000b2c  __TI_Handler_Table_Base        
00000b38  __TI_Handler_Table_Limit       
00000b40  __TI_CINIT_Base                
00000b50  __TI_CINIT_Limit               
20000000  __stack                        
20000200  __STACK_END                    
20000200  __STACK_TOP                    
20000200  __TI_cleanup_ptr               
20000204  __TI_dtors_ptr                 
20000208  __TI_enable_exit_profile_output
2000020c  _lock                          
20000210  _unlock                        
2000021c  main_func_sp                   
20000220  ui32Period                     
ffffffff  __TI_pprof_out_hndl            
ffffffff  __TI_prof_data_size            
ffffffff  __TI_prof_data_start           
ffffffff  __binit__                      
ffffffff  __c_args__                     
ffffffff  binit                          
UNDEFED   SHT$$INIT_ARRAY$$Base          
UNDEFED   SHT$$INIT_ARRAY$$Limit         

[65 symbols]
