******************************************************************************
                  TI ARM Linker PC v16.9.1                     
******************************************************************************
>> Linked Thu Oct 05 01:00:36 2017

OUTPUT FILE NAME:   <TM4C123G LaunchPad UART.out>
ENTRY POINT SYMBOL: "_c_int00"  address: 00000675


MEMORY CONFIGURATION

         name            origin    length      used     unused   attr    fill
----------------------  --------  ---------  --------  --------  ----  --------
  FLASH                 00000000   00040000  00000804  0003f7fc  R  X
  SRAM                  20000000   00008000  0000021c  00007de4  RW X


SEGMENT ALLOCATION MAP

run origin  load origin   length   init length attrs members
----------  ----------- ---------- ----------- ----- -------
00000000    00000000    00000808   00000808    r-x
  00000000    00000000    0000026c   0000026c    r-- .intvecs
  0000026c    0000026c    00000554   00000554    r-x .text
  000007c0    000007c0    0000000c   0000000c    r-- .const
  000007d0    000007d0    00000038   00000038    r-- .cinit
20000000    20000000    0000021c   00000000    rw-
  20000000    20000000    00000200   00000000    rw- .stack
  20000200    20000200    00000018   00000000    rw- .data
  20000218    20000218    00000004   00000000    rw- .bss


SECTION ALLOCATION MAP

 output                                  attributes/
section   page    origin      length       input sections
--------  ----  ----------  ----------   ----------------
.intvecs   0    00000000    0000026c     
                  00000000    0000026c     tm4c123gh6pm_startup_ccs.obj (.intvecs)

.text      0    0000026c    00000554     
                  0000026c    00000218     main.obj (.text)
                  00000484    0000009c     rtsv7M4_T_le_v4SPD16_eabi.lib : memcpy_t2.obj (.text)
                  00000520    0000007a                                   : memset_t2.obj (.text)
                  0000059a    00000002                                   : mpu_init.obj (.text)
                  0000059c    00000070                                   : autoinit.obj (.text)
                  0000060c    00000068                                   : copy_decompress_lzss.obj (.text:decompress:lzss)
                  00000674    00000054                                   : boot.obj (.text)
                  000006c8    00000054                                   : exit.obj (.text)
                  0000071c    0000004c                                   : cpy_tbl.obj (.text)
                  00000768    00000018                                   : args_main.obj (.text)
                  00000780    00000014                                   : _lock.obj (.text)
                  00000794    0000000e                                   : copy_decompress_none.obj (.text:decompress:none)
                  000007a2    0000000c                                   : copy_zero_init.obj (.text:decompress:ZI)
                  000007ae    0000000c     tm4c123gh6pm_startup_ccs.obj (.text)
                  000007ba    00000004     rtsv7M4_T_le_v4SPD16_eabi.lib : pre_init.obj (.text)
                  000007be    00000002                                   : startup.obj (.text)

.const     0    000007c0    0000000c     
                  000007c0    0000000c     main.obj (.const:.string:$P$T0$1)

.cinit     0    000007d0    00000038     
                  000007d0    00000011     (.cinit..data.load) [load image, compression = lzss]
                  000007e1    00000003     --HOLE-- [fill = 0]
                  000007e4    0000000c     (__TI_handler_table)
                  000007f0    00000008     (.cinit..bss.load) [load image, compression = zero_init]
                  000007f8    00000010     (__TI_cinit_table)

.init_array 
*          0    00000000    00000000     UNINITIALIZED

.stack     0    20000000    00000200     UNINITIALIZED
                  20000000    00000200     --HOLE--

.data      0    20000200    00000018     UNINITIALIZED
                  20000200    0000000c     rtsv7M4_T_le_v4SPD16_eabi.lib : exit.obj (.data:$O1$$)
                  2000020c    00000008                                   : _lock.obj (.data:$O1$$)
                  20000214    00000004                                   : stkdepth_vars.obj (.data)

.bss       0    20000218    00000004     UNINITIALIZED
                  20000218    00000004     (.common:ui32Period)

MODULE SUMMARY

       Module                         code   ro data   rw data
       ------                         ----   -------   -------
    .\
       tm4c123gh6pm_startup_ccs.obj   12     620       0      
       main.obj                       536    12        4      
    +--+------------------------------+------+---------+---------+
       Total:                         548    632       4      
                                                              
    C:\ti\ccsv7\tools\compiler\ti-cgt-arm_16.9.1.LTS\lib\rtsv7M4_T_le_v4SPD16_eabi.lib
       memcpy_t2.obj                  156    0         0      
       memset_t2.obj                  122    0         0      
       autoinit.obj                   112    0         0      
       copy_decompress_lzss.obj       104    0         0      
       exit.obj                       84     0         12     
       boot.obj                       84     0         0      
       cpy_tbl.obj                    76     0         0      
       _lock.obj                      20     0         8      
       args_main.obj                  24     0         0      
       copy_decompress_none.obj       14     0         0      
       copy_zero_init.obj             12     0         0      
       pre_init.obj                   4      0         0      
       stkdepth_vars.obj              0      0         4      
       mpu_init.obj                   2      0         0      
       startup.obj                    2      0         0      
    +--+------------------------------+------+---------+---------+
       Total:                         816    0         24     
                                                              
       Stack:                         0      0         512    
       Linker Generated:              0      53        0      
    +--+------------------------------+------+---------+---------+
       Grand Total:                   1364   685       540    


LINKER GENERATED COPY TABLES

__TI_cinit_table @ 000007f8 records: 2, size/record: 8, table size: 16
	.data: load addr=000007d0, load size=00000011 bytes, run addr=20000200, run size=00000018 bytes, compression=lzss
	.bss: load addr=000007f0, load size=00000008 bytes, run addr=20000218, run size=00000004 bytes, compression=zero_init


LINKER GENERATED HANDLER TABLE

__TI_handler_table @ 000007e4 records: 3, size/record: 4, table size: 12
	index: 0, handler: __TI_decompress_lzss
	index: 1, handler: __TI_decompress_none
	index: 2, handler: __TI_zero_init


GLOBAL SYMBOLS: SORTED ALPHABETICALLY BY Name 

address   name                           
-------   ----                           
000006c9  C$$EXIT                        
000007af  ResetISR                       
UNDEFED   SHT$$INIT_ARRAY$$Base          
UNDEFED   SHT$$INIT_ARRAY$$Limit         
00000419  Timer0IntHandler               
000003b1  UARTIntHandler                 
20000200  __STACK_END                    
00000200  __STACK_SIZE                   
20000200  __STACK_TOP                    
000007f8  __TI_CINIT_Base                
00000808  __TI_CINIT_Limit               
000007e4  __TI_Handler_Table_Base        
000007f0  __TI_Handler_Table_Limit       
0000059d  __TI_auto_init                 
20000200  __TI_cleanup_ptr               
0000060d  __TI_decompress_lzss           
00000795  __TI_decompress_none           
20000204  __TI_dtors_ptr                 
20000208  __TI_enable_exit_profile_output
ffffffff  __TI_pprof_out_hndl            
ffffffff  __TI_prof_data_size            
ffffffff  __TI_prof_data_start           
00000000  __TI_static_base__             
000007a3  __TI_zero_init                 
00000521  __aeabi_memclr                 
00000521  __aeabi_memclr4                
00000521  __aeabi_memclr8                
00000485  __aeabi_memcpy                 
00000485  __aeabi_memcpy4                
00000485  __aeabi_memcpy8                
00000523  __aeabi_memset                 
00000523  __aeabi_memset4                
00000523  __aeabi_memset8                
ffffffff  __binit__                      
ffffffff  __c_args__                     
0000059b  __mpu_init                     
20000000  __stack                        
00000769  _args_main                     
00000675  _c_int00                       
2000020c  _lock                          
0000078f  _nop                           
00000787  _register_lock                 
00000781  _register_unlock               
000007bf  _system_post_cinit             
000007bb  _system_pre_init               
20000210  _unlock                        
000006cd  abort                          
ffffffff  binit                          
0000071d  copy_in                        
000006d5  exit                           
00000000  g_pfnVectors                   
0000026d  main                           
20000214  main_func_sp                   
00000485  memcpy                         
00000529  memset                         
20000218  ui32Period                     


GLOBAL SYMBOLS: SORTED BY Symbol Address 

address   name                           
-------   ----                           
00000000  __TI_static_base__             
00000000  g_pfnVectors                   
00000200  __STACK_SIZE                   
0000026d  main                           
000003b1  UARTIntHandler                 
00000419  Timer0IntHandler               
00000485  __aeabi_memcpy                 
00000485  __aeabi_memcpy4                
00000485  __aeabi_memcpy8                
00000485  memcpy                         
00000521  __aeabi_memclr                 
00000521  __aeabi_memclr4                
00000521  __aeabi_memclr8                
00000523  __aeabi_memset                 
00000523  __aeabi_memset4                
00000523  __aeabi_memset8                
00000529  memset                         
0000059b  __mpu_init                     
0000059d  __TI_auto_init                 
0000060d  __TI_decompress_lzss           
00000675  _c_int00                       
000006c9  C$$EXIT                        
000006cd  abort                          
000006d5  exit                           
0000071d  copy_in                        
00000769  _args_main                     
00000781  _register_unlock               
00000787  _register_lock                 
0000078f  _nop                           
00000795  __TI_decompress_none           
000007a3  __TI_zero_init                 
000007af  ResetISR                       
000007bb  _system_pre_init               
000007bf  _system_post_cinit             
000007e4  __TI_Handler_Table_Base        
000007f0  __TI_Handler_Table_Limit       
000007f8  __TI_CINIT_Base                
00000808  __TI_CINIT_Limit               
20000000  __stack                        
20000200  __STACK_END                    
20000200  __STACK_TOP                    
20000200  __TI_cleanup_ptr               
20000204  __TI_dtors_ptr                 
20000208  __TI_enable_exit_profile_output
2000020c  _lock                          
20000210  _unlock                        
20000214  main_func_sp                   
20000218  ui32Period                     
ffffffff  __TI_pprof_out_hndl            
ffffffff  __TI_prof_data_size            
ffffffff  __TI_prof_data_start           
ffffffff  __binit__                      
ffffffff  __c_args__                     
ffffffff  binit                          
UNDEFED   SHT$$INIT_ARRAY$$Base          
UNDEFED   SHT$$INIT_ARRAY$$Limit         

[56 symbols]
