******************************************************************************
                  TI ARM Linker PC v16.9.1                     
******************************************************************************
>> Linked Sun Sep 17 23:19:59 2017

OUTPUT FILE NAME:   <TM4C123G LaunchPad ADC Temp Sensor.out>
ENTRY POINT SYMBOL: "_c_int00"  address: 0000061d


MEMORY CONFIGURATION

         name            origin    length      used     unused   attr    fill
----------------------  --------  ---------  --------  --------  ----  --------
  FLASH                 00000000   00040000  000007a0  0003f860  R  X
  SRAM                  20000000   00008000  00000244  00007dbc  RW X


SEGMENT ALLOCATION MAP

run origin  load origin   length   init length attrs members
----------  ----------- ---------- ----------- ----- -------
00000000    00000000    000007a0   000007a0    r-x
  00000000    00000000    0000026c   0000026c    r-- .intvecs
  0000026c    0000026c    000004fc   000004fc    r-x .text
  00000768    00000768    00000038   00000038    r-- .cinit
20000000    20000000    00000244   00000000    rw-
  20000000    20000000    00000200   00000000    rw- .stack
  20000200    20000200    0000002c   00000000    rw- .bss
  2000022c    2000022c    00000018   00000000    rw- .data


SECTION ALLOCATION MAP

 output                                  attributes/
section   page    origin      length       input sections
--------  ----  ----------  ----------   ----------------
.intvecs   0    00000000    0000026c     
                  00000000    0000026c     tm4c123gh6pm_startup_ccs.obj (.intvecs)

.text      0    0000026c    000004fc     
                  0000026c    000001c0     main.obj (.text)
                  0000042c    0000009c     rtsv7M4_T_le_v4SPD16_eabi.lib : memcpy_t2.obj (.text)
                  000004c8    0000007a                                   : memset_t2.obj (.text)
                  00000542    00000002                                   : mpu_init.obj (.text)
                  00000544    00000070                                   : autoinit.obj (.text)
                  000005b4    00000068                                   : copy_decompress_lzss.obj (.text:decompress:lzss)
                  0000061c    00000054                                   : boot.obj (.text)
                  00000670    00000054                                   : exit.obj (.text)
                  000006c4    0000004c                                   : cpy_tbl.obj (.text)
                  00000710    00000018                                   : args_main.obj (.text)
                  00000728    00000014                                   : _lock.obj (.text)
                  0000073c    0000000e                                   : copy_decompress_none.obj (.text:decompress:none)
                  0000074a    0000000c                                   : copy_zero_init.obj (.text:decompress:ZI)
                  00000756    0000000c     tm4c123gh6pm_startup_ccs.obj (.text)
                  00000762    00000004     rtsv7M4_T_le_v4SPD16_eabi.lib : pre_init.obj (.text)
                  00000766    00000002                                   : startup.obj (.text)

.cinit     0    00000768    00000038     
                  00000768    00000011     (.cinit..data.load) [load image, compression = lzss]
                  00000779    00000003     --HOLE-- [fill = 0]
                  0000077c    0000000c     (__TI_handler_table)
                  00000788    00000008     (.cinit..bss.load) [load image, compression = zero_init]
                  00000790    00000010     (__TI_cinit_table)

.init_array 
*          0    00000000    00000000     UNINITIALIZED

.stack     0    20000000    00000200     UNINITIALIZED
                  20000000    00000200     --HOLE--

.bss       0    20000200    0000002c     UNINITIALIZED
                  20000200    00000020     (.common:ui32ADC0Value)
                  20000220    00000004     (.common:ui32TempAvg)
                  20000224    00000004     (.common:ui32TempValueC)
                  20000228    00000004     (.common:ui32TempValueF)

.data      0    2000022c    00000018     UNINITIALIZED
                  2000022c    0000000c     rtsv7M4_T_le_v4SPD16_eabi.lib : exit.obj (.data:$O1$$)
                  20000238    00000008                                   : _lock.obj (.data:$O1$$)
                  20000240    00000004                                   : stkdepth_vars.obj (.data)

MODULE SUMMARY

       Module                         code   ro data   rw data
       ------                         ----   -------   -------
    .\
       tm4c123gh6pm_startup_ccs.obj   12     620       0      
       main.obj                       448    0         44     
    +--+------------------------------+------+---------+---------+
       Total:                         460    620       44     
                                                              
    C:\ti\ccsv7\tools\compiler\ti-cgt-arm_16.9.1.LTS\lib\rtsv7M4_T_le_v4SPD16_eabi.lib
       memcpy_t2.obj                  156    0         0      
       memset_t2.obj                  122    0         0      
       autoinit.obj                   112    0         0      
       copy_decompress_lzss.obj       104    0         0      
       exit.obj                       84     0         12     
       boot.obj                       84     0         0      
       cpy_tbl.obj                    76     0         0      
       _lock.obj                      20     0         8      
       args_main.obj                  24     0         0      
       copy_decompress_none.obj       14     0         0      
       copy_zero_init.obj             12     0         0      
       pre_init.obj                   4      0         0      
       stkdepth_vars.obj              0      0         4      
       mpu_init.obj                   2      0         0      
       startup.obj                    2      0         0      
    +--+------------------------------+------+---------+---------+
       Total:                         816    0         24     
                                                              
       Stack:                         0      0         512    
       Linker Generated:              0      53        0      
    +--+------------------------------+------+---------+---------+
       Grand Total:                   1276   673       580    


LINKER GENERATED COPY TABLES

__TI_cinit_table @ 00000790 records: 2, size/record: 8, table size: 16
	.data: load addr=00000768, load size=00000011 bytes, run addr=2000022c, run size=00000018 bytes, compression=lzss
	.bss: load addr=00000788, load size=00000008 bytes, run addr=20000200, run size=0000002c bytes, compression=zero_init


LINKER GENERATED HANDLER TABLE

__TI_handler_table @ 0000077c records: 3, size/record: 4, table size: 12
	index: 0, handler: __TI_decompress_lzss
	index: 1, handler: __TI_decompress_none
	index: 2, handler: __TI_zero_init


GLOBAL SYMBOLS: SORTED ALPHABETICALLY BY Name 

address   name                           
-------   ----                           
00000671  C$$EXIT                        
00000757  ResetISR                       
UNDEFED   SHT$$INIT_ARRAY$$Base          
UNDEFED   SHT$$INIT_ARRAY$$Limit         
20000200  __STACK_END                    
00000200  __STACK_SIZE                   
20000200  __STACK_TOP                    
00000790  __TI_CINIT_Base                
000007a0  __TI_CINIT_Limit               
0000077c  __TI_Handler_Table_Base        
00000788  __TI_Handler_Table_Limit       
00000545  __TI_auto_init                 
2000022c  __TI_cleanup_ptr               
000005b5  __TI_decompress_lzss           
0000073d  __TI_decompress_none           
20000230  __TI_dtors_ptr                 
20000234  __TI_enable_exit_profile_output
ffffffff  __TI_pprof_out_hndl            
ffffffff  __TI_prof_data_size            
ffffffff  __TI_prof_data_start           
00000000  __TI_static_base__             
0000074b  __TI_zero_init                 
000004c9  __aeabi_memclr                 
000004c9  __aeabi_memclr4                
000004c9  __aeabi_memclr8                
0000042d  __aeabi_memcpy                 
0000042d  __aeabi_memcpy4                
0000042d  __aeabi_memcpy8                
000004cb  __aeabi_memset                 
000004cb  __aeabi_memset4                
000004cb  __aeabi_memset8                
ffffffff  __binit__                      
ffffffff  __c_args__                     
00000543  __mpu_init                     
20000000  __stack                        
00000711  _args_main                     
0000061d  _c_int00                       
20000238  _lock                          
00000737  _nop                           
0000072f  _register_lock                 
00000729  _register_unlock               
00000767  _system_post_cinit             
00000763  _system_pre_init               
2000023c  _unlock                        
00000675  abort                          
ffffffff  binit                          
000006c5  copy_in                        
0000067d  exit                           
00000000  g_pfnVectors                   
0000026d  main                           
20000240  main_func_sp                   
0000042d  memcpy                         
000004d1  memset                         
20000200  ui32ADC0Value                  
20000220  ui32TempAvg                    
20000224  ui32TempValueC                 
20000228  ui32TempValueF                 


GLOBAL SYMBOLS: SORTED BY Symbol Address 

address   name                           
-------   ----                           
00000000  __TI_static_base__             
00000000  g_pfnVectors                   
00000200  __STACK_SIZE                   
0000026d  main                           
0000042d  __aeabi_memcpy                 
0000042d  __aeabi_memcpy4                
0000042d  __aeabi_memcpy8                
0000042d  memcpy                         
000004c9  __aeabi_memclr                 
000004c9  __aeabi_memclr4                
000004c9  __aeabi_memclr8                
000004cb  __aeabi_memset                 
000004cb  __aeabi_memset4                
000004cb  __aeabi_memset8                
000004d1  memset                         
00000543  __mpu_init                     
00000545  __TI_auto_init                 
000005b5  __TI_decompress_lzss           
0000061d  _c_int00                       
00000671  C$$EXIT                        
00000675  abort                          
0000067d  exit                           
000006c5  copy_in                        
00000711  _args_main                     
00000729  _register_unlock               
0000072f  _register_lock                 
00000737  _nop                           
0000073d  __TI_decompress_none           
0000074b  __TI_zero_init                 
00000757  ResetISR                       
00000763  _system_pre_init               
00000767  _system_post_cinit             
0000077c  __TI_Handler_Table_Base        
00000788  __TI_Handler_Table_Limit       
00000790  __TI_CINIT_Base                
000007a0  __TI_CINIT_Limit               
20000000  __stack                        
20000200  __STACK_END                    
20000200  __STACK_TOP                    
20000200  ui32ADC0Value                  
20000220  ui32TempAvg                    
20000224  ui32TempValueC                 
20000228  ui32TempValueF                 
2000022c  __TI_cleanup_ptr               
20000230  __TI_dtors_ptr                 
20000234  __TI_enable_exit_profile_output
20000238  _lock                          
2000023c  _unlock                        
20000240  main_func_sp                   
ffffffff  __TI_pprof_out_hndl            
ffffffff  __TI_prof_data_size            
ffffffff  __TI_prof_data_start           
ffffffff  __binit__                      
ffffffff  __c_args__                     
ffffffff  binit                          
UNDEFED   SHT$$INIT_ARRAY$$Base          
UNDEFED   SHT$$INIT_ARRAY$$Limit         

[57 symbols]
