******************************************************************************
                  TI ARM Linker PC v16.9.1                     
******************************************************************************
>> Linked Thu Oct 05 01:01:24 2017

OUTPUT FILE NAME:   <TM4C123G LaunchPad ADC Potentiometer.out>
ENTRY POINT SYMBOL: "_c_int00"  address: 000005c9


MEMORY CONFIGURATION

         name            origin    length      used     unused   attr    fill
----------------------  --------  ---------  --------  --------  ----  --------
  FLASH                 00000000   00040000  0000074c  0003f8b4  R  X
  SRAM                  20000000   00008000  0000023c  00007dc4  RW X


SEGMENT ALLOCATION MAP

run origin  load origin   length   init length attrs members
----------  ----------- ---------- ----------- ----- -------
00000000    00000000    00000750   00000750    r-x
  00000000    00000000    0000026c   0000026c    r-- .intvecs
  0000026c    0000026c    000004a8   000004a8    r-x .text
  00000718    00000718    00000038   00000038    r-- .cinit
20000000    20000000    0000023c   00000000    rw-
  20000000    20000000    00000200   00000000    rw- .stack
  20000200    20000200    00000024   00000000    rw- .bss
  20000224    20000224    00000018   00000000    rw- .data


SECTION ALLOCATION MAP

 output                                  attributes/
section   page    origin      length       input sections
--------  ----  ----------  ----------   ----------------
.intvecs   0    00000000    0000026c     
                  00000000    0000026c     tm4c123gh6pm_startup_ccs.obj (.intvecs)

.text      0    0000026c    000004a8     
                  0000026c    0000016c     main.obj (.text)
                  000003d8    0000009c     rtsv7M4_T_le_v4SPD16_eabi.lib : memcpy_t2.obj (.text)
                  00000474    0000007a                                   : memset_t2.obj (.text)
                  000004ee    00000002                                   : mpu_init.obj (.text)
                  000004f0    00000070                                   : autoinit.obj (.text)
                  00000560    00000068                                   : copy_decompress_lzss.obj (.text:decompress:lzss)
                  000005c8    00000054                                   : boot.obj (.text)
                  0000061c    00000054                                   : exit.obj (.text)
                  00000670    0000004c                                   : cpy_tbl.obj (.text)
                  000006bc    00000018                                   : args_main.obj (.text)
                  000006d4    00000014                                   : _lock.obj (.text)
                  000006e8    0000000e                                   : copy_decompress_none.obj (.text:decompress:none)
                  000006f6    0000000c                                   : copy_zero_init.obj (.text:decompress:ZI)
                  00000702    0000000c     tm4c123gh6pm_startup_ccs.obj (.text)
                  0000070e    00000004     rtsv7M4_T_le_v4SPD16_eabi.lib : pre_init.obj (.text)
                  00000712    00000002                                   : startup.obj (.text)

.cinit     0    00000718    00000038     
                  00000718    00000011     (.cinit..data.load) [load image, compression = lzss]
                  00000729    00000003     --HOLE-- [fill = 0]
                  0000072c    0000000c     (__TI_handler_table)
                  00000738    00000008     (.cinit..bss.load) [load image, compression = zero_init]
                  00000740    00000010     (__TI_cinit_table)

.init_array 
*          0    00000000    00000000     UNINITIALIZED

.stack     0    20000000    00000200     UNINITIALIZED
                  20000000    00000200     --HOLE--

.bss       0    20000200    00000024     UNINITIALIZED
                  20000200    00000020     (.common:ui32ADC0Value)
                  20000220    00000004     (.common:ui32ADCAvg)

.data      0    20000224    00000018     UNINITIALIZED
                  20000224    0000000c     rtsv7M4_T_le_v4SPD16_eabi.lib : exit.obj (.data:$O1$$)
                  20000230    00000008                                   : _lock.obj (.data:$O1$$)
                  20000238    00000004                                   : stkdepth_vars.obj (.data)

MODULE SUMMARY

       Module                         code   ro data   rw data
       ------                         ----   -------   -------
    .\
       tm4c123gh6pm_startup_ccs.obj   12     620       0      
       main.obj                       364    0         36     
    +--+------------------------------+------+---------+---------+
       Total:                         376    620       36     
                                                              
    C:\ti\ccsv7\tools\compiler\ti-cgt-arm_16.9.1.LTS\lib\rtsv7M4_T_le_v4SPD16_eabi.lib
       memcpy_t2.obj                  156    0         0      
       memset_t2.obj                  122    0         0      
       autoinit.obj                   112    0         0      
       copy_decompress_lzss.obj       104    0         0      
       exit.obj                       84     0         12     
       boot.obj                       84     0         0      
       cpy_tbl.obj                    76     0         0      
       _lock.obj                      20     0         8      
       args_main.obj                  24     0         0      
       copy_decompress_none.obj       14     0         0      
       copy_zero_init.obj             12     0         0      
       pre_init.obj                   4      0         0      
       stkdepth_vars.obj              0      0         4      
       mpu_init.obj                   2      0         0      
       startup.obj                    2      0         0      
    +--+------------------------------+------+---------+---------+
       Total:                         816    0         24     
                                                              
       Stack:                         0      0         512    
       Linker Generated:              0      53        0      
    +--+------------------------------+------+---------+---------+
       Grand Total:                   1192   673       572    


LINKER GENERATED COPY TABLES

__TI_cinit_table @ 00000740 records: 2, size/record: 8, table size: 16
	.data: load addr=00000718, load size=00000011 bytes, run addr=20000224, run size=00000018 bytes, compression=lzss
	.bss: load addr=00000738, load size=00000008 bytes, run addr=20000200, run size=00000024 bytes, compression=zero_init


LINKER GENERATED HANDLER TABLE

__TI_handler_table @ 0000072c records: 3, size/record: 4, table size: 12
	index: 0, handler: __TI_decompress_lzss
	index: 1, handler: __TI_decompress_none
	index: 2, handler: __TI_zero_init


GLOBAL SYMBOLS: SORTED ALPHABETICALLY BY Name 

address   name                           
-------   ----                           
0000061d  C$$EXIT                        
00000703  ResetISR                       
UNDEFED   SHT$$INIT_ARRAY$$Base          
UNDEFED   SHT$$INIT_ARRAY$$Limit         
20000200  __STACK_END                    
00000200  __STACK_SIZE                   
20000200  __STACK_TOP                    
00000740  __TI_CINIT_Base                
00000750  __TI_CINIT_Limit               
0000072c  __TI_Handler_Table_Base        
00000738  __TI_Handler_Table_Limit       
000004f1  __TI_auto_init                 
20000224  __TI_cleanup_ptr               
00000561  __TI_decompress_lzss           
000006e9  __TI_decompress_none           
20000228  __TI_dtors_ptr                 
2000022c  __TI_enable_exit_profile_output
ffffffff  __TI_pprof_out_hndl            
ffffffff  __TI_prof_data_size            
ffffffff  __TI_prof_data_start           
00000000  __TI_static_base__             
000006f7  __TI_zero_init                 
00000475  __aeabi_memclr                 
00000475  __aeabi_memclr4                
00000475  __aeabi_memclr8                
000003d9  __aeabi_memcpy                 
000003d9  __aeabi_memcpy4                
000003d9  __aeabi_memcpy8                
00000477  __aeabi_memset                 
00000477  __aeabi_memset4                
00000477  __aeabi_memset8                
ffffffff  __binit__                      
ffffffff  __c_args__                     
000004ef  __mpu_init                     
20000000  __stack                        
000006bd  _args_main                     
000005c9  _c_int00                       
20000230  _lock                          
000006e3  _nop                           
000006db  _register_lock                 
000006d5  _register_unlock               
00000713  _system_post_cinit             
0000070f  _system_pre_init               
20000234  _unlock                        
00000621  abort                          
ffffffff  binit                          
00000671  copy_in                        
00000629  exit                           
00000000  g_pfnVectors                   
0000026d  main                           
20000238  main_func_sp                   
000003d9  memcpy                         
0000047d  memset                         
20000200  ui32ADC0Value                  
20000220  ui32ADCAvg                     


GLOBAL SYMBOLS: SORTED BY Symbol Address 

address   name                           
-------   ----                           
00000000  __TI_static_base__             
00000000  g_pfnVectors                   
00000200  __STACK_SIZE                   
0000026d  main                           
000003d9  __aeabi_memcpy                 
000003d9  __aeabi_memcpy4                
000003d9  __aeabi_memcpy8                
000003d9  memcpy                         
00000475  __aeabi_memclr                 
00000475  __aeabi_memclr4                
00000475  __aeabi_memclr8                
00000477  __aeabi_memset                 
00000477  __aeabi_memset4                
00000477  __aeabi_memset8                
0000047d  memset                         
000004ef  __mpu_init                     
000004f1  __TI_auto_init                 
00000561  __TI_decompress_lzss           
000005c9  _c_int00                       
0000061d  C$$EXIT                        
00000621  abort                          
00000629  exit                           
00000671  copy_in                        
000006bd  _args_main                     
000006d5  _register_unlock               
000006db  _register_lock                 
000006e3  _nop                           
000006e9  __TI_decompress_none           
000006f7  __TI_zero_init                 
00000703  ResetISR                       
0000070f  _system_pre_init               
00000713  _system_post_cinit             
0000072c  __TI_Handler_Table_Base        
00000738  __TI_Handler_Table_Limit       
00000740  __TI_CINIT_Base                
00000750  __TI_CINIT_Limit               
20000000  __stack                        
20000200  __STACK_END                    
20000200  __STACK_TOP                    
20000200  ui32ADC0Value                  
20000220  ui32ADCAvg                     
20000224  __TI_cleanup_ptr               
20000228  __TI_dtors_ptr                 
2000022c  __TI_enable_exit_profile_output
20000230  _lock                          
20000234  _unlock                        
20000238  main_func_sp                   
ffffffff  __TI_pprof_out_hndl            
ffffffff  __TI_prof_data_size            
ffffffff  __TI_prof_data_start           
ffffffff  __binit__                      
ffffffff  __c_args__                     
ffffffff  binit                          
UNDEFED   SHT$$INIT_ARRAY$$Base          
UNDEFED   SHT$$INIT_ARRAY$$Limit         

[55 symbols]
