******************************************************************************
                  TI ARM Linker PC v16.9.1                     
******************************************************************************
>> Linked Mon Sep 18 20:33:03 2017

OUTPUT FILE NAME:   <TM4C123G LaunchPad ADC Potentiometer.out>
ENTRY POINT SYMBOL: "_c_int00"  address: 000005c5


MEMORY CONFIGURATION

         name            origin    length      used     unused   attr    fill
----------------------  --------  ---------  --------  --------  ----  --------
  FLASH                 00000000   00040000  00000748  0003f8b8  R  X
  SRAM                  20000000   00008000  0000023c  00007dc4  RW X


SEGMENT ALLOCATION MAP

run origin  load origin   length   init length attrs members
----------  ----------- ---------- ----------- ----- -------
00000000    00000000    00000748   00000748    r-x
  00000000    00000000    0000026c   0000026c    r-- .intvecs
  0000026c    0000026c    000004a4   000004a4    r-x .text
  00000710    00000710    00000038   00000038    r-- .cinit
20000000    20000000    0000023c   00000000    rw-
  20000000    20000000    00000200   00000000    rw- .stack
  20000200    20000200    00000024   00000000    rw- .bss
  20000224    20000224    00000018   00000000    rw- .data


SECTION ALLOCATION MAP

 output                                  attributes/
section   page    origin      length       input sections
--------  ----  ----------  ----------   ----------------
.intvecs   0    00000000    0000026c     
                  00000000    0000026c     tm4c123gh6pm_startup_ccs.obj (.intvecs)

.text      0    0000026c    000004a4     
                  0000026c    00000168     main.obj (.text)
                  000003d4    0000009c     rtsv7M4_T_le_v4SPD16_eabi.lib : memcpy_t2.obj (.text)
                  00000470    0000007a                                   : memset_t2.obj (.text)
                  000004ea    00000002                                   : mpu_init.obj (.text)
                  000004ec    00000070                                   : autoinit.obj (.text)
                  0000055c    00000068                                   : copy_decompress_lzss.obj (.text:decompress:lzss)
                  000005c4    00000054                                   : boot.obj (.text)
                  00000618    00000054                                   : exit.obj (.text)
                  0000066c    0000004c                                   : cpy_tbl.obj (.text)
                  000006b8    00000018                                   : args_main.obj (.text)
                  000006d0    00000014                                   : _lock.obj (.text)
                  000006e4    0000000e                                   : copy_decompress_none.obj (.text:decompress:none)
                  000006f2    0000000c                                   : copy_zero_init.obj (.text:decompress:ZI)
                  000006fe    0000000c     tm4c123gh6pm_startup_ccs.obj (.text)
                  0000070a    00000004     rtsv7M4_T_le_v4SPD16_eabi.lib : pre_init.obj (.text)
                  0000070e    00000002                                   : startup.obj (.text)

.cinit     0    00000710    00000038     
                  00000710    00000011     (.cinit..data.load) [load image, compression = lzss]
                  00000721    00000003     --HOLE-- [fill = 0]
                  00000724    0000000c     (__TI_handler_table)
                  00000730    00000008     (.cinit..bss.load) [load image, compression = zero_init]
                  00000738    00000010     (__TI_cinit_table)

.init_array 
*          0    00000000    00000000     UNINITIALIZED

.stack     0    20000000    00000200     UNINITIALIZED
                  20000000    00000200     --HOLE--

.bss       0    20000200    00000024     UNINITIALIZED
                  20000200    00000020     (.common:ui32ADC0Value)
                  20000220    00000004     (.common:ui32ADCAvg)

.data      0    20000224    00000018     UNINITIALIZED
                  20000224    0000000c     rtsv7M4_T_le_v4SPD16_eabi.lib : exit.obj (.data:$O1$$)
                  20000230    00000008                                   : _lock.obj (.data:$O1$$)
                  20000238    00000004                                   : stkdepth_vars.obj (.data)

MODULE SUMMARY

       Module                         code   ro data   rw data
       ------                         ----   -------   -------
    .\
       tm4c123gh6pm_startup_ccs.obj   12     620       0      
       main.obj                       360    0         36     
    +--+------------------------------+------+---------+---------+
       Total:                         372    620       36     
                                                              
    C:\ti\ccsv7\tools\compiler\ti-cgt-arm_16.9.1.LTS\lib\rtsv7M4_T_le_v4SPD16_eabi.lib
       memcpy_t2.obj                  156    0         0      
       memset_t2.obj                  122    0         0      
       autoinit.obj                   112    0         0      
       copy_decompress_lzss.obj       104    0         0      
       exit.obj                       84     0         12     
       boot.obj                       84     0         0      
       cpy_tbl.obj                    76     0         0      
       _lock.obj                      20     0         8      
       args_main.obj                  24     0         0      
       copy_decompress_none.obj       14     0         0      
       copy_zero_init.obj             12     0         0      
       pre_init.obj                   4      0         0      
       stkdepth_vars.obj              0      0         4      
       mpu_init.obj                   2      0         0      
       startup.obj                    2      0         0      
    +--+------------------------------+------+---------+---------+
       Total:                         816    0         24     
                                                              
       Stack:                         0      0         512    
       Linker Generated:              0      53        0      
    +--+------------------------------+------+---------+---------+
       Grand Total:                   1188   673       572    


LINKER GENERATED COPY TABLES

__TI_cinit_table @ 00000738 records: 2, size/record: 8, table size: 16
	.data: load addr=00000710, load size=00000011 bytes, run addr=20000224, run size=00000018 bytes, compression=lzss
	.bss: load addr=00000730, load size=00000008 bytes, run addr=20000200, run size=00000024 bytes, compression=zero_init


LINKER GENERATED HANDLER TABLE

__TI_handler_table @ 00000724 records: 3, size/record: 4, table size: 12
	index: 0, handler: __TI_decompress_lzss
	index: 1, handler: __TI_decompress_none
	index: 2, handler: __TI_zero_init


GLOBAL SYMBOLS: SORTED ALPHABETICALLY BY Name 

address   name                           
-------   ----                           
00000619  C$$EXIT                        
000006ff  ResetISR                       
UNDEFED   SHT$$INIT_ARRAY$$Base          
UNDEFED   SHT$$INIT_ARRAY$$Limit         
20000200  __STACK_END                    
00000200  __STACK_SIZE                   
20000200  __STACK_TOP                    
00000738  __TI_CINIT_Base                
00000748  __TI_CINIT_Limit               
00000724  __TI_Handler_Table_Base        
00000730  __TI_Handler_Table_Limit       
000004ed  __TI_auto_init                 
20000224  __TI_cleanup_ptr               
0000055d  __TI_decompress_lzss           
000006e5  __TI_decompress_none           
20000228  __TI_dtors_ptr                 
2000022c  __TI_enable_exit_profile_output
ffffffff  __TI_pprof_out_hndl            
ffffffff  __TI_prof_data_size            
ffffffff  __TI_prof_data_start           
00000000  __TI_static_base__             
000006f3  __TI_zero_init                 
00000471  __aeabi_memclr                 
00000471  __aeabi_memclr4                
00000471  __aeabi_memclr8                
000003d5  __aeabi_memcpy                 
000003d5  __aeabi_memcpy4                
000003d5  __aeabi_memcpy8                
00000473  __aeabi_memset                 
00000473  __aeabi_memset4                
00000473  __aeabi_memset8                
ffffffff  __binit__                      
ffffffff  __c_args__                     
000004eb  __mpu_init                     
20000000  __stack                        
000006b9  _args_main                     
000005c5  _c_int00                       
20000230  _lock                          
000006df  _nop                           
000006d7  _register_lock                 
000006d1  _register_unlock               
0000070f  _system_post_cinit             
0000070b  _system_pre_init               
20000234  _unlock                        
0000061d  abort                          
ffffffff  binit                          
0000066d  copy_in                        
00000625  exit                           
00000000  g_pfnVectors                   
0000026d  main                           
20000238  main_func_sp                   
000003d5  memcpy                         
00000479  memset                         
20000200  ui32ADC0Value                  
20000220  ui32ADCAvg                     


GLOBAL SYMBOLS: SORTED BY Symbol Address 

address   name                           
-------   ----                           
00000000  __TI_static_base__             
00000000  g_pfnVectors                   
00000200  __STACK_SIZE                   
0000026d  main                           
000003d5  __aeabi_memcpy                 
000003d5  __aeabi_memcpy4                
000003d5  __aeabi_memcpy8                
000003d5  memcpy                         
00000471  __aeabi_memclr                 
00000471  __aeabi_memclr4                
00000471  __aeabi_memclr8                
00000473  __aeabi_memset                 
00000473  __aeabi_memset4                
00000473  __aeabi_memset8                
00000479  memset                         
000004eb  __mpu_init                     
000004ed  __TI_auto_init                 
0000055d  __TI_decompress_lzss           
000005c5  _c_int00                       
00000619  C$$EXIT                        
0000061d  abort                          
00000625  exit                           
0000066d  copy_in                        
000006b9  _args_main                     
000006d1  _register_unlock               
000006d7  _register_lock                 
000006df  _nop                           
000006e5  __TI_decompress_none           
000006f3  __TI_zero_init                 
000006ff  ResetISR                       
0000070b  _system_pre_init               
0000070f  _system_post_cinit             
00000724  __TI_Handler_Table_Base        
00000730  __TI_Handler_Table_Limit       
00000738  __TI_CINIT_Base                
00000748  __TI_CINIT_Limit               
20000000  __stack                        
20000200  __STACK_END                    
20000200  __STACK_TOP                    
20000200  ui32ADC0Value                  
20000220  ui32ADCAvg                     
20000224  __TI_cleanup_ptr               
20000228  __TI_dtors_ptr                 
2000022c  __TI_enable_exit_profile_output
20000230  _lock                          
20000234  _unlock                        
20000238  main_func_sp                   
ffffffff  __TI_pprof_out_hndl            
ffffffff  __TI_prof_data_size            
ffffffff  __TI_prof_data_start           
ffffffff  __binit__                      
ffffffff  __c_args__                     
ffffffff  binit                          
UNDEFED   SHT$$INIT_ARRAY$$Base          
UNDEFED   SHT$$INIT_ARRAY$$Limit         

[55 symbols]
