******************************************************************************
                  TI ARM Linker PC v16.9.1                     
******************************************************************************
>> Linked Mon Nov 13 01:09:43 2017

OUTPUT FILE NAME:   <TM4C123G LaunchPad Humper Robot Rev2.out>
ENTRY POINT SYMBOL: "_c_int00"  address: 00000e59


MEMORY CONFIGURATION

         name            origin    length      used     unused   attr    fill
----------------------  --------  ---------  --------  --------  ----  --------
  FLASH                 00000000   00040000  00000ffe  0003f002  R  X
  SRAM                  20000000   00008000  00000238  00007dc8  RW X


SEGMENT ALLOCATION MAP

run origin  load origin   length   init length attrs members
----------  ----------- ---------- ----------- ----- -------
00000000    00000000    00001000   00001000    r-x
  00000000    00000000    0000026c   0000026c    r-- .intvecs
  0000026c    0000026c    00000d4a   00000d4a    r-x .text
  00000fb8    00000fb8    00000048   00000048    r-- .cinit
20000000    20000000    00000238   00000000    rw-
  20000000    20000000    00000200   00000000    rw- .stack
  20000200    20000200    00000034   00000000    rw- .data
  20000234    20000234    00000004   00000000    rw- .bss


SECTION ALLOCATION MAP

 output                                  attributes/
section   page    origin      length       input sections
--------  ----  ----------  ----------   ----------------
.intvecs   0    00000000    0000026c     
                  00000000    0000026c     tm4c123gh6pm_startup_ccs.obj (.intvecs)

.text      0    0000026c    00000d4a     
                  0000026c    000003fc     main.obj (.text)
                  00000668    000003a4     PWM_config.obj (.text)
                  00000a0c    000000c4     ULTRASONIC_config.obj (.text)
                  00000ad0    0000009c     rtsv7M4_T_le_v4SPD16_eabi.lib : memcpy_t2.obj (.text)
                  00000b6c    00000098     GPIO_config.obj (.text)
                  00000c04    00000090     UART_config.obj (.text)
                  00000c94    0000007a     rtsv7M4_T_le_v4SPD16_eabi.lib : memset_t2.obj (.text)
                  00000d0e    00000002                                   : mpu_init.obj (.text)
                  00000d10    00000070     TIMER_config.obj (.text)
                  00000d80    00000070     rtsv7M4_T_le_v4SPD16_eabi.lib : autoinit.obj (.text)
                  00000df0    00000068                                   : copy_decompress_lzss.obj (.text:decompress:lzss)
                  00000e58    00000054                                   : boot.obj (.text)
                  00000eac    00000054                                   : exit.obj (.text)
                  00000f00    0000004c                                   : cpy_tbl.obj (.text)
                  00000f4c    00000018                                   : args_main.obj (.text)
                  00000f64    00000014                                   : _lock.obj (.text)
                  00000f78    0000000e                                   : copy_decompress_none.obj (.text:decompress:none)
                  00000f86    0000000c     driverlib.lib : gpio.obj (.text:GPIOIntEnable)
                  00000f92    0000000c     rtsv7M4_T_le_v4SPD16_eabi.lib : copy_zero_init.obj (.text:decompress:ZI)
                  00000f9e    0000000c     tm4c123gh6pm_startup_ccs.obj (.text)
                  00000faa    00000006     driverlib.lib : gpio.obj (.text:GPIOIntClear)
                  00000fb0    00000004     rtsv7M4_T_le_v4SPD16_eabi.lib : pre_init.obj (.text)
                  00000fb4    00000002                                   : startup.obj (.text)

.cinit     0    00000fb8    00000048     
                  00000fb8    00000021     (.cinit..data.load) [load image, compression = lzss]
                  00000fd9    00000003     --HOLE-- [fill = 0]
                  00000fdc    0000000c     (__TI_handler_table)
                  00000fe8    00000008     (.cinit..bss.load) [load image, compression = zero_init]
                  00000ff0    00000010     (__TI_cinit_table)

.init_array 
*          0    00000000    00000000     UNINITIALIZED

.stack     0    20000000    00000200     UNINITIALIZED
                  20000000    00000200     --HOLE--

.data      0    20000200    00000034     UNINITIALIZED
                  20000200    0000000c     rtsv7M4_T_le_v4SPD16_eabi.lib : exit.obj (.data:$O1$$)
                  2000020c    00000008                                   : _lock.obj (.data:$O1$$)
                  20000214    00000008     main.obj (.data:ui32EchoDuration)
                  2000021c    00000004     PWM_config.obj (.data:i16Adjust_PWM0_1)
                  20000220    00000004     PWM_config.obj (.data:i16Adjust_PWM0_3)
                  20000224    00000004     PWM_config.obj (.data:i16Adjust_PWM0_5)
                  20000228    00000004     PWM_config.obj (.data:i16Adjust_PWM1_2)
                  2000022c    00000004     rtsv7M4_T_le_v4SPD16_eabi.lib : stkdepth_vars.obj (.data)
                  20000230    00000002     main.obj (.data)
                  20000232    00000002     main.obj (.data:ui8ServoStatus)

.bss       0    20000234    00000004     UNINITIALIZED
                  20000234    00000004     PWM_config.obj (.bss)

MODULE SUMMARY

       Module                         code   ro data   rw data
       ------                         ----   -------   -------
    .\
       main.obj                       1020   0         12     
       PWM_config.obj                 932    0         20     
       tm4c123gh6pm_startup_ccs.obj   12     620       0      
       ULTRASONIC_config.obj          196    0         0      
       GPIO_config.obj                152    0         0      
       UART_config.obj                144    0         0      
       TIMER_config.obj               112    0         0      
    +--+------------------------------+------+---------+---------+
       Total:                         2568   620       32     
                                                              
    C:/ti/TivaWare_C_Series-2.1.4.178/driverlib/ccs/Debug/driverlib.lib
       gpio.obj                       18     0         0      
    +--+------------------------------+------+---------+---------+
       Total:                         18     0         0      
                                                              
    C:\ti\ccsv7\tools\compiler\ti-cgt-arm_16.9.1.LTS\lib\rtsv7M4_T_le_v4SPD16_eabi.lib
       memcpy_t2.obj                  156    0         0      
       memset_t2.obj                  122    0         0      
       autoinit.obj                   112    0         0      
       copy_decompress_lzss.obj       104    0         0      
       exit.obj                       84     0         12     
       boot.obj                       84     0         0      
       cpy_tbl.obj                    76     0         0      
       _lock.obj                      20     0         8      
       args_main.obj                  24     0         0      
       copy_decompress_none.obj       14     0         0      
       copy_zero_init.obj             12     0         0      
       pre_init.obj                   4      0         0      
       stkdepth_vars.obj              0      0         4      
       mpu_init.obj                   2      0         0      
       startup.obj                    2      0         0      
    +--+------------------------------+------+---------+---------+
       Total:                         816    0         24     
                                                              
       Stack:                         0      0         512    
       Linker Generated:              0      69        0      
    +--+------------------------------+------+---------+---------+
       Grand Total:                   3402   689       568    


LINKER GENERATED COPY TABLES

__TI_cinit_table @ 00000ff0 records: 2, size/record: 8, table size: 16
	.data: load addr=00000fb8, load size=00000021 bytes, run addr=20000200, run size=00000034 bytes, compression=lzss
	.bss: load addr=00000fe8, load size=00000008 bytes, run addr=20000234, run size=00000004 bytes, compression=zero_init


LINKER GENERATED HANDLER TABLE

__TI_handler_table @ 00000fdc records: 3, size/record: 4, table size: 12
	index: 0, handler: __TI_decompress_lzss
	index: 1, handler: __TI_decompress_none
	index: 2, handler: __TI_zero_init


GLOBAL SYMBOLS: SORTED ALPHABETICALLY BY Name 

address   name                           
-------   ----                           
00000bc9  BUTTON_enable                  
00000b6d  BUTTON_init                    
00000ead  C$$EXIT                        
00000fab  GPIOIntClear                   
00000f87  GPIOIntEnable                  
000009b1  PWM0_1_enable                  
00000913  PWM0_1_init                    
000008ed  PWM0_1_update                  
000008db  PWM0_3_enable                  
0000083d  PWM0_3_init                    
00000817  PWM0_3_update                  
00000805  PWM0_5_enable                  
00000765  PWM0_5_init                    
0000073f  PWM0_5_update                  
0000072d  PWM1_2_enable                  
0000068f  PWM1_2_init                    
00000669  PWM1_2_update                  
0000056d  PortAIntHandler                
000003eb  PortFIntHandler                
00000f9f  ResetISR                       
UNDEFED   SHT$$INIT_ARRAY$$Base          
UNDEFED   SHT$$INIT_ARRAY$$Limit         
00000d4d  TIMER0_enable                  
00000d11  TIMER0_init                    
0000039f  Timer0IntHandler               
0000036d  Timer1IntHandler               
000002c5  UART0IntHandler                
00000c5d  UART0_enable                   
00000c05  UART0_init                     
00000a7d  ULTRASONIC_enable              
00000a0d  ULTRASONIC_init                
20000200  __STACK_END                    
00000200  __STACK_SIZE                   
20000200  __STACK_TOP                    
00000ff0  __TI_CINIT_Base                
00001000  __TI_CINIT_Limit               
00000fdc  __TI_Handler_Table_Base        
00000fe8  __TI_Handler_Table_Limit       
00000d81  __TI_auto_init                 
20000200  __TI_cleanup_ptr               
00000df1  __TI_decompress_lzss           
00000f79  __TI_decompress_none           
20000204  __TI_dtors_ptr                 
20000208  __TI_enable_exit_profile_output
ffffffff  __TI_pprof_out_hndl            
ffffffff  __TI_prof_data_size            
ffffffff  __TI_prof_data_start           
00000000  __TI_static_base__             
00000f93  __TI_zero_init                 
00000c95  __aeabi_memclr                 
00000c95  __aeabi_memclr4                
00000c95  __aeabi_memclr8                
00000ad1  __aeabi_memcpy                 
00000ad1  __aeabi_memcpy4                
00000ad1  __aeabi_memcpy8                
00000c97  __aeabi_memset                 
00000c97  __aeabi_memset4                
00000c97  __aeabi_memset8                
ffffffff  __binit__                      
ffffffff  __c_args__                     
00000d0f  __mpu_init                     
20000000  __stack                        
00000f4d  _args_main                     
00000e59  _c_int00                       
2000020c  _lock                          
00000f73  _nop                           
00000f6b  _register_lock                 
00000f65  _register_unlock               
00000fb5  _system_post_cinit             
00000fb1  _system_pre_init               
20000210  _unlock                        
00000eb1  abort                          
ffffffff  binit                          
00000f01  copy_in                        
00000eb9  exit                           
00000000  g_pfnVectors                   
0000026d  main                           
2000022c  main_func_sp                   
00000ad1  memcpy                         
00000c9d  memset                         


GLOBAL SYMBOLS: SORTED BY Symbol Address 

address   name                           
-------   ----                           
00000000  __TI_static_base__             
00000000  g_pfnVectors                   
00000200  __STACK_SIZE                   
0000026d  main                           
000002c5  UART0IntHandler                
0000036d  Timer1IntHandler               
0000039f  Timer0IntHandler               
000003eb  PortFIntHandler                
0000056d  PortAIntHandler                
00000669  PWM1_2_update                  
0000068f  PWM1_2_init                    
0000072d  PWM1_2_enable                  
0000073f  PWM0_5_update                  
00000765  PWM0_5_init                    
00000805  PWM0_5_enable                  
00000817  PWM0_3_update                  
0000083d  PWM0_3_init                    
000008db  PWM0_3_enable                  
000008ed  PWM0_1_update                  
00000913  PWM0_1_init                    
000009b1  PWM0_1_enable                  
00000a0d  ULTRASONIC_init                
00000a7d  ULTRASONIC_enable              
00000ad1  __aeabi_memcpy                 
00000ad1  __aeabi_memcpy4                
00000ad1  __aeabi_memcpy8                
00000ad1  memcpy                         
00000b6d  BUTTON_init                    
00000bc9  BUTTON_enable                  
00000c05  UART0_init                     
00000c5d  UART0_enable                   
00000c95  __aeabi_memclr                 
00000c95  __aeabi_memclr4                
00000c95  __aeabi_memclr8                
00000c97  __aeabi_memset                 
00000c97  __aeabi_memset4                
00000c97  __aeabi_memset8                
00000c9d  memset                         
00000d0f  __mpu_init                     
00000d11  TIMER0_init                    
00000d4d  TIMER0_enable                  
00000d81  __TI_auto_init                 
00000df1  __TI_decompress_lzss           
00000e59  _c_int00                       
00000ead  C$$EXIT                        
00000eb1  abort                          
00000eb9  exit                           
00000f01  copy_in                        
00000f4d  _args_main                     
00000f65  _register_unlock               
00000f6b  _register_lock                 
00000f73  _nop                           
00000f79  __TI_decompress_none           
00000f87  GPIOIntEnable                  
00000f93  __TI_zero_init                 
00000f9f  ResetISR                       
00000fab  GPIOIntClear                   
00000fb1  _system_pre_init               
00000fb5  _system_post_cinit             
00000fdc  __TI_Handler_Table_Base        
00000fe8  __TI_Handler_Table_Limit       
00000ff0  __TI_CINIT_Base                
00001000  __TI_CINIT_Limit               
20000000  __stack                        
20000200  __STACK_END                    
20000200  __STACK_TOP                    
20000200  __TI_cleanup_ptr               
20000204  __TI_dtors_ptr                 
20000208  __TI_enable_exit_profile_output
2000020c  _lock                          
20000210  _unlock                        
2000022c  main_func_sp                   
ffffffff  __TI_pprof_out_hndl            
ffffffff  __TI_prof_data_size            
ffffffff  __TI_prof_data_start           
ffffffff  __binit__                      
ffffffff  __c_args__                     
ffffffff  binit                          
UNDEFED   SHT$$INIT_ARRAY$$Base          
UNDEFED   SHT$$INIT_ARRAY$$Limit         

[80 symbols]
