******************************************************************************
                  TI ARM Linker PC v5.1.1                      
******************************************************************************
>> Linked Tue Oct 15 12:59:35 2013

OUTPUT FILE NAME:   <lab8.out>
ENTRY POINT SYMBOL: "_c_int00"  address: 000003fd


MEMORY CONFIGURATION

         name            origin    length      used     unused   attr    fill
----------------------  --------  ---------  --------  --------  ----  --------
  FLASH                 00000000   00040000  00000538  0003fac8  R  X
  SRAM                  20000000   00008000  00000078  00007f88  RW X


SEGMENT ALLOCATION MAP

run origin  load origin   length   init length attrs members
----------  ----------- ---------- ----------- ----- -------
00000000    00000000    00000538   00000538    r-x
  00000000    00000000    0000026c   0000026c    r-- .intvecs
  0000026c    0000026c    000002ac   000002ac    r-x .text
  00000518    00000518    00000020   00000020    r-- .cinit
20000000    20000000    00000078   00000000    rw-
  20000000    20000000    00000064   00000000    rw- .stack
  20000064    20000064    00000014   00000000    rw- .data


SECTION ALLOCATION MAP

 output                                  attributes/
section   page    origin      length       input sections
--------  ----  ----------  ----------   ----------------
.intvecs   0    00000000    0000026c     
                  00000000    0000026c     tm4c123gh6pm_startup_ccs.obj (.intvecs)

.init_array 
*          0    00000000    00000000     UNINITIALIZED

.text      0    0000026c    000002ac     
                  0000026c    0000009c     rtsv7M4_T_le_v4SPD16_eabi.lib : memcpy_t2.obj (.text)
                  00000308    00000094                                   : auto_init.obj (.text)
                  0000039c    0000005e                                   : copy_decompress_rle.obj (.text)
                  000003fa    00000002     --HOLE-- [fill = 0]
                  000003fc    00000048                                   : boot.obj (.text)
                  00000444    00000044                                   : cpy_tbl.obj (.text)
                  00000488    00000044                                   : exit.obj (.text)
                  000004cc    00000018                                   : args_main.obj (.text)
                  000004e4    00000014                                   : _lock.obj (.text)
                  000004f8    0000000e                                   : copy_decompress_none.obj (.text:decompress:none)
                  00000506    0000000c     tm4c123gh6pm_startup_ccs.obj (.text)
                  00000512    00000006     rtsv7M4_T_le_v4SPD16_eabi.lib : copy_decompress_rle.obj (.text:decompress:rle24)

.cinit     0    00000518    00000020     
                  00000518    0000000f     (.cinit..data.load) [load image, compression = rle]
                  00000527    00000001     --HOLE-- [fill = 0]
                  00000528    00000008     (__TI_handler_table)
                  00000530    00000008     (__TI_cinit_table)

.stack     0    20000000    00000064     UNINITIALIZED
                  20000000    00000064     --HOLE--

.data      0    20000064    00000014     UNINITIALIZED
                  20000064    00000008     rtsv7M4_T_le_v4SPD16_eabi.lib : _lock.obj (.data)
                  2000006c    00000008                                   : exit.obj (.data)
                  20000074    00000004                                   : stkdepth_vars.obj (.data)


LINKER GENERATED COPY TABLES

__TI_cinit_table @ 00000530 records: 1, size/record: 8, table size: 8
	.data: load addr=00000518, load size=0000000f bytes, run addr=20000064, run size=00000014 bytes, compression=rle


LINKER GENERATED HANDLER TABLE

__TI_handler_table @ 00000528 records: 2, size/record: 4, table size: 8
	index: 0, handler: __TI_decompress_rle24
	index: 1, handler: __TI_decompress_none


GLOBAL SYMBOLS: SORTED ALPHABETICALLY BY Name 

address    name
--------   ----
00000489   C$$EXIT
00000507   ResetISR
UNDEFED    SHT$$INIT_ARRAY$$Base
UNDEFED    SHT$$INIT_ARRAY$$Limit
20000064   __STACK_END
00000064   __STACK_SIZE
20000200   __STACK_TOP
00000530   __TI_CINIT_Base
00000538   __TI_CINIT_Limit
00000528   __TI_Handler_Table_Base
00000530   __TI_Handler_Table_Limit
00000001   __TI_args_main
00000309   __TI_auto_init
2000006c   __TI_cleanup_ptr
000004f9   __TI_decompress_none
00000513   __TI_decompress_rle24
20000070   __TI_dtors_ptr
00000000   __TI_static_base__
0000026d   __aeabi_memcpy
0000026d   __aeabi_memcpy4
0000026d   __aeabi_memcpy8
ffffffff   __binit__
ffffffff   __c_args__
20000000   __stack
000004cd   _args_main
000003fd   _c_int00
20000064   _lock
000004f3   _nop
000004eb   _register_lock
000004e5   _register_unlock
20000068   _unlock
0000048d   abort
ffffffff   binit
00000445   copy_in
00000495   exit
00000000   g_pfnVectors
UNDEFED    main
20000074   main_func_sp
0000026d   memcpy


GLOBAL SYMBOLS: SORTED BY Symbol Address 

address    name
--------   ----
00000000   __TI_static_base__
00000000   g_pfnVectors
00000001   __TI_args_main
00000064   __STACK_SIZE
0000026d   __aeabi_memcpy
0000026d   __aeabi_memcpy4
0000026d   __aeabi_memcpy8
0000026d   memcpy
00000309   __TI_auto_init
000003fd   _c_int00
00000445   copy_in
00000489   C$$EXIT
0000048d   abort
00000495   exit
000004cd   _args_main
000004e5   _register_unlock
000004eb   _register_lock
000004f3   _nop
000004f9   __TI_decompress_none
00000507   ResetISR
00000513   __TI_decompress_rle24
00000528   __TI_Handler_Table_Base
00000530   __TI_CINIT_Base
00000530   __TI_Handler_Table_Limit
00000538   __TI_CINIT_Limit
20000000   __stack
20000064   __STACK_END
20000064   _lock
20000068   _unlock
2000006c   __TI_cleanup_ptr
20000070   __TI_dtors_ptr
20000074   main_func_sp
20000200   __STACK_TOP
ffffffff   __binit__
ffffffff   __c_args__
ffffffff   binit
UNDEFED    SHT$$INIT_ARRAY$$Base
UNDEFED    SHT$$INIT_ARRAY$$Limit
UNDEFED    main

[39 symbols]
