******************************************************************************
                  TI ARM Linker PC v16.9.1                     
******************************************************************************
>> Linked Thu Oct 05 01:01:39 2017

OUTPUT FILE NAME:   <TM4C123G LaunchPad PID with UART and FPU.out>
ENTRY POINT SYMBOL: "_c_int00"  address: 00000fd5


MEMORY CONFIGURATION

         name            origin    length      used     unused   attr    fill
----------------------  --------  ---------  --------  --------  ----  --------
  FLASH                 00000000   00040000  0000140b  0003ebf5  R  X
  SRAM                  20000000   00008000  000004c6  00007b3a  RW X


SEGMENT ALLOCATION MAP

run origin  load origin   length   init length attrs members
----------  ----------- ---------- ----------- ----- -------
00000000    00000000    00001410   00001410    r-x
  00000000    00000000    0000026c   0000026c    r-- .intvecs
  0000026c    0000026c    00000fa2   00000fa2    r-x .text
  00001210    00001210    000001b5   000001b5    r-- .const
  000013c8    000013c8    00000048   00000048    r-- .cinit
20000000    20000000    000004c8   00000000    rw-
  20000000    20000000    0000026c   00000000    rw- .vtable
  2000026c    2000026c    00000200   00000000    rw- .stack
  2000046c    2000046c    00000032   00000000    rw- .data
  200004a0    200004a0    00000028   00000000    rw- .bss


SECTION ALLOCATION MAP

 output                                  attributes/
section   page    origin      length       input sections
--------  ----  ----------  ----------   ----------------
.intvecs   0    00000000    0000026c     
                  00000000    0000026c     tm4c123gh6pm_startup_ccs.obj (.intvecs)

.text      0    0000026c    00000fa2     
                  0000026c    00000388     main.obj (.text)
                  000005f4    000001f4     rtsv7M4_T_le_v4SPD16_eabi.lib : ull_div_t2.obj (.text)
                  000007e8    000001dc                                   : strtoll.obj (.text)
                  000009c4    000000fc                                   : fd_mul_t2.obj (.text)
                  00000ac0    000000ec     PWM_config.obj (.text)
                  00000bac    000000d0     QEI_config.obj (.text)
                  00000c7c    0000009c     rtsv7M4_T_le_v4SPD16_eabi.lib : memcpy_t2.obj (.text)
                  00000d18    00000090     UART_config.obj (.text)
                  00000da8    0000007a     rtsv7M4_T_le_v4SPD16_eabi.lib : memset_t2.obj (.text)
                  00000e22    00000002                                   : mpu_init.obj (.text)
                  00000e24    00000070                                   : autoinit.obj (.text)
                  00000e94    0000006e                                   : fd_tos_t2.obj (.text)
                  00000f02    00000002                                   : startup.obj (.text)
                  00000f04    00000068     driverlib.lib : interrupt.obj (.text:IntEnable)
                  00000f6c    00000068     rtsv7M4_T_le_v4SPD16_eabi.lib : copy_decompress_lzss.obj (.text:decompress:lzss)
                  00000fd4    00000054                                   : boot.obj (.text)
                  00001028    00000054                                   : exit.obj (.text)
                  0000107c    0000004c                                   : cpy_tbl.obj (.text)
                  000010c8    00000048     driverlib.lib : qei.obj (.text:_QEIIntNumberGet)
                  00001110    00000034                   : interrupt.obj (.text:IntRegister)
                  00001144    0000002e     rtsv7M4_T_le_v4SPD16_eabi.lib : i_tofd_t2.obj (.text)
                  00001172    00000018     driverlib.lib : qei.obj (.text:QEIIntRegister)
                  0000118a    00000002     --HOLE-- [fill = 0]
                  0000118c    00000018     rtsv7M4_T_le_v4SPD16_eabi.lib : args_main.obj (.text)
                  000011a4    00000018                                   : ll_mul_t2.obj (.text)
                  000011bc    00000014                                   : _lock.obj (.text)
                  000011d0    00000014                                   : strlen.obj (.text)
                  000011e4    0000000e                                   : copy_decompress_none.obj (.text:decompress:none)
                  000011f2    0000000c                                   : copy_zero_init.obj (.text:decompress:ZI)
                  000011fe    0000000c     tm4c123gh6pm_startup_ccs.obj (.text)
                  0000120a    00000004     rtsv7M4_T_le_v4SPD16_eabi.lib : pre_init.obj (.text)

.const     0    00001210    000001b5     
                  00001210    00000101     rtsv7M4_T_le_v4SPD16_eabi.lib : ctype.obj (.const:.string:_ctypes_)
                  00001311    00000003     --HOLE-- [fill = 0]
                  00001314    00000070     driverlib.lib : interrupt.obj (.const)
                  00001384    00000041     main.obj (.const:.string:$P$T0$1)

.cinit     0    000013c8    00000048     
                  000013c8    00000012     (.cinit..data.load) [load image, compression = lzss]
                  000013da    00000002     --HOLE-- [fill = 0]
                  000013dc    0000000c     (__TI_handler_table)
                  000013e8    00000008     (.cinit..bss.load) [load image, compression = zero_init]
                  000013f0    00000008     (.cinit..vtable.load) [load image, compression = zero_init]
                  000013f8    00000018     (__TI_cinit_table)

.init_array 
*          0    00000000    00000000     UNINITIALIZED

.vtable    0    20000000    0000026c     UNINITIALIZED
                  20000000    0000026c     driverlib.lib : interrupt.obj (.vtable)

.stack     0    2000026c    00000200     UNINITIALIZED
                  2000026c    00000200     --HOLE--

.data      0    2000046c    00000032     UNINITIALIZED
                  2000046c    00000014     main.obj (.data)
                  20000480    0000000c     rtsv7M4_T_le_v4SPD16_eabi.lib : exit.obj (.data:$O1$$)
                  2000048c    00000008                                   : _lock.obj (.data:$O1$$)
                  20000494    00000004                                   : errno.obj (.data)
                  20000498    00000004                                   : stkdepth_vars.obj (.data)
                  2000049c    00000002     PWM_config.obj (.data)

.bss       0    200004a0    00000028     UNINITIALIZED
                  200004a0    00000018     main.obj (.bss)
                  200004b8    00000008     (.common:UARTinput)
                  200004c0    00000004     PWM_config.obj (.bss)
                  200004c4    00000004     QEI_config.obj (.bss)

MODULE SUMMARY

       Module                         code   ro data   rw data
       ------                         ----   -------   -------
    .\
       main.obj                       904    65        52     
       tm4c123gh6pm_startup_ccs.obj   12     620       0      
       PWM_config.obj                 236    0         6      
       QEI_config.obj                 208    0         4      
       UART_config.obj                144    0         0      
    +--+------------------------------+------+---------+---------+
       Total:                         1504   685       62     
                                                              
    C:/ti/TivaWare_C_Series-2.1.4.178/driverlib/ccs/Debug/driverlib.lib
       interrupt.obj                  156    112       620    
       qei.obj                        96     0         0      
    +--+------------------------------+------+---------+---------+
       Total:                         252    112       620    
                                                              
    C:\ti\ccsv7\tools\compiler\ti-cgt-arm_16.9.1.LTS\lib\rtsv7M4_T_le_v4SPD16_eabi.lib
       ull_div_t2.obj                 500    0         0      
       strtoll.obj                    476    0         0      
       ctype.obj                      0      257       0      
       fd_mul_t2.obj                  252    0         0      
       memcpy_t2.obj                  156    0         0      
       memset_t2.obj                  122    0         0      
       autoinit.obj                   112    0         0      
       fd_tos_t2.obj                  110    0         0      
       copy_decompress_lzss.obj       104    0         0      
       exit.obj                       84     0         12     
       boot.obj                       84     0         0      
       cpy_tbl.obj                    76     0         0      
       i_tofd_t2.obj                  46     0         0      
       _lock.obj                      20     0         8      
       args_main.obj                  24     0         0      
       ll_mul_t2.obj                  24     0         0      
       strlen.obj                     20     0         0      
       copy_decompress_none.obj       14     0         0      
       copy_zero_init.obj             12     0         0      
       errno.obj                      0      0         4      
       pre_init.obj                   4      0         0      
       stkdepth_vars.obj              0      0         4      
       mpu_init.obj                   2      0         0      
       startup.obj                    2      0         0      
    +--+------------------------------+------+---------+---------+
       Total:                         2244   257       28     
                                                              
       Stack:                         0      0         512    
       Linker Generated:              0      70        0      
    +--+------------------------------+------+---------+---------+
       Grand Total:                   4000   1124      1222   


LINKER GENERATED COPY TABLES

__TI_cinit_table @ 000013f8 records: 3, size/record: 8, table size: 24
	.data: load addr=000013c8, load size=00000012 bytes, run addr=2000046c, run size=00000032 bytes, compression=lzss
	.bss: load addr=000013e8, load size=00000008 bytes, run addr=200004a0, run size=00000028 bytes, compression=zero_init
	.vtable: load addr=000013f0, load size=00000008 bytes, run addr=20000000, run size=0000026c bytes, compression=zero_init


LINKER GENERATED HANDLER TABLE

__TI_handler_table @ 000013dc records: 3, size/record: 4, table size: 12
	index: 0, handler: __TI_zero_init
	index: 1, handler: __TI_decompress_lzss
	index: 2, handler: __TI_decompress_none


GLOBAL SYMBOLS: SORTED ALPHABETICALLY BY Name 

address   name                           
-------   ----                           
00001029  C$$EXIT                        
00000f05  IntEnable                      
00001111  IntRegister                    
000003a3  PID_Update                     
00000b79  PWM1_0_enable                  
00000ac1  PWM1_0_init                    
0000051b  QEI1IntHandler                 
00000c2d  QEI1_enable                    
00000bad  QEI1_init                      
00001173  QEIIntRegister                 
000011ff  ResetISR                       
UNDEFED   SHT$$INIT_ARRAY$$Base          
UNDEFED   SHT$$INIT_ARRAY$$Limit         
00000307  UART0IntHandler                
00000d89  UART0_enable                   
00000d19  UART0_init                     
200004b8  UARTinput                      
2000046c  __STACK_END                    
00000200  __STACK_SIZE                   
2000046c  __STACK_TOP                    
000013f8  __TI_CINIT_Base                
00001410  __TI_CINIT_Limit               
000013dc  __TI_Handler_Table_Base        
000013e8  __TI_Handler_Table_Limit       
00000e25  __TI_auto_init                 
20000480  __TI_cleanup_ptr               
00000f6d  __TI_decompress_lzss           
000011e5  __TI_decompress_none           
20000484  __TI_dtors_ptr                 
20000488  __TI_enable_exit_profile_output
ffffffff  __TI_pprof_out_hndl            
ffffffff  __TI_prof_data_size            
ffffffff  __TI_prof_data_start           
00000000  __TI_static_base__             
000011f3  __TI_zero_init                 
00000e95  __aeabi_d2f                    
000009c5  __aeabi_dmul                   
00001145  __aeabi_i2d                    
000011a5  __aeabi_lmul                   
00000da9  __aeabi_memclr                 
00000da9  __aeabi_memclr4                
00000da9  __aeabi_memclr8                
00000c7d  __aeabi_memcpy                 
00000c7d  __aeabi_memcpy4                
00000c7d  __aeabi_memcpy8                
00000dab  __aeabi_memset                 
00000dab  __aeabi_memset4                
00000dab  __aeabi_memset8                
000005f5  __aeabi_uldivmod               
ffffffff  __binit__                      
ffffffff  __c_args__                     
00000e23  __mpu_init                     
2000026c  __stack                        
0000118d  _args_main                     
00000fd5  _c_int00                       
00001210  _ctypes_                       
2000048c  _lock                          
000011cb  _nop                           
000011c3  _register_lock                 
000011bd  _register_unlock               
00000f03  _system_post_cinit             
0000120b  _system_pre_init               
20000490  _unlock                        
0000102d  abort                          
ffffffff  binit                          
000002e5  concat                         
0000107d  copy_in                        
20000494  errno                          
00001035  exit                           
20000000  g_pfnRAMVectors                
00000000  g_pfnVectors                   
0000026d  main                           
20000498  main_func_sp                   
00000c7d  memcpy                         
00000db1  memset                         
000011d1  strlen                         
000007e9  strtoimax                      
000007e9  strtoll                        


GLOBAL SYMBOLS: SORTED BY Symbol Address 

address   name                           
-------   ----                           
00000000  __TI_static_base__             
00000000  g_pfnVectors                   
00000200  __STACK_SIZE                   
0000026d  main                           
000002e5  concat                         
00000307  UART0IntHandler                
000003a3  PID_Update                     
0000051b  QEI1IntHandler                 
000005f5  __aeabi_uldivmod               
000007e9  strtoimax                      
000007e9  strtoll                        
000009c5  __aeabi_dmul                   
00000ac1  PWM1_0_init                    
00000b79  PWM1_0_enable                  
00000bad  QEI1_init                      
00000c2d  QEI1_enable                    
00000c7d  __aeabi_memcpy                 
00000c7d  __aeabi_memcpy4                
00000c7d  __aeabi_memcpy8                
00000c7d  memcpy                         
00000d19  UART0_init                     
00000d89  UART0_enable                   
00000da9  __aeabi_memclr                 
00000da9  __aeabi_memclr4                
00000da9  __aeabi_memclr8                
00000dab  __aeabi_memset                 
00000dab  __aeabi_memset4                
00000dab  __aeabi_memset8                
00000db1  memset                         
00000e23  __mpu_init                     
00000e25  __TI_auto_init                 
00000e95  __aeabi_d2f                    
00000f03  _system_post_cinit             
00000f05  IntEnable                      
00000f6d  __TI_decompress_lzss           
00000fd5  _c_int00                       
00001029  C$$EXIT                        
0000102d  abort                          
00001035  exit                           
0000107d  copy_in                        
00001111  IntRegister                    
00001145  __aeabi_i2d                    
00001173  QEIIntRegister                 
0000118d  _args_main                     
000011a5  __aeabi_lmul                   
000011bd  _register_unlock               
000011c3  _register_lock                 
000011cb  _nop                           
000011d1  strlen                         
000011e5  __TI_decompress_none           
000011f3  __TI_zero_init                 
000011ff  ResetISR                       
0000120b  _system_pre_init               
00001210  _ctypes_                       
000013dc  __TI_Handler_Table_Base        
000013e8  __TI_Handler_Table_Limit       
000013f8  __TI_CINIT_Base                
00001410  __TI_CINIT_Limit               
20000000  g_pfnRAMVectors                
2000026c  __stack                        
2000046c  __STACK_END                    
2000046c  __STACK_TOP                    
20000480  __TI_cleanup_ptr               
20000484  __TI_dtors_ptr                 
20000488  __TI_enable_exit_profile_output
2000048c  _lock                          
20000490  _unlock                        
20000494  errno                          
20000498  main_func_sp                   
200004b8  UARTinput                      
ffffffff  __TI_pprof_out_hndl            
ffffffff  __TI_prof_data_size            
ffffffff  __TI_prof_data_start           
ffffffff  __binit__                      
ffffffff  __c_args__                     
ffffffff  binit                          
UNDEFED   SHT$$INIT_ARRAY$$Base          
UNDEFED   SHT$$INIT_ARRAY$$Limit         

[78 symbols]
