******************************************************************************
                  TI ARM Linker PC v16.9.1                     
******************************************************************************
>> Linked Sun Sep 17 23:20:12 2017

OUTPUT FILE NAME:   <TM4C123G LaunchPad ADC Temp Sensor.out>
ENTRY POINT SYMBOL: "_c_int00"  address: 000005e5


MEMORY CONFIGURATION

         name            origin    length      used     unused   attr    fill
----------------------  --------  ---------  --------  --------  ----  --------
  FLASH                 00000000   00040000  00000768  0003f898  R  X
  SRAM                  20000000   00008000  00000244  00007dbc  RW X


SEGMENT ALLOCATION MAP

run origin  load origin   length   init length attrs members
----------  ----------- ---------- ----------- ----- -------
00000000    00000000    00000768   00000768    r-x
  00000000    00000000    0000026c   0000026c    r-- .intvecs
  0000026c    0000026c    000004c4   000004c4    r-x .text
  00000730    00000730    00000038   00000038    r-- .cinit
20000000    20000000    00000244   00000000    rw-
  20000000    20000000    00000200   00000000    rw- .stack
  20000200    20000200    0000002c   00000000    rw- .bss
  2000022c    2000022c    00000018   00000000    rw- .data


SECTION ALLOCATION MAP

 output                                  attributes/
section   page    origin      length       input sections
--------  ----  ----------  ----------   ----------------
.intvecs   0    00000000    0000026c     
                  00000000    0000026c     tm4c123gh6pm_startup_ccs.obj (.intvecs)

.text      0    0000026c    000004c4     
                  0000026c    00000188     main.obj (.text)
                  000003f4    0000009c     rtsv7M4_T_le_v4SPD16_eabi.lib : memcpy_t2.obj (.text)
                  00000490    0000007a                                   : memset_t2.obj (.text)
                  0000050a    00000002                                   : mpu_init.obj (.text)
                  0000050c    00000070                                   : autoinit.obj (.text)
                  0000057c    00000068                                   : copy_decompress_lzss.obj (.text:decompress:lzss)
                  000005e4    00000054                                   : boot.obj (.text)
                  00000638    00000054                                   : exit.obj (.text)
                  0000068c    0000004c                                   : cpy_tbl.obj (.text)
                  000006d8    00000018                                   : args_main.obj (.text)
                  000006f0    00000014                                   : _lock.obj (.text)
                  00000704    0000000e                                   : copy_decompress_none.obj (.text:decompress:none)
                  00000712    0000000c                                   : copy_zero_init.obj (.text:decompress:ZI)
                  0000071e    0000000c     tm4c123gh6pm_startup_ccs.obj (.text)
                  0000072a    00000004     rtsv7M4_T_le_v4SPD16_eabi.lib : pre_init.obj (.text)
                  0000072e    00000002                                   : startup.obj (.text)

.cinit     0    00000730    00000038     
                  00000730    00000011     (.cinit..data.load) [load image, compression = lzss]
                  00000741    00000003     --HOLE-- [fill = 0]
                  00000744    0000000c     (__TI_handler_table)
                  00000750    00000008     (.cinit..bss.load) [load image, compression = zero_init]
                  00000758    00000010     (__TI_cinit_table)

.init_array 
*          0    00000000    00000000     UNINITIALIZED

.stack     0    20000000    00000200     UNINITIALIZED
                  20000000    00000200     --HOLE--

.bss       0    20000200    0000002c     UNINITIALIZED
                  20000200    00000020     (.common:ui32ADC0Value)
                  20000220    00000004     (.common:ui32TempAvg)
                  20000224    00000004     (.common:ui32TempValueC)
                  20000228    00000004     (.common:ui32TempValueF)

.data      0    2000022c    00000018     UNINITIALIZED
                  2000022c    0000000c     rtsv7M4_T_le_v4SPD16_eabi.lib : exit.obj (.data:$O1$$)
                  20000238    00000008                                   : _lock.obj (.data:$O1$$)
                  20000240    00000004                                   : stkdepth_vars.obj (.data)

MODULE SUMMARY

       Module                         code   ro data   rw data
       ------                         ----   -------   -------
    .\
       tm4c123gh6pm_startup_ccs.obj   12     620       0      
       main.obj                       392    0         44     
    +--+------------------------------+------+---------+---------+
       Total:                         404    620       44     
                                                              
    C:\ti\ccsv7\tools\compiler\ti-cgt-arm_16.9.1.LTS\lib\rtsv7M4_T_le_v4SPD16_eabi.lib
       memcpy_t2.obj                  156    0         0      
       memset_t2.obj                  122    0         0      
       autoinit.obj                   112    0         0      
       copy_decompress_lzss.obj       104    0         0      
       exit.obj                       84     0         12     
       boot.obj                       84     0         0      
       cpy_tbl.obj                    76     0         0      
       _lock.obj                      20     0         8      
       args_main.obj                  24     0         0      
       copy_decompress_none.obj       14     0         0      
       copy_zero_init.obj             12     0         0      
       pre_init.obj                   4      0         0      
       stkdepth_vars.obj              0      0         4      
       mpu_init.obj                   2      0         0      
       startup.obj                    2      0         0      
    +--+------------------------------+------+---------+---------+
       Total:                         816    0         24     
                                                              
       Stack:                         0      0         512    
       Linker Generated:              0      53        0      
    +--+------------------------------+------+---------+---------+
       Grand Total:                   1220   673       580    


LINKER GENERATED COPY TABLES

__TI_cinit_table @ 00000758 records: 2, size/record: 8, table size: 16
	.data: load addr=00000730, load size=00000011 bytes, run addr=2000022c, run size=00000018 bytes, compression=lzss
	.bss: load addr=00000750, load size=00000008 bytes, run addr=20000200, run size=0000002c bytes, compression=zero_init


LINKER GENERATED HANDLER TABLE

__TI_handler_table @ 00000744 records: 3, size/record: 4, table size: 12
	index: 0, handler: __TI_decompress_lzss
	index: 1, handler: __TI_decompress_none
	index: 2, handler: __TI_zero_init


GLOBAL SYMBOLS: SORTED ALPHABETICALLY BY Name 

address   name                           
-------   ----                           
00000639  C$$EXIT                        
0000071f  ResetISR                       
UNDEFED   SHT$$INIT_ARRAY$$Base          
UNDEFED   SHT$$INIT_ARRAY$$Limit         
20000200  __STACK_END                    
00000200  __STACK_SIZE                   
20000200  __STACK_TOP                    
00000758  __TI_CINIT_Base                
00000768  __TI_CINIT_Limit               
00000744  __TI_Handler_Table_Base        
00000750  __TI_Handler_Table_Limit       
0000050d  __TI_auto_init                 
2000022c  __TI_cleanup_ptr               
0000057d  __TI_decompress_lzss           
00000705  __TI_decompress_none           
20000230  __TI_dtors_ptr                 
20000234  __TI_enable_exit_profile_output
ffffffff  __TI_pprof_out_hndl            
ffffffff  __TI_prof_data_size            
ffffffff  __TI_prof_data_start           
00000000  __TI_static_base__             
00000713  __TI_zero_init                 
00000491  __aeabi_memclr                 
00000491  __aeabi_memclr4                
00000491  __aeabi_memclr8                
000003f5  __aeabi_memcpy                 
000003f5  __aeabi_memcpy4                
000003f5  __aeabi_memcpy8                
00000493  __aeabi_memset                 
00000493  __aeabi_memset4                
00000493  __aeabi_memset8                
ffffffff  __binit__                      
ffffffff  __c_args__                     
0000050b  __mpu_init                     
20000000  __stack                        
000006d9  _args_main                     
000005e5  _c_int00                       
20000238  _lock                          
000006ff  _nop                           
000006f7  _register_lock                 
000006f1  _register_unlock               
0000072f  _system_post_cinit             
0000072b  _system_pre_init               
2000023c  _unlock                        
0000063d  abort                          
ffffffff  binit                          
0000068d  copy_in                        
00000645  exit                           
00000000  g_pfnVectors                   
0000026d  main                           
20000240  main_func_sp                   
000003f5  memcpy                         
00000499  memset                         
20000200  ui32ADC0Value                  
20000220  ui32TempAvg                    
20000224  ui32TempValueC                 
20000228  ui32TempValueF                 


GLOBAL SYMBOLS: SORTED BY Symbol Address 

address   name                           
-------   ----                           
00000000  __TI_static_base__             
00000000  g_pfnVectors                   
00000200  __STACK_SIZE                   
0000026d  main                           
000003f5  __aeabi_memcpy                 
000003f5  __aeabi_memcpy4                
000003f5  __aeabi_memcpy8                
000003f5  memcpy                         
00000491  __aeabi_memclr                 
00000491  __aeabi_memclr4                
00000491  __aeabi_memclr8                
00000493  __aeabi_memset                 
00000493  __aeabi_memset4                
00000493  __aeabi_memset8                
00000499  memset                         
0000050b  __mpu_init                     
0000050d  __TI_auto_init                 
0000057d  __TI_decompress_lzss           
000005e5  _c_int00                       
00000639  C$$EXIT                        
0000063d  abort                          
00000645  exit                           
0000068d  copy_in                        
000006d9  _args_main                     
000006f1  _register_unlock               
000006f7  _register_lock                 
000006ff  _nop                           
00000705  __TI_decompress_none           
00000713  __TI_zero_init                 
0000071f  ResetISR                       
0000072b  _system_pre_init               
0000072f  _system_post_cinit             
00000744  __TI_Handler_Table_Base        
00000750  __TI_Handler_Table_Limit       
00000758  __TI_CINIT_Base                
00000768  __TI_CINIT_Limit               
20000000  __stack                        
20000200  __STACK_END                    
20000200  __STACK_TOP                    
20000200  ui32ADC0Value                  
20000220  ui32TempAvg                    
20000224  ui32TempValueC                 
20000228  ui32TempValueF                 
2000022c  __TI_cleanup_ptr               
20000230  __TI_dtors_ptr                 
20000234  __TI_enable_exit_profile_output
20000238  _lock                          
2000023c  _unlock                        
20000240  main_func_sp                   
ffffffff  __TI_pprof_out_hndl            
ffffffff  __TI_prof_data_size            
ffffffff  __TI_prof_data_start           
ffffffff  __binit__                      
ffffffff  __c_args__                     
ffffffff  binit                          
UNDEFED   SHT$$INIT_ARRAY$$Base          
UNDEFED   SHT$$INIT_ARRAY$$Limit         

[57 symbols]
