******************************************************************************
                  TI ARM Linker PC v16.9.1                     
******************************************************************************
>> Linked Mon Sep 18 20:40:45 2017

OUTPUT FILE NAME:   <TM4C123G LaunchPad ADC Potentiometer.out>
ENTRY POINT SYMBOL: "_c_int00"  address: 00000611


MEMORY CONFIGURATION

         name            origin    length      used     unused   attr    fill
----------------------  --------  ---------  --------  --------  ----  --------
  FLASH                 00000000   00040000  00000794  0003f86c  R  X
  SRAM                  20000000   00008000  0000023c  00007dc4  RW X


SEGMENT ALLOCATION MAP

run origin  load origin   length   init length attrs members
----------  ----------- ---------- ----------- ----- -------
00000000    00000000    00000798   00000798    r-x
  00000000    00000000    0000026c   0000026c    r-- .intvecs
  0000026c    0000026c    000004f0   000004f0    r-x .text
  00000760    00000760    00000038   00000038    r-- .cinit
20000000    20000000    0000023c   00000000    rw-
  20000000    20000000    00000200   00000000    rw- .stack
  20000200    20000200    00000024   00000000    rw- .bss
  20000224    20000224    00000018   00000000    rw- .data


SECTION ALLOCATION MAP

 output                                  attributes/
section   page    origin      length       input sections
--------  ----  ----------  ----------   ----------------
.intvecs   0    00000000    0000026c     
                  00000000    0000026c     tm4c123gh6pm_startup_ccs.obj (.intvecs)

.text      0    0000026c    000004f0     
                  0000026c    000001b4     main.obj (.text)
                  00000420    0000009c     rtsv7M4_T_le_v4SPD16_eabi.lib : memcpy_t2.obj (.text)
                  000004bc    0000007a                                   : memset_t2.obj (.text)
                  00000536    00000002                                   : mpu_init.obj (.text)
                  00000538    00000070                                   : autoinit.obj (.text)
                  000005a8    00000068                                   : copy_decompress_lzss.obj (.text:decompress:lzss)
                  00000610    00000054                                   : boot.obj (.text)
                  00000664    00000054                                   : exit.obj (.text)
                  000006b8    0000004c                                   : cpy_tbl.obj (.text)
                  00000704    00000018                                   : args_main.obj (.text)
                  0000071c    00000014                                   : _lock.obj (.text)
                  00000730    0000000e                                   : copy_decompress_none.obj (.text:decompress:none)
                  0000073e    0000000c                                   : copy_zero_init.obj (.text:decompress:ZI)
                  0000074a    0000000c     tm4c123gh6pm_startup_ccs.obj (.text)
                  00000756    00000004     rtsv7M4_T_le_v4SPD16_eabi.lib : pre_init.obj (.text)
                  0000075a    00000002                                   : startup.obj (.text)

.cinit     0    00000760    00000038     
                  00000760    00000011     (.cinit..data.load) [load image, compression = lzss]
                  00000771    00000003     --HOLE-- [fill = 0]
                  00000774    0000000c     (__TI_handler_table)
                  00000780    00000008     (.cinit..bss.load) [load image, compression = zero_init]
                  00000788    00000010     (__TI_cinit_table)

.init_array 
*          0    00000000    00000000     UNINITIALIZED

.stack     0    20000000    00000200     UNINITIALIZED
                  20000000    00000200     --HOLE--

.bss       0    20000200    00000024     UNINITIALIZED
                  20000200    00000020     (.common:ui32ADC0Value)
                  20000220    00000004     (.common:ui32ADCAvg)

.data      0    20000224    00000018     UNINITIALIZED
                  20000224    0000000c     rtsv7M4_T_le_v4SPD16_eabi.lib : exit.obj (.data:$O1$$)
                  20000230    00000008                                   : _lock.obj (.data:$O1$$)
                  20000238    00000004                                   : stkdepth_vars.obj (.data)

MODULE SUMMARY

       Module                         code   ro data   rw data
       ------                         ----   -------   -------
    .\
       tm4c123gh6pm_startup_ccs.obj   12     620       0      
       main.obj                       436    0         36     
    +--+------------------------------+------+---------+---------+
       Total:                         448    620       36     
                                                              
    C:\ti\ccsv7\tools\compiler\ti-cgt-arm_16.9.1.LTS\lib\rtsv7M4_T_le_v4SPD16_eabi.lib
       memcpy_t2.obj                  156    0         0      
       memset_t2.obj                  122    0         0      
       autoinit.obj                   112    0         0      
       copy_decompress_lzss.obj       104    0         0      
       exit.obj                       84     0         12     
       boot.obj                       84     0         0      
       cpy_tbl.obj                    76     0         0      
       _lock.obj                      20     0         8      
       args_main.obj                  24     0         0      
       copy_decompress_none.obj       14     0         0      
       copy_zero_init.obj             12     0         0      
       pre_init.obj                   4      0         0      
       stkdepth_vars.obj              0      0         4      
       mpu_init.obj                   2      0         0      
       startup.obj                    2      0         0      
    +--+------------------------------+------+---------+---------+
       Total:                         816    0         24     
                                                              
       Stack:                         0      0         512    
       Linker Generated:              0      53        0      
    +--+------------------------------+------+---------+---------+
       Grand Total:                   1264   673       572    


LINKER GENERATED COPY TABLES

__TI_cinit_table @ 00000788 records: 2, size/record: 8, table size: 16
	.data: load addr=00000760, load size=00000011 bytes, run addr=20000224, run size=00000018 bytes, compression=lzss
	.bss: load addr=00000780, load size=00000008 bytes, run addr=20000200, run size=00000024 bytes, compression=zero_init


LINKER GENERATED HANDLER TABLE

__TI_handler_table @ 00000774 records: 3, size/record: 4, table size: 12
	index: 0, handler: __TI_decompress_lzss
	index: 1, handler: __TI_decompress_none
	index: 2, handler: __TI_zero_init


GLOBAL SYMBOLS: SORTED ALPHABETICALLY BY Name 

address   name                           
-------   ----                           
00000665  C$$EXIT                        
0000074b  ResetISR                       
UNDEFED   SHT$$INIT_ARRAY$$Base          
UNDEFED   SHT$$INIT_ARRAY$$Limit         
20000200  __STACK_END                    
00000200  __STACK_SIZE                   
20000200  __STACK_TOP                    
00000788  __TI_CINIT_Base                
00000798  __TI_CINIT_Limit               
00000774  __TI_Handler_Table_Base        
00000780  __TI_Handler_Table_Limit       
00000539  __TI_auto_init                 
20000224  __TI_cleanup_ptr               
000005a9  __TI_decompress_lzss           
00000731  __TI_decompress_none           
20000228  __TI_dtors_ptr                 
2000022c  __TI_enable_exit_profile_output
ffffffff  __TI_pprof_out_hndl            
ffffffff  __TI_prof_data_size            
ffffffff  __TI_prof_data_start           
00000000  __TI_static_base__             
0000073f  __TI_zero_init                 
000004bd  __aeabi_memclr                 
000004bd  __aeabi_memclr4                
000004bd  __aeabi_memclr8                
00000421  __aeabi_memcpy                 
00000421  __aeabi_memcpy4                
00000421  __aeabi_memcpy8                
000004bf  __aeabi_memset                 
000004bf  __aeabi_memset4                
000004bf  __aeabi_memset8                
ffffffff  __binit__                      
ffffffff  __c_args__                     
00000537  __mpu_init                     
20000000  __stack                        
00000705  _args_main                     
00000611  _c_int00                       
20000230  _lock                          
0000072b  _nop                           
00000723  _register_lock                 
0000071d  _register_unlock               
0000075b  _system_post_cinit             
00000757  _system_pre_init               
20000234  _unlock                        
00000669  abort                          
ffffffff  binit                          
000006b9  copy_in                        
00000671  exit                           
00000000  g_pfnVectors                   
0000026d  main                           
20000238  main_func_sp                   
00000421  memcpy                         
000004c5  memset                         
20000200  ui32ADC0Value                  
20000220  ui32ADCAvg                     


GLOBAL SYMBOLS: SORTED BY Symbol Address 

address   name                           
-------   ----                           
00000000  __TI_static_base__             
00000000  g_pfnVectors                   
00000200  __STACK_SIZE                   
0000026d  main                           
00000421  __aeabi_memcpy                 
00000421  __aeabi_memcpy4                
00000421  __aeabi_memcpy8                
00000421  memcpy                         
000004bd  __aeabi_memclr                 
000004bd  __aeabi_memclr4                
000004bd  __aeabi_memclr8                
000004bf  __aeabi_memset                 
000004bf  __aeabi_memset4                
000004bf  __aeabi_memset8                
000004c5  memset                         
00000537  __mpu_init                     
00000539  __TI_auto_init                 
000005a9  __TI_decompress_lzss           
00000611  _c_int00                       
00000665  C$$EXIT                        
00000669  abort                          
00000671  exit                           
000006b9  copy_in                        
00000705  _args_main                     
0000071d  _register_unlock               
00000723  _register_lock                 
0000072b  _nop                           
00000731  __TI_decompress_none           
0000073f  __TI_zero_init                 
0000074b  ResetISR                       
00000757  _system_pre_init               
0000075b  _system_post_cinit             
00000774  __TI_Handler_Table_Base        
00000780  __TI_Handler_Table_Limit       
00000788  __TI_CINIT_Base                
00000798  __TI_CINIT_Limit               
20000000  __stack                        
20000200  __STACK_END                    
20000200  __STACK_TOP                    
20000200  ui32ADC0Value                  
20000220  ui32ADCAvg                     
20000224  __TI_cleanup_ptr               
20000228  __TI_dtors_ptr                 
2000022c  __TI_enable_exit_profile_output
20000230  _lock                          
20000234  _unlock                        
20000238  main_func_sp                   
ffffffff  __TI_pprof_out_hndl            
ffffffff  __TI_prof_data_size            
ffffffff  __TI_prof_data_start           
ffffffff  __binit__                      
ffffffff  __c_args__                     
ffffffff  binit                          
UNDEFED   SHT$$INIT_ARRAY$$Base          
UNDEFED   SHT$$INIT_ARRAY$$Limit         

[55 symbols]
