******************************************************************************
                  TI ARM Linker PC v16.9.1                     
******************************************************************************
>> Linked Sun Nov 12 22:10:20 2017

OUTPUT FILE NAME:   <TM4C123G LaunchPad Ultrasonic HC-SR04.out>
ENTRY POINT SYMBOL: "_c_int00"  address: 000006f9


MEMORY CONFIGURATION

         name            origin    length      used     unused   attr    fill
----------------------  --------  ---------  --------  --------  ----  --------
  FLASH                 00000000   00040000  000008d4  0003f72c  R  X
  SRAM                  20000000   00008000  00000234  00007dcc  RW X


SEGMENT ALLOCATION MAP

run origin  load origin   length   init length attrs members
----------  ----------- ---------- ----------- ----- -------
00000000    00000000    000008d4   000008d4    r-x
  00000000    00000000    0000026c   0000026c    r-- .intvecs
  0000026c    0000026c    00000634   00000634    r-x .text
  000008a0    000008a0    00000034   00000034    r-- .cinit
20000000    20000000    00000234   00000000    rw-
  20000000    20000000    00000200   00000000    rw- .stack
  20000200    20000200    00000034   00000000    rw- .data


SECTION ALLOCATION MAP

 output                                  attributes/
section   page    origin      length       input sections
--------  ----  ----------  ----------   ----------------
.intvecs   0    00000000    0000026c     
                  00000000    0000026c     tm4c123gh6pm_startup_ccs.obj (.intvecs)

.text      0    0000026c    00000634     
                  0000026c    00000318     main.obj (.text)
                  00000584    0000009c     rtsv7M4_T_le_v4SPD16_eabi.lib : memcpy_t2.obj (.text)
                  00000620    00000070                                   : autoinit.obj (.text)
                  00000690    00000068                                   : copy_decompress_lzss.obj (.text:decompress:lzss)
                  000006f8    00000054                                   : boot.obj (.text)
                  0000074c    00000054                                   : exit.obj (.text)
                  000007a0    00000054                                   : ltoa.obj (.text)
                  000007f4    0000004c                                   : cpy_tbl.obj (.text)
                  00000840    00000018                                   : args_main.obj (.text)
                  00000858    00000014                                   : _lock.obj (.text)
                  0000086c    0000000e                                   : copy_decompress_none.obj (.text:decompress:none)
                  0000087a    0000000c     driverlib.lib : gpio.obj (.text:GPIOIntEnable)
                  00000886    0000000c     tm4c123gh6pm_startup_ccs.obj (.text)
                  00000892    00000006     driverlib.lib : gpio.obj (.text:GPIOIntClear)
                  00000898    00000004     rtsv7M4_T_le_v4SPD16_eabi.lib : pre_init.obj (.text)
                  0000089c    00000002                                   : mpu_init.obj (.text)
                  0000089e    00000002                                   : startup.obj (.text)

.cinit     0    000008a0    00000034     
                  000008a0    00000024     (.cinit..data.load) [load image, compression = lzss]
                  000008c4    00000008     (__TI_handler_table)
                  000008cc    00000008     (__TI_cinit_table)

.init_array 
*          0    00000000    00000000     UNINITIALIZED

.stack     0    20000000    00000200     UNINITIALIZED
                  20000000    00000200     --HOLE--

.data      0    20000200    00000034     UNINITIALIZED
                  20000200    0000000d     main.obj (.data:ui8WelcomeText)
                  2000020d    00000003     --HOLE--
                  20000210    0000000c     rtsv7M4_T_le_v4SPD16_eabi.lib : exit.obj (.data:$O1$$)
                  2000021c    0000000c     main.obj (.data)
                  20000228    00000008     rtsv7M4_T_le_v4SPD16_eabi.lib : _lock.obj (.data:$O1$$)
                  20000230    00000004                                   : stkdepth_vars.obj (.data)

MODULE SUMMARY

       Module                         code   ro data   rw data
       ------                         ----   -------   -------
    .\
       main.obj                       792    0         25     
       tm4c123gh6pm_startup_ccs.obj   12     620       0      
    +--+------------------------------+------+---------+---------+
       Total:                         804    620       25     
                                                              
    C:/ti/TivaWare_C_Series-2.1.4.178/driverlib/ccs/Debug/driverlib.lib
       gpio.obj                       18     0         0      
    +--+------------------------------+------+---------+---------+
       Total:                         18     0         0      
                                                              
    C:\ti\ccsv7\tools\compiler\ti-cgt-arm_16.9.1.LTS\lib\rtsv7M4_T_le_v4SPD16_eabi.lib
       memcpy_t2.obj                  156    0         0      
       autoinit.obj                   112    0         0      
       copy_decompress_lzss.obj       104    0         0      
       exit.obj                       84     0         12     
       boot.obj                       84     0         0      
       ltoa.obj                       84     0         0      
       cpy_tbl.obj                    76     0         0      
       _lock.obj                      20     0         8      
       args_main.obj                  24     0         0      
       copy_decompress_none.obj       14     0         0      
       pre_init.obj                   4      0         0      
       stkdepth_vars.obj              0      0         4      
       mpu_init.obj                   2      0         0      
       startup.obj                    2      0         0      
    +--+------------------------------+------+---------+---------+
       Total:                         766    0         24     
                                                              
       Stack:                         0      0         512    
       Linker Generated:              0      52        0      
    +--+------------------------------+------+---------+---------+
       Grand Total:                   1588   672       561    


LINKER GENERATED COPY TABLES

__TI_cinit_table @ 000008cc records: 1, size/record: 8, table size: 8
	.data: load addr=000008a0, load size=00000024 bytes, run addr=20000200, run size=00000034 bytes, compression=lzss


LINKER GENERATED HANDLER TABLE

__TI_handler_table @ 000008c4 records: 2, size/record: 4, table size: 8
	index: 0, handler: __TI_decompress_lzss
	index: 1, handler: __TI_decompress_none


GLOBAL SYMBOLS: SORTED ALPHABETICALLY BY Name 

address   name                           
-------   ----                           
0000074d  C$$EXIT                        
00000893  GPIOIntClear                   
0000087b  GPIOIntEnable                  
00000459  PortAIntHandler                
00000887  ResetISR                       
UNDEFED   SHT$$INIT_ARRAY$$Base          
UNDEFED   SHT$$INIT_ARRAY$$Limit         
00000427  Timer0IntHandler               
20000200  __STACK_END                    
00000200  __STACK_SIZE                   
20000200  __STACK_TOP                    
000008cc  __TI_CINIT_Base                
000008d4  __TI_CINIT_Limit               
000008c4  __TI_Handler_Table_Base        
000008cc  __TI_Handler_Table_Limit       
00000621  __TI_auto_init                 
20000210  __TI_cleanup_ptr               
00000691  __TI_decompress_lzss           
0000086d  __TI_decompress_none           
20000214  __TI_dtors_ptr                 
20000218  __TI_enable_exit_profile_output
ffffffff  __TI_pprof_out_hndl            
ffffffff  __TI_prof_data_size            
ffffffff  __TI_prof_data_start           
00000000  __TI_static_base__             
00000585  __aeabi_memcpy                 
00000585  __aeabi_memcpy4                
00000585  __aeabi_memcpy8                
ffffffff  __binit__                      
ffffffff  __c_args__                     
0000089d  __mpu_init                     
20000000  __stack                        
00000841  _args_main                     
000006f9  _c_int00                       
20000228  _lock                          
00000867  _nop                           
0000085f  _register_lock                 
00000859  _register_unlock               
0000089f  _system_post_cinit             
00000899  _system_pre_init               
2000022c  _unlock                        
00000751  abort                          
ffffffff  binit                          
2000021c  boolTrigCondition              
000007f5  copy_in                        
00000759  exit                           
00000000  g_pfnVectors                   
000007a1  ltoa                           
0000026d  main                           
20000230  main_func_sp                   
00000585  memcpy                         
20000220  ui32EchoDuration               
20000224  ui32ObstacleDist               
20000200  ui8WelcomeText                 


GLOBAL SYMBOLS: SORTED BY Symbol Address 

address   name                           
-------   ----                           
00000000  __TI_static_base__             
00000000  g_pfnVectors                   
00000200  __STACK_SIZE                   
0000026d  main                           
00000427  Timer0IntHandler               
00000459  PortAIntHandler                
00000585  __aeabi_memcpy                 
00000585  __aeabi_memcpy4                
00000585  __aeabi_memcpy8                
00000585  memcpy                         
00000621  __TI_auto_init                 
00000691  __TI_decompress_lzss           
000006f9  _c_int00                       
0000074d  C$$EXIT                        
00000751  abort                          
00000759  exit                           
000007a1  ltoa                           
000007f5  copy_in                        
00000841  _args_main                     
00000859  _register_unlock               
0000085f  _register_lock                 
00000867  _nop                           
0000086d  __TI_decompress_none           
0000087b  GPIOIntEnable                  
00000887  ResetISR                       
00000893  GPIOIntClear                   
00000899  _system_pre_init               
0000089d  __mpu_init                     
0000089f  _system_post_cinit             
000008c4  __TI_Handler_Table_Base        
000008cc  __TI_CINIT_Base                
000008cc  __TI_Handler_Table_Limit       
000008d4  __TI_CINIT_Limit               
20000000  __stack                        
20000200  __STACK_END                    
20000200  __STACK_TOP                    
20000200  ui8WelcomeText                 
20000210  __TI_cleanup_ptr               
20000214  __TI_dtors_ptr                 
20000218  __TI_enable_exit_profile_output
2000021c  boolTrigCondition              
20000220  ui32EchoDuration               
20000224  ui32ObstacleDist               
20000228  _lock                          
2000022c  _unlock                        
20000230  main_func_sp                   
ffffffff  __TI_pprof_out_hndl            
ffffffff  __TI_prof_data_size            
ffffffff  __TI_prof_data_start           
ffffffff  __binit__                      
ffffffff  __c_args__                     
ffffffff  binit                          
UNDEFED   SHT$$INIT_ARRAY$$Base          
UNDEFED   SHT$$INIT_ARRAY$$Limit         

[54 symbols]
