******************************************************************************
                  TI ARM Linker PC v16.9.1                     
******************************************************************************
>> Linked Thu Oct 05 01:00:32 2017

OUTPUT FILE NAME:   <TM4C123G LaunchPad PWM using GP Timer.out>
ENTRY POINT SYMBOL: "_c_int00"  address: 00000b0d


MEMORY CONFIGURATION

         name            origin    length      used     unused   attr    fill
----------------------  --------  ---------  --------  --------  ----  --------
  FLASH                 00000000   00040000  00000e78  0003f188  R  X
  SRAM                  20000000   00008000  0000022c  00007dd4  RW X


SEGMENT ALLOCATION MAP

run origin  load origin   length   init length attrs members
----------  ----------- ---------- ----------- ----- -------
00000000    00000000    00000e78   00000e78    r-x
  00000000    00000000    0000026c   0000026c    r-- .intvecs
  0000026c    0000026c    00000af8   00000af8    r-x .text
  00000d64    00000d64    000000dc   000000dc    r-- .const
  00000e40    00000e40    00000038   00000038    r-- .cinit
20000000    20000000    0000022c   00000000    rw-
  20000000    20000000    00000200   00000000    rw- .stack
  20000200    20000200    0000001c   00000000    rw- .data
  2000021c    2000021c    00000010   00000000    rw- .bss


SECTION ALLOCATION MAP

 output                                  attributes/
section   page    origin      length       input sections
--------  ----  ----------  ----------   ----------------
.intvecs   0    00000000    0000026c     
                  00000000    0000026c     tm4c123gh6pm_startup_ccs.obj (.intvecs)

.text      0    0000026c    00000af8     
                  0000026c    00000258     main.obj (.text)
                  000004c4    00000132     driverlib.lib : gpio.obj (.text:GPIOPadConfigSet)
                  000005f6    00000002     rtsv7M4_T_le_v4SPD16_eabi.lib : mpu_init.obj (.text)
                  000005f8    00000110     driverlib.lib : sysctl.obj (.text:SysCtlClockGet)
                  00000708    000000f4                   : sysctl.obj (.text:SysCtlClockSet)
                  000007fc    0000009c     rtsv7M4_T_le_v4SPD16_eabi.lib : memcpy_t2.obj (.text)
                  00000898    0000007a                                   : memset_t2.obj (.text)
                  00000912    00000002                                   : startup.obj (.text)
                  00000914    00000070                                   : autoinit.obj (.text)
                  00000984    00000068     driverlib.lib : interrupt.obj (.text:IntEnable)
                  000009ec    00000068     rtsv7M4_T_le_v4SPD16_eabi.lib : copy_decompress_lzss.obj (.text:decompress:lzss)
                  00000a54    00000060     driverlib.lib : timer.obj (.text:TimerConfigure)
                  00000ab4    00000056                   : gpio.obj (.text:GPIOIntTypeSet)
                  00000b0a    00000002     --HOLE-- [fill = 0]
                  00000b0c    00000054     rtsv7M4_T_le_v4SPD16_eabi.lib : boot.obj (.text)
                  00000b60    00000054                                   : exit.obj (.text)
                  00000bb4    0000004c                                   : cpy_tbl.obj (.text)
                  00000c00    00000034     driverlib.lib : sysctl.obj (.text:SysCtlPeripheralEnable)
                  00000c34    0000002a                   : gpio.obj (.text:GPIODirModeSet)
                  00000c5e    00000018                   : gpio.obj (.text:GPIOPinTypeGPIOOutput)
                  00000c76    00000002     --HOLE-- [fill = 0]
                  00000c78    00000018                   : timer.obj (.text:TimerDisable)
                  00000c90    00000018     rtsv7M4_T_le_v4SPD16_eabi.lib : args_main.obj (.text)
                  00000ca8    00000014                                   : _lock.obj (.text)
                  00000cbc    00000012     driverlib.lib : gpio.obj (.text:GPIOPinTypeGPIOInput)
                  00000cce    00000012                   : timer.obj (.text:TimerLoadSet)
                  00000ce0    00000010                   : interrupt.obj (.text:IntMasterEnable)
                  00000cf0    0000000e                   : timer.obj (.text:TimerEnable)
                  00000cfe    0000000e     rtsv7M4_T_le_v4SPD16_eabi.lib : copy_decompress_none.obj (.text:decompress:none)
                  00000d0c    0000000c     driverlib.lib : cpu.obj (.text:CPUcpsie)
                  00000d18    0000000c                   : gpio.obj (.text:GPIOIntEnable)
                  00000d24    0000000c     rtsv7M4_T_le_v4SPD16_eabi.lib : copy_zero_init.obj (.text:decompress:ZI)
                  00000d30    0000000c     tm4c123gh6pm_startup_ccs.obj (.text)
                  00000d3c    00000008     driverlib.lib : timer.obj (.text:TimerIntEnable)
                  00000d44    00000006                   : gpio.obj (.text:GPIOIntClear)
                  00000d4a    00000006                   : gpio.obj (.text:GPIOPinRead)
                  00000d50    00000006                   : gpio.obj (.text:GPIOPinWrite)
                  00000d56    00000006                   : sysctl.obj (.text:SysCtlDelay)
                  00000d5c    00000004                   : timer.obj (.text:TimerIntClear)
                  00000d60    00000004     rtsv7M4_T_le_v4SPD16_eabi.lib : pre_init.obj (.text)

.const     0    00000d64    000000dc     
                  00000d64    00000070     driverlib.lib : interrupt.obj (.const)
                  00000dd4    0000006c                   : sysctl.obj (.const:g_pui32Xtals)

.cinit     0    00000e40    00000038     
                  00000e40    00000012     (.cinit..data.load) [load image, compression = lzss]
                  00000e52    00000002     --HOLE-- [fill = 0]
                  00000e54    0000000c     (__TI_handler_table)
                  00000e60    00000008     (.cinit..bss.load) [load image, compression = zero_init]
                  00000e68    00000010     (__TI_cinit_table)

.init_array 
*          0    00000000    00000000     UNINITIALIZED

.stack     0    20000000    00000200     UNINITIALIZED
                  20000000    00000200     --HOLE--

.data      0    20000200    0000001c     UNINITIALIZED
                  20000200    0000000c     rtsv7M4_T_le_v4SPD16_eabi.lib : exit.obj (.data:$O1$$)
                  2000020c    00000008                                   : _lock.obj (.data:$O1$$)
                  20000214    00000004     main.obj (.data)
                  20000218    00000004     rtsv7M4_T_le_v4SPD16_eabi.lib : stkdepth_vars.obj (.data)

.bss       0    2000021c    00000010     UNINITIALIZED
                  2000021c    00000004     (.common:ui32OffPeriod)
                  20000220    00000004     (.common:ui32OnPeriod)
                  20000224    00000004     (.common:ui32Period)
                  20000228    00000004     (.common:ui32PinStatus)

MODULE SUMMARY

       Module                         code   ro data   rw data
       ------                         ----   -------   -------
    .\
       tm4c123gh6pm_startup_ccs.obj   12     620       0      
       main.obj                       600    0         20     
    +--+------------------------------+------+---------+---------+
       Total:                         612    620       20     
                                                              
    C:/ti/TivaWare_C_Series-2.1.4.178/driverlib/ccs/Debug/driverlib.lib
       sysctl.obj                     574    108       0      
       gpio.obj                       506    0         0      
       interrupt.obj                  120    112       0      
       timer.obj                      164    0         0      
       cpu.obj                        12     0         0      
    +--+------------------------------+------+---------+---------+
       Total:                         1376   220       0      
                                                              
    C:\ti\ccsv7\tools\compiler\ti-cgt-arm_16.9.1.LTS\lib\rtsv7M4_T_le_v4SPD16_eabi.lib
       memcpy_t2.obj                  156    0         0      
       memset_t2.obj                  122    0         0      
       autoinit.obj                   112    0         0      
       copy_decompress_lzss.obj       104    0         0      
       exit.obj                       84     0         12     
       boot.obj                       84     0         0      
       cpy_tbl.obj                    76     0         0      
       _lock.obj                      20     0         8      
       args_main.obj                  24     0         0      
       copy_decompress_none.obj       14     0         0      
       copy_zero_init.obj             12     0         0      
       pre_init.obj                   4      0         0      
       stkdepth_vars.obj              0      0         4      
       mpu_init.obj                   2      0         0      
       startup.obj                    2      0         0      
    +--+------------------------------+------+---------+---------+
       Total:                         816    0         24     
                                                              
       Stack:                         0      0         512    
       Linker Generated:              0      54        0      
    +--+------------------------------+------+---------+---------+
       Grand Total:                   2804   894       556    


LINKER GENERATED COPY TABLES

__TI_cinit_table @ 00000e68 records: 2, size/record: 8, table size: 16
	.data: load addr=00000e40, load size=00000012 bytes, run addr=20000200, run size=0000001c bytes, compression=lzss
	.bss: load addr=00000e60, load size=00000008 bytes, run addr=2000021c, run size=00000010 bytes, compression=zero_init


LINKER GENERATED HANDLER TABLE

__TI_handler_table @ 00000e54 records: 3, size/record: 4, table size: 12
	index: 0, handler: __TI_decompress_lzss
	index: 1, handler: __TI_decompress_none
	index: 2, handler: __TI_zero_init


GLOBAL SYMBOLS: SORTED ALPHABETICALLY BY Name 

address   name                           
-------   ----                           
00000b61  C$$EXIT                        
00000d0d  CPUcpsie                       
00000c35  GPIODirModeSet                 
00000d45  GPIOIntClear                   
00000d19  GPIOIntEnable                  
00000ab5  GPIOIntTypeSet                 
000004c5  GPIOPadConfigSet               
00000d4b  GPIOPinRead                    
00000cbd  GPIOPinTypeGPIOInput           
00000c5f  GPIOPinTypeGPIOOutput          
00000d51  GPIOPinWrite                   
00000985  IntEnable                      
00000ce1  IntMasterEnable                
000003bb  PortFIntHandler                
00000d31  ResetISR                       
UNDEFED   SHT$$INIT_ARRAY$$Base          
UNDEFED   SHT$$INIT_ARRAY$$Limit         
000005f9  SysCtlClockGet                 
00000709  SysCtlClockSet                 
00000d57  SysCtlDelay                    
00000c01  SysCtlPeripheralEnable         
00000373  Timer0IntHandler               
00000a55  TimerConfigure                 
00000c79  TimerDisable                   
00000cf1  TimerEnable                    
00000d5d  TimerIntClear                  
00000d3d  TimerIntEnable                 
00000ccf  TimerLoadSet                   
20000200  __STACK_END                    
00000200  __STACK_SIZE                   
20000200  __STACK_TOP                    
00000e68  __TI_CINIT_Base                
00000e78  __TI_CINIT_Limit               
00000e54  __TI_Handler_Table_Base        
00000e60  __TI_Handler_Table_Limit       
00000915  __TI_auto_init                 
20000200  __TI_cleanup_ptr               
000009ed  __TI_decompress_lzss           
00000cff  __TI_decompress_none           
20000204  __TI_dtors_ptr                 
20000208  __TI_enable_exit_profile_output
ffffffff  __TI_pprof_out_hndl            
ffffffff  __TI_prof_data_size            
ffffffff  __TI_prof_data_start           
00000000  __TI_static_base__             
00000d25  __TI_zero_init                 
00000899  __aeabi_memclr                 
00000899  __aeabi_memclr4                
00000899  __aeabi_memclr8                
000007fd  __aeabi_memcpy                 
000007fd  __aeabi_memcpy4                
000007fd  __aeabi_memcpy8                
0000089b  __aeabi_memset                 
0000089b  __aeabi_memset4                
0000089b  __aeabi_memset8                
ffffffff  __binit__                      
ffffffff  __c_args__                     
000005f7  __mpu_init                     
20000000  __stack                        
00000c91  _args_main                     
00000b0d  _c_int00                       
2000020c  _lock                          
00000cb7  _nop                           
00000caf  _register_lock                 
00000ca9  _register_unlock               
00000913  _system_post_cinit             
00000d61  _system_pre_init               
20000210  _unlock                        
00000b65  abort                          
ffffffff  binit                          
00000bb5  copy_in                        
00000b6d  exit                           
00000000  g_pfnVectors                   
0000026d  main                           
20000218  main_func_sp                   
000007fd  memcpy                         
000008a1  memset                         
20000216  ui16DutyCycle                  
20000214  ui16IntFrequency               
2000021c  ui32OffPeriod                  
20000220  ui32OnPeriod                   
20000224  ui32Period                     
20000228  ui32PinStatus                  


GLOBAL SYMBOLS: SORTED BY Symbol Address 

address   name                           
-------   ----                           
00000000  __TI_static_base__             
00000000  g_pfnVectors                   
00000200  __STACK_SIZE                   
0000026d  main                           
00000373  Timer0IntHandler               
000003bb  PortFIntHandler                
000004c5  GPIOPadConfigSet               
000005f7  __mpu_init                     
000005f9  SysCtlClockGet                 
00000709  SysCtlClockSet                 
000007fd  __aeabi_memcpy                 
000007fd  __aeabi_memcpy4                
000007fd  __aeabi_memcpy8                
000007fd  memcpy                         
00000899  __aeabi_memclr                 
00000899  __aeabi_memclr4                
00000899  __aeabi_memclr8                
0000089b  __aeabi_memset                 
0000089b  __aeabi_memset4                
0000089b  __aeabi_memset8                
000008a1  memset                         
00000913  _system_post_cinit             
00000915  __TI_auto_init                 
00000985  IntEnable                      
000009ed  __TI_decompress_lzss           
00000a55  TimerConfigure                 
00000ab5  GPIOIntTypeSet                 
00000b0d  _c_int00                       
00000b61  C$$EXIT                        
00000b65  abort                          
00000b6d  exit                           
00000bb5  copy_in                        
00000c01  SysCtlPeripheralEnable         
00000c35  GPIODirModeSet                 
00000c5f  GPIOPinTypeGPIOOutput          
00000c79  TimerDisable                   
00000c91  _args_main                     
00000ca9  _register_unlock               
00000caf  _register_lock                 
00000cb7  _nop                           
00000cbd  GPIOPinTypeGPIOInput           
00000ccf  TimerLoadSet                   
00000ce1  IntMasterEnable                
00000cf1  TimerEnable                    
00000cff  __TI_decompress_none           
00000d0d  CPUcpsie                       
00000d19  GPIOIntEnable                  
00000d25  __TI_zero_init                 
00000d31  ResetISR                       
00000d3d  TimerIntEnable                 
00000d45  GPIOIntClear                   
00000d4b  GPIOPinRead                    
00000d51  GPIOPinWrite                   
00000d57  SysCtlDelay                    
00000d5d  TimerIntClear                  
00000d61  _system_pre_init               
00000e54  __TI_Handler_Table_Base        
00000e60  __TI_Handler_Table_Limit       
00000e68  __TI_CINIT_Base                
00000e78  __TI_CINIT_Limit               
20000000  __stack                        
20000200  __STACK_END                    
20000200  __STACK_TOP                    
20000200  __TI_cleanup_ptr               
20000204  __TI_dtors_ptr                 
20000208  __TI_enable_exit_profile_output
2000020c  _lock                          
20000210  _unlock                        
20000214  ui16IntFrequency               
20000216  ui16DutyCycle                  
20000218  main_func_sp                   
2000021c  ui32OffPeriod                  
20000220  ui32OnPeriod                   
20000224  ui32Period                     
20000228  ui32PinStatus                  
ffffffff  __TI_pprof_out_hndl            
ffffffff  __TI_prof_data_size            
ffffffff  __TI_prof_data_start           
ffffffff  __binit__                      
ffffffff  __c_args__                     
ffffffff  binit                          
UNDEFED   SHT$$INIT_ARRAY$$Base          
UNDEFED   SHT$$INIT_ARRAY$$Limit         

[83 symbols]
