******************************************************************************
                  TI ARM Linker PC v5.1.1                      
******************************************************************************
>> Linked Mon Nov 04 21:42:14 2013

OUTPUT FILE NAME:   <lab10.out>
ENTRY POINT SYMBOL: "_c_int00"  address: 0000ae61


MEMORY CONFIGURATION

         name            origin    length      used     unused   attr    fill
----------------------  --------  ---------  --------  --------  ----  --------
  FLASH                 00000000   00040000  0000c0ca  00033f36  R  X
  SRAM                  20000000   00008000  00001a94  0000656c  RW X


SEGMENT ALLOCATION MAP

run origin  load origin   length   init length attrs members
----------  ----------- ---------- ----------- ----- -------
00000000    00000000    0000c0d0   0000c0d0    r-x
  00000000    00000000    0000026c   0000026c    r-- .intvecs
  0000026c    0000026c    00005c64   00005c64    r-- .const
  00005ed0    00005ed0    0000562a   0000562a    r-x .text
  0000b500    0000b500    00000bd0   00000bd0    r-- .cinit
20000000    20000000    000010f8   00000000    rw-
  20000000    20000000    000010f8   00000000    rw- .data
20001400    20001400    0000099c   00000000    rw-
  20001400    20001400    0000059c   00000000    rw- .bss
  2000199c    2000199c    00000400   00000000    rw- .stack


SECTION ALLOCATION MAP

 output                                  attributes/
section   page    origin      length       input sections
--------  ----  ----------  ----------   ----------------
.intvecs   0    00000000    0000026c     
                  00000000    0000026c     tm4c123gh6pm_startup_ccs.obj (.intvecs)

.init_array 
*          0    00000000    00000000     UNINITIALIZED

.const     0    0000026c    00005c64     
                  0000026c    00000a60     grlib.lib : fontcm24.obj (.const:.string:g_pui8Cm24Data)
                  00000ccc    00000960               : fontcm22.obj (.const:.string:g_pui8Cm22Data)
                  0000162c    0000095e               : fontcm20.obj (.const:.string:g_pui8Cm20Data)
                  00001f8a    00000002     --HOLE-- [fill = 0]
                  00001f8c    0000086e               : fontcm18.obj (.const:.string:g_pui8Cm18Data)
                  000027fa    0000083e     images.obj (.const:.string:g_pucRedSlider195x37)
                  00003038    00000826     images.obj (.const:.string:g_pucGreenSlider195x37)
                  0000385e    00000705     images.obj (.const:.string:g_pucGettingHotter28x148)
                  00003f63    00000001     --HOLE-- [fill = 0]
                  00003f64    0000065a     grlib.lib : fontcm14.obj (.const:.string:g_pui8Cm14Data)
                  000045be    00000002     --HOLE-- [fill = 0]
                  000045c0    0000055f               : fontcm12.obj (.const:.string:g_pui8Cm12Data)
                  00004b1f    000003ad     images.obj (.const:.string:g_pucGettingHotter28x148Mono)
                  00004ecc    00000230     images.obj (.const:.string:g_pucLogo)
                  000050fc    00000210     images.obj (.const:.string:g_pucBlue50x50)
                  0000530c    0000020e     images.obj (.const:.string:g_pucBlue50x50Press)
                  0000551a    00000002     --HOLE-- [fill = 0]
                  0000551c    0000017a     grlib_demo.obj (.const:.string)
                  00005696    000000f5     images.obj (.const:.string:g_pucLightOff)
                  0000578b    000000e6     images.obj (.const:.string:g_pucLightOn)
                  00005871    00000003     --HOLE-- [fill = 0]
                  00005874    000000c8     grlib.lib : fontcm12.obj (.const:g_sFontCm12)
                  0000593c    000000c8               : fontcm14.obj (.const:g_sFontCm14)
                  00005a04    000000c8               : fontcm18.obj (.const:g_sFontCm18)
                  00005acc    000000c8               : fontcm20.obj (.const:g_sFontCm20)
                  00005b94    000000c8               : fontcm22.obj (.const:g_sFontCm22)
                  00005c5c    000000c8               : fontcm24.obj (.const:g_sFontCm24)
                  00005d24    00000070     driverlib.lib : interrupt.obj (.const)
                  00005d94    0000006c                   : sysctl.obj (.const:g_pui32Xtals)
                  00005e00    00000038     touch.obj (.const:g_lTouchParameters)
                  00005e38    00000030     ustdlib.obj (.const:g_psDaysToMonth)
                  00005e68    00000028     Kentec320x240x16_ssd2119_8bit.obj (.const:g_sKentec320x240x16_SSD2119)
                  00005e90    0000001c     ustdlib.obj (.const)
                  00005eac    00000012     ustdlib.obj (.const:.string)
                  00005ebe    00000002     --HOLE-- [fill = 0]
                  00005ec0    00000010     grlib.lib : context.obj (.const)

.text      0    00005ed0    0000562a     
                  00005ed0    00000c84     ustdlib.obj (.text)
                  00006b54    00000b80     grlib_demo.obj (.text)
                  000076d4    00000988     Kentec320x240x16_ssd2119_8bit.obj (.text)
                  0000805c    00000464     touch.obj (.text)
                  000084c0    00000374     grlib.lib : image.obj (.text:InternalImageDraw)
                  00008834    000002be               : slider.obj (.text:SliderPaint)
                  00008af2    000002ba               : image.obj (.text:PixelTransparentDraw)
                  00008dac    00000266               : string.obj (.text:GrFontGlyphRender)
                  00009012    000001fa               : circle.obj (.text:GrCircleDraw)
                  0000920c    000001f8               : checkbox.obj (.text:CheckBoxPaint)
                  00009404    000001b2               : radiobutton.obj (.text:RadioButtonPaint)
                  000095b6    00000188               : canvas.obj (.text:CanvasPaint)
                  0000973e    0000016e               : pushbutton.obj (.text:RectangularButtonPaint)
                  000098ac    00000164               : pushbutton.obj (.text:CircularButtonPaint)
                  00009a10    00000146               : circle.obj (.text:GrCircleFill)
                  00009b56    00000144               : container.obj (.text:ContainerPaint)
                  00009c9a    00000002     --HOLE-- [fill = 0]
                  00009c9c    00000104     driverlib.lib : sysctl.obj (.text:SysCtlClockSet)
                  00009da0    00000100     grlib.lib : line.obj (.text:GrLineDraw)
                  00009ea0    000000f0               : widget.obj (.text:WidgetMessageQueueAdd)
                  00009f90    000000ec               : pushbutton.obj (.text:RectangularButtonClick)
                  0000a07c    000000d2               : pushbutton.obj (.text:CircularButtonClick)
                  0000a14e    000000d0               : slider.obj (.text:SliderClick)
                  0000a21e    000000ca               : string.obj (.text:GrDefaultStringRenderer)
                  0000a2e8    000000c4     driverlib.lib : sysctl.obj (.text:SysCtlClockGet)
                  0000a3ac    000000bc     grlib.lib : line.obj (.text:GrLineClip)
                  0000a468    000000b8     driverlib.lib : gpio.obj (.text:GPIOPadConfigSet)
                  0000a520    000000b0     grlib.lib : widget.obj (.text:WidgetMessageSendPostOrder)
                  0000a5d0    000000ac               : slider.obj (.text:SliderValueToPosition)
                  0000a67c    0000009c     rtsv7M4_T_le_v4SPD16_eabi.lib : memcpy_t2.obj (.text)
                  0000a718    00000094                                   : auto_init.obj (.text)
                  0000a7ac    0000008c     grlib.lib : radiobutton.obj (.text:RadioButtonClick)
                  0000a838    00000086               : rectangle.obj (.text:GrRectFill)
                  0000a8be    00000084               : rectangle.obj (.text:GrRectIntersectGet)
                  0000a942    00000070     driverlib.lib : adc.obj (.text:ADCSequenceStepConfigure)
                  0000a9b2    0000006a     grlib.lib : string.obj (.text:GrStringWidthGet)
                  0000aa1c    00000066               : rectangle.obj (.text:GrRectDraw)
                  0000aa82    00000002     --HOLE-- [fill = 0]
                  0000aa84    00000064               : context.obj (.text:GrContextInit)
                  0000aae8    00000064               : widget.obj (.text:WidgetMessageQueueProcess)
                  0000ab4c    00000062               : context.obj (.text:GrContextClipRegionSet)
                  0000abae    00000002     --HOLE-- [fill = 0]
                  0000abb0    00000060     driverlib.lib : interrupt.obj (.text:IntEnable)
                  0000ac10    0000005e     rtsv7M4_T_le_v4SPD16_eabi.lib : copy_decompress_rle.obj (.text)
                  0000ac6e    0000005c     grlib.lib : string.obj (.text:FontWideGlyphDataGet)
                  0000acca    00000058               : slider.obj (.text:SliderPositionToValue)
                  0000ad22    00000056               : widget.obj (.text:WidgetMessageSendPreOrder)
                  0000ad78    0000004e               : checkbox.obj (.text:CheckBoxClick)
                  0000adc6    00000002     --HOLE-- [fill = 0]
                  0000adc8    0000004c               : widget.obj (.text:WidgetRemove)
                  0000ae14    0000004a               : string.obj (.text:UpdateContextCharMapping)
                  0000ae5e    00000002     --HOLE-- [fill = 0]
                  0000ae60    00000048     rtsv7M4_T_le_v4SPD16_eabi.lib : boot.obj (.text)
                  0000aea8    00000046     grlib.lib : line.obj (.text:GrLineDrawH)
                  0000aeee    00000046               : line.obj (.text:GrLineDrawV)
                  0000af34    00000044     rtsv7M4_T_le_v4SPD16_eabi.lib : cpy_tbl.obj (.text)
                  0000af78    00000044                                   : exit.obj (.text)
                  0000afbc    00000042                                   : u_divt2.obj (.text)
                  0000affe    0000003a     grlib.lib : string.obj (.text:FontGlyphDataGet)
                  0000b038    00000038               : rectangle.obj (.text:GrRectOverlapCheck)
                  0000b070    00000036               : line.obj (.text:GrClipCodeGet)
                  0000b0a6    00000002     --HOLE-- [fill = 0]
                  0000b0a8    00000034     driverlib.lib : sysctl.obj (.text:SysCtlPeripheralEnable)
                  0000b0dc    0000002c                   : adc.obj (.text:ADCSequenceConfigure)
                  0000b108    0000002c     grlib.lib : slider.obj (.text:SliderMsgProc)
                  0000b134    0000002a     driverlib.lib : gpio.obj (.text:GPIODirModeSet)
                  0000b15e    0000002a     grlib.lib : string.obj (.text:GrFontBaselineGet)
                  0000b188    0000002a               : string.obj (.text:GrFontHeightGet)
                  0000b1b2    0000002a               : string.obj (.text:GrStringNextCharGet)
                  0000b1dc    0000002a               : widget.obj (.text:WidgetIsInTree)
                  0000b206    00000002     --HOLE-- [fill = 0]
                  0000b208    00000028     driverlib.lib : timer.obj (.text:TimerConfigure)
                  0000b230    00000026     grlib.lib : string.obj (.text:GrFontInfoGet)
                  0000b256    00000024               : checkbox.obj (.text:CheckBoxMsgProc)
                  0000b27a    00000024               : radiobutton.obj (.text:RadioButtonMsgProc)
                  0000b29e    00000024               : widget.obj (.text:WidgetAdd)
                  0000b2c2    00000022               : pushbutton.obj (.text:CircularButtonMsgProc)
                  0000b2e4    00000022               : string.obj (.text:GrFontGlyphDataGet)
                  0000b306    00000022               : pushbutton.obj (.text:RectangularButtonMsgProc)
                  0000b328    0000001e               : string.obj (.text:GrFontCodepageGet)
                  0000b346    00000002     --HOLE-- [fill = 0]
                  0000b348    0000001c               : widget.obj (.text:WidgetPointerMessage)
                  0000b364    00000018     driverlib.lib : timer.obj (.text:TimerControlTrigger)
                  0000b37c    00000018     rtsv7M4_T_le_v4SPD16_eabi.lib : args_main.obj (.text)
                  0000b394    00000014     grlib.lib : canvas.obj (.text:CanvasMsgProc)
                  0000b3a8    00000014               : container.obj (.text:ContainerMsgProc)
                  0000b3bc    00000014               : widget.obj (.text:WidgetMutexGet)
                  0000b3d0    00000014     rtsv7M4_T_le_v4SPD16_eabi.lib : _lock.obj (.text)
                  0000b3e4    00000012     driverlib.lib : adc.obj (.text:ADCHardwareOversampleConfigure)
                  0000b3f6    00000012                   : gpio.obj (.text:GPIOPinTypeGPIOOutput)
                  0000b408    00000012     grlib.lib : string.obj (.text:GrStringDraw)
                  0000b41a    00000012     driverlib.lib : timer.obj (.text:TimerLoadSet)
                  0000b42c    00000012     rtsv7M4_T_le_v4SPD16_eabi.lib : copy_zero_init.obj (.text:decompress:ZI)
                  0000b43e    00000010     driverlib.lib : adc.obj (.text:ADCIntEnable)
                  0000b44e    00000002     --HOLE-- [fill = 0]
                  0000b450    00000010                   : fpu.obj (.text:FPUEnable)
                  0000b460    00000010                   : fpu.obj (.text:FPULazyStackingEnable)
                  0000b470    00000010                   : udma.obj (.text:uDMAEnable)
                  0000b480    0000000e                   : adc.obj (.text:ADCSequenceEnable)
                  0000b48e    0000000e     grlib.lib : image.obj (.text:GrImageDraw)
                  0000b49c    0000000e     driverlib.lib : timer.obj (.text:TimerEnable)
                  0000b4aa    0000000e     rtsv7M4_T_le_v4SPD16_eabi.lib : copy_decompress_none.obj (.text:decompress:none)
                  0000b4b8    0000000c     tm4c123gh6pm_startup_ccs.obj (.text)
                  0000b4c4    0000000c     driverlib.lib : udma.obj (.text:uDMAControlBaseSet)
                  0000b4d0    00000008     grlib.lib : charmap.obj (.text:GrMapISO8859_1_Unicode)
                  0000b4d8    00000006     driverlib.lib : gpio.obj (.text:GPIOPinWrite)
                  0000b4de    00000006     grlib.lib : string.obj (.text:GrContextFontSet)
                  0000b4e4    00000006     driverlib.lib : sysctl.obj (.text:SysCtlDelay)
                  0000b4ea    00000006     grlib.lib : widget.obj (.text:WidgetMutexPut)
                  0000b4f0    00000006     rtsv7M4_T_le_v4SPD16_eabi.lib : copy_decompress_rle.obj (.text:decompress:rle24)
                  0000b4f6    00000004     grlib.lib : widget.obj (.text:WidgetDefaultMsgProc)

.cinit     0    0000b500    00000bd0     
                  0000b500    00000ba9     (.cinit..data.load) [load image, compression = rle]
                  0000c0a9    00000003     --HOLE-- [fill = 0]
                  0000c0ac    0000000c     (__TI_handler_table)
                  0000c0b8    00000008     (.cinit..bss.load) [load image, compression = zero_init]
                  0000c0c0    00000010     (__TI_cinit_table)

.data      0    20000000    000010f8     UNINITIALIZED
                  20000000    00000280     grlib_demo.obj (.data:g_psPushButtonIndicators)
                  20000280    00000228     grlib_demo.obj (.data:g_psSliders)
                  200004a8    00000200     grlib_demo.obj (.data:g_psPanels)
                  200006a8    000001e0     grlib_demo.obj (.data:g_psPushButtons)
                  20000888    00000180     grlib_demo.obj (.data:g_psRadioButtonIndicators)
                  20000a08    000000c0     grlib_demo.obj (.data:g_psCheckBoxIndicators)
                  20000ac8    000000c0     grlib_demo.obj (.data:g_psCheckBoxes)
                  20000b88    000000c0     grlib_demo.obj (.data:g_psRadioButtons1)
                  20000c48    000000c0     grlib_demo.obj (.data:g_psRadioButtons2)
                  20000d08    00000070     grlib_demo.obj (.data:g_psRadioContainers)
                  20000d78    00000050     grlib_demo.obj (.data:g_sNext)
                  20000dc8    00000050     grlib_demo.obj (.data:g_sPrevious)
                  20000e18    00000040     grlib_demo.obj (.data:g_sCanvas1)
                  20000e58    00000040     grlib_demo.obj (.data:g_sCanvas2)
                  20000e98    00000040     grlib_demo.obj (.data:g_sCanvas3)
                  20000ed8    00000040     grlib_demo.obj (.data:g_sIntroduction)
                  20000f18    00000040     grlib_demo.obj (.data:g_sPrimitives)
                  20000f58    00000040     grlib_demo.obj (.data:g_sSliderValueCanvas)
                  20000f98    00000040     grlib_demo.obj (.data:g_sTitle)
                  20000fd8    00000038     grlib_demo.obj (.data:g_sContainer1)
                  20001010    00000038     grlib_demo.obj (.data:g_sContainer2)
                  20001048    00000038     grlib_demo.obj (.data:g_sContainer3)
                  20001080    0000002d     grlib.lib : widget.obj (.data)
                  200010ad    00000003     --HOLE--
                  200010b0    00000024     grlib_demo.obj (.data:g_pcPanelNames)
                  200010d4    00000008     Kentec320x240x16_ssd2119_8bit.obj (.data)
                  200010dc    00000008     rtsv7M4_T_le_v4SPD16_eabi.lib : _lock.obj (.data)
                  200010e4    00000008                                   : exit.obj (.data)
                  200010ec    00000004                                   : stkdepth_vars.obj (.data)
                  200010f0    00000004     touch.obj (.data)
                  200010f4    00000004     ustdlib.obj (.data)

.bss       0    20001400    0000059c     UNINITIALIZED
                  20001400    00000400     grlib_demo.obj (.bss:sDMAControlTable)
                  20001800    00000140     grlib.lib : widget.obj (.bss:g_psMQ)
                  20001940    00000020               : image.obj (.bss)
                  20001960    00000010     (.common:g_psSamples)
                  20001970    00000008     (.common:pcCanvasText$1)
                  20001978    00000008     (.common:pcSliderText$2)
                  20001980    00000004               : context.obj (.bss)
                  20001984    00000004     (.common:g_pfnTSHandler)
                  20001988    00000004     (.common:g_plParmSet)
                  2000198c    00000004     (.common:g_ulButtonState)
                  20001990    00000004     (.common:g_ulPanel)
                  20001994    00000004     (.common:g_ulTSState)
                  20001998    00000002     (.common:g_sTouchX)
                  2000199a    00000002     (.common:g_sTouchY)

.stack     0    2000199c    00000400     UNINITIALIZED
                  2000199c    00000400     --HOLE--


LINKER GENERATED COPY TABLES

__TI_cinit_table @ 0000c0c0 records: 2, size/record: 8, table size: 16
	.data: load addr=0000b500, load size=00000ba9 bytes, run addr=20000000, run size=000010f8 bytes, compression=rle
	.bss: load addr=0000c0b8, load size=00000008 bytes, run addr=20001400, run size=0000059c bytes, compression=zero_init


LINKER GENERATED HANDLER TABLE

__TI_handler_table @ 0000c0ac records: 3, size/record: 4, table size: 12
	index: 0, handler: __TI_decompress_rle24
	index: 1, handler: __TI_decompress_none
	index: 2, handler: __TI_zero_init


GLOBAL SYMBOLS: SORTED ALPHABETICALLY BY Name 

address    name
--------   ----
0000b3e5   ADCHardwareOversampleConfigure
0000b43f   ADCIntEnable
0000b0dd   ADCSequenceConfigure
0000b481   ADCSequenceEnable
0000a943   ADCSequenceStepConfigure
0000af79   C$$EXIT
0000b395   CanvasMsgProc
0000b257   CheckBoxMsgProc
0000b2c3   CircularButtonMsgProc
0000b3a9   ContainerMsgProc
0000b451   FPUEnable
0000b461   FPULazyStackingEnable
0000b135   GPIODirModeSet
0000a469   GPIOPadConfigSet
0000b3f7   GPIOPinTypeGPIOOutput
0000b4d9   GPIOPinWrite
00009013   GrCircleDraw
00009a11   GrCircleFill
0000ab4d   GrContextClipRegionSet
0000b4df   GrContextFontSet
0000aa85   GrContextInit
0000a21f   GrDefaultStringRenderer
0000b15f   GrFontBaselineGet
0000b329   GrFontCodepageGet
0000b2e5   GrFontGlyphDataGet
00008dad   GrFontGlyphRender
0000b189   GrFontHeightGet
0000b231   GrFontInfoGet
0000b48f   GrImageDraw
00009da1   GrLineDraw
0000aea9   GrLineDrawH
0000aeef   GrLineDrawV
0000b4d1   GrMapISO8859_1_Unicode
0000aa1d   GrRectDraw
0000a839   GrRectFill
0000a8bf   GrRectIntersectGet
0000b039   GrRectOverlapCheck
0000b409   GrStringDraw
0000b1b3   GrStringNextCharGet
0000a9b3   GrStringWidthGet
0000abb1   IntEnable
00007889   Kentec320x240x16_SSD2119Init
000076ef   LED_OFF
000076d5   LED_ON
00007315   OnButtonPress
000071fb   OnCanvasPaint
00007299   OnCheckChange
00006d89   OnIntroPaint
00006c5f   OnNext
00006b55   OnPrevious
00006fad   OnPrimitivePaint
00007469   OnRadioChange
000073b5   OnSliderChange
0000b27b   RadioButtonMsgProc
0000b307   RectangularButtonMsgProc
0000b4b9   ResetISR
UNDEFED    SHT$$INIT_ARRAY$$Base
UNDEFED    SHT$$INIT_ARRAY$$Limit
0000b109   SliderMsgProc
0000a2e9   SysCtlClockGet
00009c9d   SysCtlClockSet
0000b4e5   SysCtlDelay
0000b0a9   SysCtlPeripheralEnable
0000b209   TimerConfigure
0000b365   TimerControlTrigger
0000b49d   TimerEnable
0000b41b   TimerLoadSet
00008455   TouchScreenCallbackSet
00008389   TouchScreenInit
00008253   TouchScreenIntHandler
0000b29f   WidgetAdd
0000b4f7   WidgetDefaultMsgProc
00009ea1   WidgetMessageQueueAdd
0000aae9   WidgetMessageQueueProcess
0000a521   WidgetMessageSendPostOrder
0000ad23   WidgetMessageSendPreOrder
0000b3bd   WidgetMutexGet
0000b4eb   WidgetMutexPut
0000b349   WidgetPointerMessage
0000adc9   WidgetRemove
200010d8   WriteCommand
200010d4   WriteData
20001d9c   __STACK_END
00000400   __STACK_SIZE
20001d9c   __STACK_TOP
0000c0c0   __TI_CINIT_Base
0000c0d0   __TI_CINIT_Limit
0000c0ac   __TI_Handler_Table_Base
0000c0b8   __TI_Handler_Table_Limit
00000001   __TI_args_main
0000a719   __TI_auto_init
200010e4   __TI_cleanup_ptr
0000b4ab   __TI_decompress_none
0000b4f1   __TI_decompress_rle24
200010e8   __TI_dtors_ptr
00000000   __TI_static_base__
0000b42d   __TI_zero_init
0000a67d   __aeabi_memcpy
0000a67d   __aeabi_memcpy4
0000a67d   __aeabi_memcpy8
0000afbd   __aeabi_uidivmod
ffffffff   __binit__
ffffffff   __c_args__
2000199c   __stack
0000b37d   _args_main
0000ae61   _c_int00
200010dc   _lock
0000b3df   _nop
0000b3d7   _register_lock
0000b3d1   _register_unlock
200010e0   _unlock
0000af7d   abort
ffffffff   binit
0000af35   copy_in
0000af85   exit
00005e00   g_lTouchParameters
200010b0   g_pcPanelNames
00000000   g_pfnVectors
20001988   g_plParmSet
20000a08   g_psCheckBoxIndicators
20000ac8   g_psCheckBoxes
00005ec0   g_psDefaultCodePointMapTable
200004a8   g_psPanels
20000000   g_psPushButtonIndicators
200006a8   g_psPushButtons
20000888   g_psRadioButtonIndicators
20000b88   g_psRadioButtons1
20000c48   g_psRadioButtons2
20000d08   g_psRadioContainers
20000280   g_psSliders
000050fc   g_pucBlue50x50
0000530c   g_pucBlue50x50Press
0000385e   g_pucGettingHotter28x148
00004b1f   g_pucGettingHotter28x148Mono
00003038   g_pucGreenSlider195x37
00005696   g_pucLightOff
0000578b   g_pucLightOn
00004ecc   g_pucLogo
000027fa   g_pucRedSlider195x37
20000e18   g_sCanvas1
20000e58   g_sCanvas2
20000e98   g_sCanvas3
20000fd8   g_sContainer1
20001010   g_sContainer2
20001048   g_sContainer3
00005874   g_sFontCm12
0000593c   g_sFontCm14
00005a04   g_sFontCm18
00005acc   g_sFontCm20
00005b94   g_sFontCm22
00005c5c   g_sFontCm24
20000ed8   g_sIntroduction
00005e68   g_sKentec320x240x16_SSD2119
20000d78   g_sNext
20000dc8   g_sPrevious
20000f18   g_sPrimitives
20001080   g_sRoot
20000f58   g_sSliderValueCanvas
20000f98   g_sTitle
200010f0   g_sTouchMin
20001998   g_sTouchX
2000199a   g_sTouchY
2000198c   g_ulButtonState
20001990   g_ulPanel
00007525   main
200010ec   main_func_sp
0000a67d   memcpy
20001400   sDMAControlTable
0000b4c5   uDMAControlBaseSet
0000b471   uDMAEnable
000063b5   ulocaltime
000065b3   umktime
00006b2d   urand
00006385   usnprintf
00006353   usprintf
00006b1d   usrand
00006a95   ustrcasecmp
00006b09   ustrcmp
00006999   ustrlen
000069f1   ustrncasecmp
00006aa9   ustrncmp
00005ed1   ustrncpy
000069bb   ustrstr
00006761   ustrtof
00006629   ustrtoul
00005f29   uvsnprintf


GLOBAL SYMBOLS: SORTED BY Symbol Address 

address    name
--------   ----
00000000   __TI_static_base__
00000000   g_pfnVectors
00000001   __TI_args_main
00000400   __STACK_SIZE
000027fa   g_pucRedSlider195x37
00003038   g_pucGreenSlider195x37
0000385e   g_pucGettingHotter28x148
00004b1f   g_pucGettingHotter28x148Mono
00004ecc   g_pucLogo
000050fc   g_pucBlue50x50
0000530c   g_pucBlue50x50Press
00005696   g_pucLightOff
0000578b   g_pucLightOn
00005874   g_sFontCm12
0000593c   g_sFontCm14
00005a04   g_sFontCm18
00005acc   g_sFontCm20
00005b94   g_sFontCm22
00005c5c   g_sFontCm24
00005e00   g_lTouchParameters
00005e68   g_sKentec320x240x16_SSD2119
00005ec0   g_psDefaultCodePointMapTable
00005ed1   ustrncpy
00005f29   uvsnprintf
00006353   usprintf
00006385   usnprintf
000063b5   ulocaltime
000065b3   umktime
00006629   ustrtoul
00006761   ustrtof
00006999   ustrlen
000069bb   ustrstr
000069f1   ustrncasecmp
00006a95   ustrcasecmp
00006aa9   ustrncmp
00006b09   ustrcmp
00006b1d   usrand
00006b2d   urand
00006b55   OnPrevious
00006c5f   OnNext
00006d89   OnIntroPaint
00006fad   OnPrimitivePaint
000071fb   OnCanvasPaint
00007299   OnCheckChange
00007315   OnButtonPress
000073b5   OnSliderChange
00007469   OnRadioChange
00007525   main
000076d5   LED_ON
000076ef   LED_OFF
00007889   Kentec320x240x16_SSD2119Init
00008253   TouchScreenIntHandler
00008389   TouchScreenInit
00008455   TouchScreenCallbackSet
00008dad   GrFontGlyphRender
00009013   GrCircleDraw
00009a11   GrCircleFill
00009c9d   SysCtlClockSet
00009da1   GrLineDraw
00009ea1   WidgetMessageQueueAdd
0000a21f   GrDefaultStringRenderer
0000a2e9   SysCtlClockGet
0000a469   GPIOPadConfigSet
0000a521   WidgetMessageSendPostOrder
0000a67d   __aeabi_memcpy
0000a67d   __aeabi_memcpy4
0000a67d   __aeabi_memcpy8
0000a67d   memcpy
0000a719   __TI_auto_init
0000a839   GrRectFill
0000a8bf   GrRectIntersectGet
0000a943   ADCSequenceStepConfigure
0000a9b3   GrStringWidthGet
0000aa1d   GrRectDraw
0000aa85   GrContextInit
0000aae9   WidgetMessageQueueProcess
0000ab4d   GrContextClipRegionSet
0000abb1   IntEnable
0000ad23   WidgetMessageSendPreOrder
0000adc9   WidgetRemove
0000ae61   _c_int00
0000aea9   GrLineDrawH
0000aeef   GrLineDrawV
0000af35   copy_in
0000af79   C$$EXIT
0000af7d   abort
0000af85   exit
0000afbd   __aeabi_uidivmod
0000b039   GrRectOverlapCheck
0000b0a9   SysCtlPeripheralEnable
0000b0dd   ADCSequenceConfigure
0000b109   SliderMsgProc
0000b135   GPIODirModeSet
0000b15f   GrFontBaselineGet
0000b189   GrFontHeightGet
0000b1b3   GrStringNextCharGet
0000b209   TimerConfigure
0000b231   GrFontInfoGet
0000b257   CheckBoxMsgProc
0000b27b   RadioButtonMsgProc
0000b29f   WidgetAdd
0000b2c3   CircularButtonMsgProc
0000b2e5   GrFontGlyphDataGet
0000b307   RectangularButtonMsgProc
0000b329   GrFontCodepageGet
0000b349   WidgetPointerMessage
0000b365   TimerControlTrigger
0000b37d   _args_main
0000b395   CanvasMsgProc
0000b3a9   ContainerMsgProc
0000b3bd   WidgetMutexGet
0000b3d1   _register_unlock
0000b3d7   _register_lock
0000b3df   _nop
0000b3e5   ADCHardwareOversampleConfigure
0000b3f7   GPIOPinTypeGPIOOutput
0000b409   GrStringDraw
0000b41b   TimerLoadSet
0000b42d   __TI_zero_init
0000b43f   ADCIntEnable
0000b451   FPUEnable
0000b461   FPULazyStackingEnable
0000b471   uDMAEnable
0000b481   ADCSequenceEnable
0000b48f   GrImageDraw
0000b49d   TimerEnable
0000b4ab   __TI_decompress_none
0000b4b9   ResetISR
0000b4c5   uDMAControlBaseSet
0000b4d1   GrMapISO8859_1_Unicode
0000b4d9   GPIOPinWrite
0000b4df   GrContextFontSet
0000b4e5   SysCtlDelay
0000b4eb   WidgetMutexPut
0000b4f1   __TI_decompress_rle24
0000b4f7   WidgetDefaultMsgProc
0000c0ac   __TI_Handler_Table_Base
0000c0b8   __TI_Handler_Table_Limit
0000c0c0   __TI_CINIT_Base
0000c0d0   __TI_CINIT_Limit
20000000   g_psPushButtonIndicators
20000280   g_psSliders
200004a8   g_psPanels
200006a8   g_psPushButtons
20000888   g_psRadioButtonIndicators
20000a08   g_psCheckBoxIndicators
20000ac8   g_psCheckBoxes
20000b88   g_psRadioButtons1
20000c48   g_psRadioButtons2
20000d08   g_psRadioContainers
20000d78   g_sNext
20000dc8   g_sPrevious
20000e18   g_sCanvas1
20000e58   g_sCanvas2
20000e98   g_sCanvas3
20000ed8   g_sIntroduction
20000f18   g_sPrimitives
20000f58   g_sSliderValueCanvas
20000f98   g_sTitle
20000fd8   g_sContainer1
20001010   g_sContainer2
20001048   g_sContainer3
20001080   g_sRoot
200010b0   g_pcPanelNames
200010d4   WriteData
200010d8   WriteCommand
200010dc   _lock
200010e0   _unlock
200010e4   __TI_cleanup_ptr
200010e8   __TI_dtors_ptr
200010ec   main_func_sp
200010f0   g_sTouchMin
20001400   sDMAControlTable
20001988   g_plParmSet
2000198c   g_ulButtonState
20001990   g_ulPanel
20001998   g_sTouchX
2000199a   g_sTouchY
2000199c   __stack
20001d9c   __STACK_END
20001d9c   __STACK_TOP
ffffffff   __binit__
ffffffff   __c_args__
ffffffff   binit
UNDEFED    SHT$$INIT_ARRAY$$Base
UNDEFED    SHT$$INIT_ARRAY$$Limit

[186 symbols]
