******************************************************************************
                  TI ARM Linker PC v16.9.1                     
******************************************************************************
>> Linked Sun Nov 12 22:09:01 2017

OUTPUT FILE NAME:   <TM4C123G LaunchPad Ultrasonic HC-SR04.out>
ENTRY POINT SYMBOL: "_c_int00"  address: 0000066d


MEMORY CONFIGURATION

         name            origin    length      used     unused   attr    fill
----------------------  --------  ---------  --------  --------  ----  --------
  FLASH                 00000000   00040000  00000848  0003f7b8  R  X
  SRAM                  20000000   00008000  00000234  00007dcc  RW X


SEGMENT ALLOCATION MAP

run origin  load origin   length   init length attrs members
----------  ----------- ---------- ----------- ----- -------
00000000    00000000    0000084c   0000084c    r-x
  00000000    00000000    0000026c   0000026c    r-- .intvecs
  0000026c    0000026c    000005a8   000005a8    r-x .text
  00000818    00000818    00000034   00000034    r-- .cinit
20000000    20000000    00000234   00000000    rw-
  20000000    20000000    00000200   00000000    rw- .stack
  20000200    20000200    00000034   00000000    rw- .data


SECTION ALLOCATION MAP

 output                                  attributes/
section   page    origin      length       input sections
--------  ----  ----------  ----------   ----------------
.intvecs   0    00000000    0000026c     
                  00000000    0000026c     tm4c123gh6pm_startup_ccs.obj (.intvecs)

.text      0    0000026c    000005a8     
                  0000026c    0000028c     main.obj (.text)
                  000004f8    0000009c     rtsv7M4_T_le_v4SPD16_eabi.lib : memcpy_t2.obj (.text)
                  00000594    00000070                                   : autoinit.obj (.text)
                  00000604    00000068                                   : copy_decompress_lzss.obj (.text:decompress:lzss)
                  0000066c    00000054                                   : boot.obj (.text)
                  000006c0    00000054                                   : exit.obj (.text)
                  00000714    00000054                                   : ltoa.obj (.text)
                  00000768    0000004c                                   : cpy_tbl.obj (.text)
                  000007b4    00000018                                   : args_main.obj (.text)
                  000007cc    00000014                                   : _lock.obj (.text)
                  000007e0    0000000e                                   : copy_decompress_none.obj (.text:decompress:none)
                  000007ee    0000000c     driverlib.lib : gpio.obj (.text:GPIOIntEnable)
                  000007fa    0000000c     tm4c123gh6pm_startup_ccs.obj (.text)
                  00000806    00000006     driverlib.lib : gpio.obj (.text:GPIOIntClear)
                  0000080c    00000004     rtsv7M4_T_le_v4SPD16_eabi.lib : pre_init.obj (.text)
                  00000810    00000002                                   : mpu_init.obj (.text)
                  00000812    00000002                                   : startup.obj (.text)

.cinit     0    00000818    00000034     
                  00000818    00000024     (.cinit..data.load) [load image, compression = lzss]
                  0000083c    00000008     (__TI_handler_table)
                  00000844    00000008     (__TI_cinit_table)

.init_array 
*          0    00000000    00000000     UNINITIALIZED

.stack     0    20000000    00000200     UNINITIALIZED
                  20000000    00000200     --HOLE--

.data      0    20000200    00000034     UNINITIALIZED
                  20000200    0000000d     main.obj (.data:ui8WelcomeText)
                  2000020d    00000003     --HOLE--
                  20000210    0000000c     rtsv7M4_T_le_v4SPD16_eabi.lib : exit.obj (.data:$O1$$)
                  2000021c    0000000c     main.obj (.data)
                  20000228    00000008     rtsv7M4_T_le_v4SPD16_eabi.lib : _lock.obj (.data:$O1$$)
                  20000230    00000004                                   : stkdepth_vars.obj (.data)

MODULE SUMMARY

       Module                         code   ro data   rw data
       ------                         ----   -------   -------
    .\
       main.obj                       652    0         25     
       tm4c123gh6pm_startup_ccs.obj   12     620       0      
    +--+------------------------------+------+---------+---------+
       Total:                         664    620       25     
                                                              
    C:/ti/TivaWare_C_Series-2.1.4.178/driverlib/ccs/Debug/driverlib.lib
       gpio.obj                       18     0         0      
    +--+------------------------------+------+---------+---------+
       Total:                         18     0         0      
                                                              
    C:\ti\ccsv7\tools\compiler\ti-cgt-arm_16.9.1.LTS\lib\rtsv7M4_T_le_v4SPD16_eabi.lib
       memcpy_t2.obj                  156    0         0      
       autoinit.obj                   112    0         0      
       copy_decompress_lzss.obj       104    0         0      
       exit.obj                       84     0         12     
       boot.obj                       84     0         0      
       ltoa.obj                       84     0         0      
       cpy_tbl.obj                    76     0         0      
       _lock.obj                      20     0         8      
       args_main.obj                  24     0         0      
       copy_decompress_none.obj       14     0         0      
       pre_init.obj                   4      0         0      
       stkdepth_vars.obj              0      0         4      
       mpu_init.obj                   2      0         0      
       startup.obj                    2      0         0      
    +--+------------------------------+------+---------+---------+
       Total:                         766    0         24     
                                                              
       Stack:                         0      0         512    
       Linker Generated:              0      52        0      
    +--+------------------------------+------+---------+---------+
       Grand Total:                   1448   672       561    


LINKER GENERATED COPY TABLES

__TI_cinit_table @ 00000844 records: 1, size/record: 8, table size: 8
	.data: load addr=00000818, load size=00000024 bytes, run addr=20000200, run size=00000034 bytes, compression=lzss


LINKER GENERATED HANDLER TABLE

__TI_handler_table @ 0000083c records: 2, size/record: 4, table size: 8
	index: 0, handler: __TI_decompress_lzss
	index: 1, handler: __TI_decompress_none


GLOBAL SYMBOLS: SORTED ALPHABETICALLY BY Name 

address   name                           
-------   ----                           
000006c1  C$$EXIT                        
00000807  GPIOIntClear                   
000007ef  GPIOIntEnable                  
0000041d  PortAIntHandler                
000007fb  ResetISR                       
UNDEFED   SHT$$INIT_ARRAY$$Base          
UNDEFED   SHT$$INIT_ARRAY$$Limit         
000003eb  Timer0IntHandler               
20000200  __STACK_END                    
00000200  __STACK_SIZE                   
20000200  __STACK_TOP                    
00000844  __TI_CINIT_Base                
0000084c  __TI_CINIT_Limit               
0000083c  __TI_Handler_Table_Base        
00000844  __TI_Handler_Table_Limit       
00000595  __TI_auto_init                 
20000210  __TI_cleanup_ptr               
00000605  __TI_decompress_lzss           
000007e1  __TI_decompress_none           
20000214  __TI_dtors_ptr                 
20000218  __TI_enable_exit_profile_output
ffffffff  __TI_pprof_out_hndl            
ffffffff  __TI_prof_data_size            
ffffffff  __TI_prof_data_start           
00000000  __TI_static_base__             
000004f9  __aeabi_memcpy                 
000004f9  __aeabi_memcpy4                
000004f9  __aeabi_memcpy8                
ffffffff  __binit__                      
ffffffff  __c_args__                     
00000811  __mpu_init                     
20000000  __stack                        
000007b5  _args_main                     
0000066d  _c_int00                       
20000228  _lock                          
000007db  _nop                           
000007d3  _register_lock                 
000007cd  _register_unlock               
00000813  _system_post_cinit             
0000080d  _system_pre_init               
2000022c  _unlock                        
000006c5  abort                          
ffffffff  binit                          
2000021c  boolTrigCondition              
00000769  copy_in                        
000006cd  exit                           
00000000  g_pfnVectors                   
00000715  ltoa                           
0000026d  main                           
20000230  main_func_sp                   
000004f9  memcpy                         
20000220  ui32EchoDuration               
20000224  ui32ObstacleDist               
20000200  ui8WelcomeText                 


GLOBAL SYMBOLS: SORTED BY Symbol Address 

address   name                           
-------   ----                           
00000000  __TI_static_base__             
00000000  g_pfnVectors                   
00000200  __STACK_SIZE                   
0000026d  main                           
000003eb  Timer0IntHandler               
0000041d  PortAIntHandler                
000004f9  __aeabi_memcpy                 
000004f9  __aeabi_memcpy4                
000004f9  __aeabi_memcpy8                
000004f9  memcpy                         
00000595  __TI_auto_init                 
00000605  __TI_decompress_lzss           
0000066d  _c_int00                       
000006c1  C$$EXIT                        
000006c5  abort                          
000006cd  exit                           
00000715  ltoa                           
00000769  copy_in                        
000007b5  _args_main                     
000007cd  _register_unlock               
000007d3  _register_lock                 
000007db  _nop                           
000007e1  __TI_decompress_none           
000007ef  GPIOIntEnable                  
000007fb  ResetISR                       
00000807  GPIOIntClear                   
0000080d  _system_pre_init               
00000811  __mpu_init                     
00000813  _system_post_cinit             
0000083c  __TI_Handler_Table_Base        
00000844  __TI_CINIT_Base                
00000844  __TI_Handler_Table_Limit       
0000084c  __TI_CINIT_Limit               
20000000  __stack                        
20000200  __STACK_END                    
20000200  __STACK_TOP                    
20000200  ui8WelcomeText                 
20000210  __TI_cleanup_ptr               
20000214  __TI_dtors_ptr                 
20000218  __TI_enable_exit_profile_output
2000021c  boolTrigCondition              
20000220  ui32EchoDuration               
20000224  ui32ObstacleDist               
20000228  _lock                          
2000022c  _unlock                        
20000230  main_func_sp                   
ffffffff  __TI_pprof_out_hndl            
ffffffff  __TI_prof_data_size            
ffffffff  __TI_prof_data_start           
ffffffff  __binit__                      
ffffffff  __c_args__                     
ffffffff  binit                          
UNDEFED   SHT$$INIT_ARRAY$$Base          
UNDEFED   SHT$$INIT_ARRAY$$Limit         

[54 symbols]
